 1s chb01 fold 0: F1=0.883 (6s)
 1s chb01 fold 1: F1=0.786 (3s)
 1s chb01 fold 2: F1=0.823 (3s)
 1s chb01 fold 3: F1=0.961 (3s)
 1s chb01 fold 4: F1=0.852 (3s)
 1s chb02 fold 0: F1=0.820 (1s)
 1s chb02 fold 1: F1=0.795 (1s)
 1s chb02 fold 2: F1=0.552 (2s)
 1s chb03 fold 0: F1=0.938 (3s)
 1s chb03 fold 1: F1=0.978 (2s)
 1s chb03 fold 2: F1=0.869 (2s)
 1s chb03 fold 3: F1=0.930 (2s)
 1s chb03 fold 4: F1=0.843 (2s)
 1s chb04 fold 0: F1=0.334 (3s)
 1s chb04 fold 1: F1=0.845 (3s)
 1s chb04 fold 2: F1=0.208 (2s)
 1s chb05 fold 0: F1=0.816 (4s)
 1s chb05 fold 1: F1=0.894 (4s)
 1s chb05 fold 2: F1=0.918 (4s)
 1s chb05 fold 3: F1=0.891 (5s)
 1s chb05 fold 4: F1=0.731 (5s)
 1s chb06 fold 0: F1=0.857 (1s)
 1s chb06 fold 1: F1=0.750 (2s)
 1s chb06 fold 2: F1=0.824 (3s)
 1s chb06 fold 3: F1=0.278 (1s)
 1s chb06 fold 4: F1=0.714 (2s)
 1s chb07 fold 0: F1=0.810 (2s)
 1s chb07 fold 1: F1=0.852 (2s)
 1s chb07 fold 2: F1=0.700 (2s)
 1s chb08 fold 0: F1=0.782 (11s)
 1s chb08 fold 1: F1=0.562 (5s)
 1s chb08 fold 2: F1=0.888 (6s)
 1s chb08 fold 3: F1=0.855 (6s)
 1s chb08 fold 4: F1=0.716 (5s)
 1s chb09 fold 0: F1=0.781 (3s)
 1s chb09 fold 1: F1=0.746 (1s)
 1s chb09 fold 2: F1=0.730 (2s)
 1s chb10 fold 0: F1=0.767 (2s)
 1s chb10 fold 1: F1=0.841 (2s)
 1s chb10 fold 2: F1=0.904 (3s)
 1s chb10 fold 3: F1=0.884 (4s)
 1s chb10 fold 4: F1=0.693 (2s)
 1s chb11 fold 0: F1=0.884 (4s)
 1s chb11 fold 1: F1=0.847 (4s)
 1s chb11 fold 2: F1=0.712 (2s)
 1s chb12 fold 0: F1=0.738 (9s)
 1s chb12 fold 1: F1=0.861 (7s)
 1s chb12 fold 2: F1=0.678 (10s)
 1s chb12 fold 3: F1=0.667 (5s)
 1s chb12 fold 4: F1=0.771 (11s)
 1s chb13 fold 0: F1=0.869 (3s)
 1s chb13 fold 1: F1=0.608 (5s)
 1s chb13 fold 2: F1=0.574 (2s)
 1s chb13 fold 3: F1=0.854 (2s)
 1s chb13 fold 4: F1=0.679 (3s)
 1s chb14 fold 0: F1=0.698 (1s)
 1s chb14 fold 1: F1=0.655 (1s)
 1s chb14 fold 2: F1=0.737 (1s)
 1s chb14 fold 3: F1=0.708 (1s)
 1s chb14 fold 4: F1=0.500 (1s)
 1s chb15 fold 0: F1=0.942 (17s)
 1s chb15 fold 1: F1=0.906 (15s)
 1s chb15 fold 2: F1=0.886 (11s)
 1s chb15 fold 3: F1=0.864 (21s)
 1s chb15 fold 4: F1=0.893 (16s)
 1s chb16 fold 0: F1=0.588 (1s)
 1s chb16 fold 1: F1=0.545 (1s)
 1s chb16 fold 2: F1=0.219 (1s)
 1s chb16 fold 3: F1=0.462 (1s)
 1s chb16 fold 4: F1=0.311 (0s)
 1s chb17 fold 0: F1=0.819 (2s)
 1s chb17 fold 1: F1=0.865 (2s)
 1s chb17 fold 2: F1=0.739 (1s)
 1s chb18 fold 0: F1=0.364 (3s)
 1s chb18 fold 1: F1=0.535 (2s)
 1s chb18 fold 2: F1=0.862 (3s)
 1s chb18 fold 3: F1=0.900 (3s)
 1s chb18 fold 4: F1=0.856 (1s)
 1s chb19 fold 0: F1=0.689 (2s)
 1s chb19 fold 1: F1=0.826 (2s)
 1s chb19 fold 2: F1=0.814 (2s)
 1s chb20 fold 0: F1=0.866 (2s)
 1s chb20 fold 1: F1=0.901 (2s)
 1s chb20 fold 2: F1=0.903 (2s)
 1s chb20 fold 3: F1=0.887 (2s)
 1s chb20 fold 4: F1=0.721 (2s)
 1s chb21 fold 0: F1=0.767 (2s)
 1s chb21 fold 1: F1=0.866 (2s)
 1s chb21 fold 2: F1=0.756 (1s)
 1s chb21 fold 3: F1=0.774 (2s)
 1s chb22 fold 0: F1=0.913 (2s)
 1s chb22 fold 1: F1=0.873 (1s)
 1s chb22 fold 2: F1=0.836 (1s)
 1s chb23 fold 0: F1=0.862 (2s)
 1s chb23 fold 1: F1=0.929 (3s)
 1s chb23 fold 2: F1=0.855 (2s)
 1s chb24 fold 0: F1=0.826 (3s)
 1s chb24 fold 1: F1=0.640 (2s)
 1s chb24 fold 2: F1=0.776 (4s)
 1s chb24 fold 3: F1=0.780 (5s)
 1s chb24 fold 4: F1=0.680 (4s)
 3s chb01 fold 0: F1=0.960 (5s)
 3s chb01 fold 1: F1=0.785 (2s)
 3s chb01 fold 2: F1=0.955 (2s)
 3s chb01 fold 3: F1=0.915 (5s)
 3s chb01 fold 4: F1=0.961 (3s)
 3s chb02 fold 0: F1=0.875 (1s)
 3s chb02 fold 1: F1=0.703 (1s)
 3s chb02 fold 2: F1=1.000 (2s)
 3s chb03 fold 0: F1=0.955 (2s)
 3s chb03 fold 1: F1=1.000 (2s)
 3s chb03 fold 2: F1=0.930 (3s)
 3s chb03 fold 3: F1=0.886 (2s)
 3s chb03 fold 4: F1=0.970 (3s)
 3s chb04 fold 0: F1=0.360 (2s)
 3s chb04 fold 1: F1=0.729 (1s)
 3s chb04 fold 2: F1=0.228 (1s)
 3s chb05 fold 0: F1=0.947 (3s)
 3s chb05 fold 1: F1=0.972 (3s)
 3s chb05 fold 2: F1=0.903 (5s)
 3s chb05 fold 3: F1=0.864 (2s)
 3s chb05 fold 4: F1=0.822 (2s)
 3s chb06 fold 0: F1=0.889 (1s)
 3s chb06 fold 1: F1=0.800 (2s)
 3s chb06 fold 2: F1=0.633 (1s)
 3s chb06 fold 3: F1=0.314 (1s)
 3s chb06 fold 4: F1=0.875 (1s)
 3s chb07 fold 0: F1=0.918 (2s)
 3s chb07 fold 1: F1=0.806 (1s)
 3s chb07 fold 2: F1=0.543 (2s)
 3s chb08 fold 0: F1=0.757 (3s)
 3s chb08 fold 1: F1=0.642 (4s)
 3s chb08 fold 2: F1=0.863 (3s)
 3s chb08 fold 3: F1=0.810 (5s)
 3s chb08 fold 4: F1=0.768 (2s)
 3s chb09 fold 0: F1=0.878 (2s)
 3s chb09 fold 1: F1=0.787 (1s)
 3s chb09 fold 2: F1=0.739 (1s)
 3s chb10 fold 0: F1=0.906 (5s)
 3s chb10 fold 1: F1=0.833 (2s)
 3s chb10 fold 2: F1=0.582 (1s)
 3s chb10 fold 3: F1=0.929 (1s)
 3s chb10 fold 4: F1=0.976 (2s)
 3s chb11 fold 0: F1=0.923 (3s)
 3s chb11 fold 1: F1=1.000 (2s)
 3s chb11 fold 2: F1=0.738 (1s)
 3s chb12 fold 0: F1=0.776 (5s)
 3s chb12 fold 1: F1=0.769 (5s)
 3s chb12 fold 2: F1=0.860 (6s)
 3s chb12 fold 3: F1=0.743 (3s)
 3s chb12 fold 4: F1=0.796 (3s)
 3s chb13 fold 0: F1=0.929 (2s)
 3s chb13 fold 1: F1=0.581 (2s)
 3s chb13 fold 2: F1=0.637 (3s)
 3s chb13 fold 3: F1=0.863 (4s)
 3s chb13 fold 4: F1=0.708 (1s)
 3s chb14 fold 0: F1=0.700 (2s)
 3s chb14 fold 1: F1=0.857 (1s)
 3s chb14 fold 2: F1=0.842 (1s)
 3s chb14 fold 3: F1=0.545 (1s)
 3s chb14 fold 4: F1=0.857 (1s)
 3s chb15 fold 0: F1=0.960 (9s)
 3s chb15 fold 1: F1=0.929 (7s)
 3s chb15 fold 2: F1=0.869 (7s)
 3s chb15 fold 3: F1=0.911 (9s)
 3s chb15 fold 4: F1=0.931 (8s)
 3s chb16 fold 0: F1=0.500 (0s)
 3s chb16 fold 1: F1=0.000 (0s)
 3s chb16 fold 2: F1=0.222 (1s)
 3s chb16 fold 3: F1=0.000 (1s)
 3s chb16 fold 4: F1=0.286 (0s)
 3s chb17 fold 0: F1=0.881 (3s)
 3s chb17 fold 1: F1=0.949 (1s)
 3s chb17 fold 2: F1=0.784 (2s)
 3s chb18 fold 0: F1=0.857 (2s)
 3s chb18 fold 1: F1=0.952 (2s)
 3s chb18 fold 2: F1=0.894 (1s)
 3s chb18 fold 3: F1=0.400 (2s)
 3s chb18 fold 4: F1=0.947 (2s)
 3s chb19 fold 0: F1=0.627 (1s)
 3s chb19 fold 1: F1=0.710 (1s)
 3s chb19 fold 2: F1=0.851 (1s)
 3s chb20 fold 0: F1=0.889 (2s)
 3s chb20 fold 1: F1=0.960 (2s)
 3s chb20 fold 2: F1=1.000 (1s)
 3s chb20 fold 3: F1=0.917 (1s)
 3s chb20 fold 4: F1=0.760 (1s)
 3s chb21 fold 0: F1=0.833 (1s)
 3s chb21 fold 1: F1=0.882 (1s)
 3s chb21 fold 2: F1=0.719 (1s)
 3s chb21 fold 3: F1=0.889 (1s)
 3s chb22 fold 0: F1=0.973 (1s)
 3s chb22 fold 1: F1=0.902 (2s)
 3s chb22 fold 2: F1=0.844 (2s)
 3s chb23 fold 0: F1=0.923 (1s)
 3s chb23 fold 1: F1=0.955 (2s)
 3s chb23 fold 2: F1=0.908 (2s)
 3s chb24 fold 0: F1=0.800 (1s)
 3s chb24 fold 1: F1=0.758 (2s)
 3s chb24 fold 2: F1=0.816 (2s)
 3s chb24 fold 3: F1=0.850 (2s)
 3s chb24 fold 4: F1=0.701 (2s)
 5s chb01 fold 0: F1=0.941 (3s)
 5s chb01 fold 1: F1=0.900 (2s)
 5s chb01 fold 2: F1=0.927 (4s)
 5s chb01 fold 3: F1=0.973 (2s)
 5s chb01 fold 4: F1=0.939 (2s)
 5s chb02 fold 0: F1=0.897 (1s)
 5s chb02 fold 1: F1=0.698 (1s)
 5s chb02 fold 2: F1=0.667 (1s)
 5s chb03 fold 0: F1=1.000 (3s)
 5s chb03 fold 1: F1=0.947 (3s)
 5s chb03 fold 2: F1=1.000 (2s)
 5s chb03 fold 3: F1=0.923 (2s)
 5s chb03 fold 4: F1=0.927 (3s)
 5s chb04 fold 0: F1=0.353 (2s)
 5s chb04 fold 1: F1=0.712 (1s)
 5s chb04 fold 2: F1=0.235 (1s)
 5s chb05 fold 0: F1=0.930 (3s)
 5s chb05 fold 1: F1=0.978 (3s)
 5s chb05 fold 2: F1=0.914 (3s)
 5s chb05 fold 3: F1=0.958 (4s)
 5s chb05 fold 4: F1=0.868 (2s)
 5s chb06 fold 0: F1=0.500 (1s)
 5s chb06 fold 1: F1=0.667 (1s)
 5s chb06 fold 2: F1=0.800 (1s)
 5s chb06 fold 3: F1=0.320 (1s)
 5s chb06 fold 4: F1=0.800 (1s)
 5s chb07 fold 0: F1=0.773 (3s)
 5s chb07 fold 1: F1=0.889 (1s)
 5s chb07 fold 2: F1=0.372 (1s)
 5s chb08 fold 0: F1=0.717 (2s)
 5s chb08 fold 1: F1=0.556 (5s)
 5s chb08 fold 2: F1=0.842 (2s)
 5s chb08 fold 3: F1=0.892 (3s)
 5s chb08 fold 4: F1=0.754 (2s)
 5s chb09 fold 0: F1=0.720 (2s)
 5s chb09 fold 1: F1=0.836 (1s)
 5s chb09 fold 2: F1=0.833 (2s)
 5s chb10 fold 0: F1=0.867 (4s)
 5s chb10 fold 1: F1=1.000 (2s)
 5s chb10 fold 2: F1=0.947 (2s)
 5s chb10 fold 3: F1=0.740 (2s)
 5s chb10 fold 4: F1=0.971 (3s)
 5s chb11 fold 0: F1=1.000 (5s)
 5s chb11 fold 1: F1=1.000 (4s)
 5s chb11 fold 2: F1=0.784 (1s)
 5s chb12 fold 0: F1=0.929 (6s)
 5s chb12 fold 1: F1=0.649 (3s)
 5s chb12 fold 2: F1=0.848 (3s)
 5s chb12 fold 3: F1=0.833 (4s)
 5s chb12 fold 4: F1=0.811 (5s)
 5s chb13 fold 0: F1=0.889 (3s)
 5s chb13 fold 1: F1=0.714 (2s)
 5s chb13 fold 2: F1=0.667 (1s)
 5s chb13 fold 3: F1=0.683 (2s)
 5s chb13 fold 4: F1=0.733 (4s)
 5s chb14 fold 0: F1=0.667 (1s)
 5s chb14 fold 1: F1=1.000 (1s)
 5s chb14 fold 2: F1=0.667 (1s)
 5s chb14 fold 3: F1=0.833 (1s)
 5s chb14 fold 4: F1=1.000 (1s)
 5s chb15 fold 0: F1=0.955 (13s)
 5s chb15 fold 1: F1=0.869 (5s)
 5s chb15 fold 2: F1=0.929 (11s)
 5s chb15 fold 3: F1=0.930 (9s)
 5s chb15 fold 4: F1=0.926 (9s)
 5s chb16 fold 0: F1=0.000 (0s)
 5s chb16 fold 1: F1=1.000 (1s)
 5s chb16 fold 2: F1=0.154 (0s)
 5s chb16 fold 3: F1=0.667 (0s)
 5s chb16 fold 4: F1=0.000 (0s)
 5s chb17 fold 0: F1=0.865 (2s)
 5s chb17 fold 1: F1=0.979 (1s)
 5s chb17 fold 2: F1=0.875 (2s)
 5s chb18 fold 0: F1=0.818 (2s)
 5s chb18 fold 1: F1=0.957 (1s)
 5s chb18 fold 2: F1=0.960 (1s)
 5s chb18 fold 3: F1=0.500 (3s)
 5s chb18 fold 4: F1=0.978 (1s)
 5s chb19 fold 0: F1=0.786 (2s)
 5s chb19 fold 1: F1=0.848 (1s)
 5s chb19 fold 2: F1=0.786 (2s)
 5s chb20 fold 0: F1=0.867 (1s)
 5s chb20 fold 1: F1=1.000 (3s)
 5s chb20 fold 2: F1=0.800 (1s)
 5s chb20 fold 3: F1=0.923 (1s)
 5s chb20 fold 4: F1=0.444 (2s)
 5s chb21 fold 0: F1=0.917 (2s)
 5s chb21 fold 1: F1=0.947 (2s)
 5s chb21 fold 2: F1=0.788 (1s)
 5s chb21 fold 3: F1=1.000 (2s)
 5s chb22 fold 0: F1=0.917 (2s)
 5s chb22 fold 1: F1=0.963 (1s)
 5s chb22 fold 2: F1=0.857 (1s)
 5s chb23 fold 0: F1=0.808 (2s)
 5s chb23 fold 1: F1=0.929 (3s)
 5s chb23 fold 2: F1=0.899 (1s)
 5s chb24 fold 0: F1=0.963 (2s)
 5s chb24 fold 1: F1=0.710 (2s)
 5s chb24 fold 2: F1=0.923 (2s)
 5s chb24 fold 3: F1=0.737 (1s)
 5s chb24 fold 4: F1=0.711 (2s)
 8s chb01 fold 0: F1=1.000 (2s)
 8s chb01 fold 1: F1=0.917 (3s)
 8s chb01 fold 2: F1=1.000 (3s)
 8s chb01 fold 3: F1=0.952 (3s)
 8s chb01 fold 4: F1=1.000 (2s)
 8s chb02 fold 0: F1=0.571 (1s)
 8s chb02 fold 1: F1=0.621 (1s)
 8s chb02 fold 2: F1=1.000 (2s)
 8s chb03 fold 0: F1=1.000 (3s)
 8s chb03 fold 1: F1=0.941 (3s)
 8s chb03 fold 2: F1=1.000 (2s)
 8s chb03 fold 3: F1=1.000 (3s)
 8s chb03 fold 4: F1=0.880 (1s)
 8s chb04 fold 0: F1=0.387 (1s)
 8s chb04 fold 1: F1=0.889 (2s)
 8s chb04 fold 2: F1=0.194 (2s)
 8s chb05 fold 0: F1=1.000 (4s)
 8s chb05 fold 1: F1=1.000 (4s)
 8s chb05 fold 2: F1=0.957 (4s)
 8s chb05 fold 3: F1=0.867 (4s)
 8s chb05 fold 4: F1=0.737 (3s)
 8s chb06 fold 0: F1=0.667 (1s)
 8s chb06 fold 1: F1=1.000 (1s)
 8s chb06 fold 2: F1=0.800 (1s)
 8s chb06 fold 3: F1=0.333 (1s)
 8s chb06 fold 4: F1=1.000 (1s)
 8s chb07 fold 0: F1=0.690 (2s)
 8s chb07 fold 1: F1=0.846 (2s)
 8s chb07 fold 2: F1=0.667 (2s)
 8s chb08 fold 0: F1=0.784 (4s)
 8s chb08 fold 1: F1=0.600 (2s)
 8s chb08 fold 2: F1=0.938 (7s)
 8s chb08 fold 3: F1=0.844 (3s)
 8s chb08 fold 4: F1=0.729 (2s)
 8s chb09 fold 0: F1=0.933 (1s)
 8s chb09 fold 1: F1=0.839 (2s)
 8s chb09 fold 2: F1=0.923 (1s)
 8s chb10 fold 0: F1=0.842 (2s)
 8s chb10 fold 1: F1=1.000 (3s)
 8s chb10 fold 2: F1=0.850 (3s)
 8s chb10 fold 3: F1=1.000 (2s)
 8s chb10 fold 4: F1=0.952 (2s)
 8s chb11 fold 0: F1=1.000 (5s)
 8s chb11 fold 1: F1=1.000 (3s)
 8s chb11 fold 2: F1=0.697 (1s)
 8s chb12 fold 0: F1=0.857 (7s)
 8s chb12 fold 1: F1=0.895 (5s)
 8s chb12 fold 2: F1=0.667 (4s)
 8s chb12 fold 3: F1=0.810 (7s)
 8s chb12 fold 4: F1=0.578 (2s)
 8s chb13 fold 0: F1=0.909 (2s)
 8s chb13 fold 1: F1=0.727 (1s)
 8s chb13 fold 2: F1=0.667 (2s)
 8s chb13 fold 3: F1=0.783 (2s)
 8s chb13 fold 4: F1=0.667 (3s)
 8s chb14 fold 0: F1=0.750 (1s)
 8s chb14 fold 1: F1=1.000 (1s)
 8s chb14 fold 2: F1=1.000 (0s)
 8s chb14 fold 3: F1=0.889 (1s)
 8s chb14 fold 4: F1=1.000 (2s)
 8s chb15 fold 0: F1=1.000 (8s)
 8s chb15 fold 1: F1=0.926 (5s)
 8s chb15 fold 2: F1=0.915 (10s)
 8s chb15 fold 3: F1=0.971 (13s)
 8s chb15 fold 4: F1=0.940 (12s)
 8s chb16 fold 0: F1=0.000 (0s)
 8s chb16 fold 1: F1=1.000 (1s)
 8s chb16 fold 2: F1=0.000 (1s)
 8s chb16 fold 3: F1=0.000 (0s)
 8s chb17 fold 0: F1=0.833 (2s)
 8s chb17 fold 1: F1=1.000 (2s)
 8s chb17 fold 2: F1=0.800 (2s)
 8s chb18 fold 0: F1=0.500 (3s)
 8s chb18 fold 1: F1=0.588 (1s)
 8s chb18 fold 2: F1=1.000 (2s)
 8s chb18 fold 3: F1=0.875 (2s)
 8s chb18 fold 4: F1=0.903 (1s)
 8s chb19 fold 0: F1=0.889 (1s)
 8s chb19 fold 1: F1=0.762 (1s)
 8s chb19 fold 2: F1=0.667 (1s)
 8s chb20 fold 0: F1=0.889 (1s)
 8s chb20 fold 1: F1=0.857 (2s)
 8s chb20 fold 2: F1=0.667 (1s)
 8s chb20 fold 3: F1=1.000 (1s)
 8s chb20 fold 4: F1=0.400 (2s)
 8s chb21 fold 0: F1=0.769 (1s)
 8s chb21 fold 1: F1=1.000 (1s)
 8s chb21 fold 2: F1=0.833 (1s)
 8s chb21 fold 3: F1=1.000 (2s)
 8s chb22 fold 0: F1=1.000 (1s)
 8s chb22 fold 1: F1=1.000 (2s)
 8s chb22 fold 2: F1=0.875 (2s)
 8s chb23 fold 0: F1=0.933 (3s)
 8s chb23 fold 1: F1=1.000 (3s)
 8s chb23 fold 2: F1=0.906 (2s)
 8s chb24 fold 0: F1=0.917 (1s)
 8s chb24 fold 1: F1=0.933 (2s)
 8s chb24 fold 2: F1=1.000 (2s)
 8s chb24 fold 3: F1=0.867 (2s)
 8s chb24 fold 4: F1=0.692 (3s)
10s chb01 fold 0: F1=1.000 (3s)
10s chb01 fold 1: F1=0.952 (3s)
10s chb01 fold 2: F1=1.000 (3s)
10s chb01 fold 3: F1=0.941 (2s)
10s chb01 fold 4: F1=0.957 (2s)
10s chb02 fold 0: F1=0.000 (0s)
10s chb02 fold 1: F1=0.364 (1s)
10s chb03 fold 0: F1=1.000 (2s)
10s chb03 fold 1: F1=1.000 (2s)
10s chb03 fold 2: F1=0.900 (2s)
10s chb03 fold 3: F1=0.909 (1s)
10s chb03 fold 4: F1=0.909 (2s)
10s chb04 fold 0: F1=0.348 (2s)
10s chb04 fold 1: F1=0.800 (1s)
10s chb04 fold 2: F1=0.174 (2s)
10s chb05 fold 0: F1=0.952 (3s)
10s chb05 fold 1: F1=1.000 (2s)
10s chb05 fold 2: F1=0.875 (3s)
10s chb05 fold 3: F1=0.833 (2s)
10s chb05 fold 4: F1=0.880 (3s)
10s chb06 fold 0: F1=1.000 (1s)
10s chb06 fold 1: F1=1.000 (1s)
10s chb06 fold 2: F1=0.857 (1s)
10s chb06 fold 3: F1=0.421 (1s)
10s chb06 fold 4: F1=1.000 (1s)
10s chb07 fold 0: F1=0.667 (1s)
10s chb07 fold 1: F1=0.824 (1s)
10s chb07 fold 2: F1=0.571 (1s)
10s chb08 fold 0: F1=0.780 (2s)
10s chb08 fold 1: F1=0.591 (4s)
10s chb08 fold 2: F1=0.923 (3s)
10s chb08 fold 3: F1=0.889 (4s)
10s chb08 fold 4: F1=0.793 (2s)
10s chb09 fold 0: F1=0.769 (1s)
10s chb09 fold 1: F1=0.526 (1s)
10s chb09 fold 2: F1=0.769 (2s)
10s chb10 fold 0: F1=1.000 (2s)
10s chb10 fold 1: F1=0.889 (3s)
10s chb10 fold 2: F1=1.000 (1s)
10s chb10 fold 3: F1=0.897 (2s)
10s chb10 fold 4: F1=1.000 (2s)
10s chb11 fold 0: F1=1.000 (2s)
10s chb11 fold 1: F1=1.000 (4s)
10s chb11 fold 2: F1=0.699 (1s)
10s chb12 fold 0: F1=0.703 (3s)
10s chb12 fold 1: F1=0.857 (5s)
10s chb12 fold 2: F1=0.582 (4s)
10s chb12 fold 3: F1=0.846 (4s)
10s chb12 fold 4: F1=0.909 (5s)
10s chb13 fold 0: F1=1.000 (1s)
10s chb13 fold 1: F1=0.571 (2s)
10s chb13 fold 2: F1=0.733 (1s)
10s chb13 fold 3: F1=0.875 (3s)
10s chb13 fold 4: F1=0.800 (1s)
10s chb14 fold 0: F1=0.667 (1s)
10s chb14 fold 1: F1=0.667 (1s)
10s chb14 fold 2: F1=1.000 (1s)
10s chb14 fold 3: F1=1.000 (1s)
10s chb14 fold 4: F1=1.000 (1s)
10s chb15 fold 0: F1=0.952 (10s)
10s chb15 fold 1: F1=0.956 (9s)
10s chb15 fold 2: F1=0.950 (6s)
10s chb15 fold 3: F1=0.964 (8s)
10s chb15 fold 4: F1=0.892 (9s)
10s chb17 fold 0: F1=0.941 (2s)
10s chb17 fold 1: F1=1.000 (2s)
10s chb17 fold 2: F1=0.667 (2s)
10s chb18 fold 0: F1=0.500 (2s)
10s chb18 fold 1: F1=0.727 (2s)
10s chb18 fold 2: F1=0.909 (2s)
10s chb18 fold 3: F1=0.667 (2s)
10s chb18 fold 4: F1=0.957 (1s)
10s chb19 fold 0: F1=0.769 (2s)
10s chb19 fold 1: F1=0.933 (1s)
10s chb19 fold 2: F1=0.750 (1s)
10s chb20 fold 0: F1=0.923 (1s)
10s chb20 fold 1: F1=1.000 (1s)
10s chb20 fold 2: F1=0.833 (1s)
10s chb20 fold 3: F1=1.000 (2s)
10s chb20 fold 4: F1=0.500 (2s)
10s chb21 fold 0: F1=1.000 (1s)
10s chb21 fold 1: F1=0.714 (1s)
10s chb21 fold 2: F1=0.857 (1s)
10s chb21 fold 3: F1=1.000 (2s)
10s chb22 fold 0: F1=1.000 (2s)
10s chb22 fold 1: F1=0.923 (1s)
10s chb22 fold 2: F1=0.833 (1s)
10s chb23 fold 0: F1=0.957 (2s)
10s chb23 fold 1: F1=1.000 (1s)
10s chb23 fold 2: F1=0.917 (2s)
10s chb24 fold 0: F1=0.875 (2s)
10s chb24 fold 1: F1=0.909 (2s)
10s chb24 fold 2: F1=1.000 (1s)
10s chb24 fold 3: F1=0.857 (2s)
10s chb24 fold 4: F1=0.643 (1s)

# Experiment A: Grouped kernel results

`SpatialNet(spatial="grouped")`, recording CV (5 folds), patients chb01, chb02, chb03, chb04, chb05, chb06, chb07, chb08, chb09, chb10, chb11, chb12, chb13, chb14, chb15, chb16, chb17, chb18, chb19, chb20, chb21, chb22, chb23, chb24. See `experiments/experiment_a.md`.

Cells are F1 mean ± variance. Per-fold rows with all metrics: `a_grouped_all_folds.csv`.

## Mean over patients

**All patients (mean of the per-patient fold means ± variance across patients)**

| Window | grouped |
|---|---|
| 1 s | 0.762 ± 0.014 |
| 3 s | 0.792 ± 0.027 |
| 5 s | 0.801 ± 0.023 |
| 8 s | 0.816 ± 0.027 |
| 10 s | 0.810 ± 0.033 |

## Per patient

**Mean ± variance over folds**

| Patient | 1 s | 3 s | 5 s | 8 s | 10 s |
|---|---|---|---|---|---|
| chb01 | 0.861 ± 0.004 | 0.915 ± 0.006 | 0.936 ± 0.001 | 0.974 ± 0.001 | 0.970 ± 0.001 |
| chb02 | 0.722 ± 0.022 | 0.859 ± 0.022 | 0.754 ± 0.016 | 0.731 ± 0.055 | 0.182 ± 0.066 |
| chb03 | 0.911 ± 0.003 | 0.948 ± 0.002 | 0.959 ± 0.001 | 0.964 ± 0.003 | 0.944 ± 0.003 |
| chb04 | 0.462 ± 0.114 | 0.439 ± 0.068 | 0.433 ± 0.062 | 0.490 ± 0.129 | 0.441 ± 0.104 |
| chb05 | 0.850 ± 0.006 | 0.902 ± 0.004 | 0.930 ± 0.002 | 0.912 ± 0.013 | 0.908 ± 0.004 |
| chb06 | 0.685 ± 0.055 | 0.702 ± 0.057 | 0.617 ± 0.043 | 0.760 ± 0.077 | 0.856 ± 0.063 |
| chb07 | 0.787 ± 0.006 | 0.756 ± 0.037 | 0.678 ± 0.074 | 0.734 ± 0.010 | 0.687 ± 0.016 |
| chb08 | 0.761 ± 0.017 | 0.768 ± 0.007 | 0.752 ± 0.017 | 0.779 ± 0.016 | 0.795 ± 0.017 |
| chb09 | 0.752 ± 0.001 | 0.801 ± 0.005 | 0.796 ± 0.004 | 0.898 ± 0.003 | 0.688 ± 0.020 |
| chb10 | 0.818 ± 0.008 | 0.845 ± 0.024 | 0.905 ± 0.011 | 0.929 ± 0.006 | 0.957 ± 0.003 |
| chb11 | 0.814 ± 0.008 | 0.887 ± 0.018 | 0.928 ± 0.016 | 0.899 ± 0.031 | 0.900 ± 0.030 |
| chb12 | 0.743 ± 0.006 | 0.789 ± 0.002 | 0.814 ± 0.010 | 0.761 ± 0.018 | 0.779 ± 0.018 |
| chb13 | 0.716 ± 0.019 | 0.743 ± 0.022 | 0.737 ± 0.008 | 0.750 ± 0.010 | 0.796 ± 0.026 |
| chb14 | 0.660 ± 0.009 | 0.760 ± 0.019 | 0.833 ± 0.028 | 0.928 ± 0.012 | 0.867 ± 0.033 |
| chb15 | 0.898 ± 0.001 | 0.920 ± 0.001 | 0.922 ± 0.001 | 0.950 ± 0.001 | 0.943 ± 0.001 |
| chb16 | 0.425 ± 0.025 | 0.202 ± 0.044 | 0.364 ± 0.201 | 0.250 ± 0.250 | — |
| chb17 | 0.808 ± 0.004 | 0.871 ± 0.007 | 0.906 ± 0.004 | 0.878 ± 0.011 | 0.869 ± 0.032 |
| chb18 | 0.703 ± 0.058 | 0.810 ± 0.054 | 0.842 ± 0.041 | 0.773 ± 0.047 | 0.752 ± 0.034 |
| chb19 | 0.776 ± 0.006 | 0.729 ± 0.013 | 0.807 ± 0.001 | 0.772 ± 0.012 | 0.818 ± 0.010 |
| chb20 | 0.856 ± 0.006 | 0.905 ± 0.008 | 0.807 ± 0.046 | 0.763 ± 0.055 | 0.851 ± 0.043 |
| chb21 | 0.791 ± 0.003 | 0.831 ± 0.006 | 0.913 ± 0.008 | 0.901 ± 0.014 | 0.893 ± 0.019 |
| chb22 | 0.874 ± 0.002 | 0.906 ± 0.004 | 0.912 ± 0.003 | 0.958 ± 0.005 | 0.919 ± 0.007 |
| chb23 | 0.882 ± 0.002 | 0.929 ± 0.001 | 0.878 ± 0.004 | 0.946 ± 0.002 | 0.958 ± 0.002 |
| chb24 | 0.741 ± 0.006 | 0.785 ± 0.003 | 0.809 ± 0.015 | 0.882 ± 0.013 | 0.857 ± 0.017 |

