 1s chb01 h=1  fold 0: F1=0.911 (10s)
 1s chb01 h=1  fold 1: F1=0.936 (3s)
 1s chb01 h=1  fold 2: F1=0.789 (6s)
 1s chb01 h=1  fold 3: F1=0.966 (7s)
 1s chb01 h=1  fold 4: F1=0.901 (8s)
/home/gmarihuan/metapaper/datasets/recording_cv.py:87: UserWarning: Only 3 recordings; using leave-one-recording-out instead of 5-fold.
  warnings.warn(f"Only {n_rec} recordings; using leave-one-recording-out "
 1s chb02 h=1  fold 0: F1=0.909 (1s)
 1s chb02 h=1  fold 1: F1=0.942 (2s)
 1s chb02 h=1  fold 2: F1=0.941 (3s)
 1s chb03 h=1  fold 0: F1=0.954 (8s)
 1s chb03 h=1  fold 1: F1=0.902 (8s)
 1s chb03 h=1  fold 2: F1=0.948 (8s)
 1s chb03 h=1  fold 3: F1=0.954 (7s)
 1s chb03 h=1  fold 4: F1=0.929 (7s)
/home/gmarihuan/metapaper/datasets/recording_cv.py:87: UserWarning: Only 3 recordings; using leave-one-recording-out instead of 5-fold.
  warnings.warn(f"Only {n_rec} recordings; using leave-one-recording-out "
 1s chb04 h=1  fold 0: F1=0.951 (4s)
 1s chb04 h=1  fold 1: F1=0.698 (4s)
 1s chb04 h=1  fold 2: F1=0.906 (4s)
 1s chb05 h=1  fold 0: F1=0.991 (10s)
 1s chb05 h=1  fold 1: F1=0.913 (10s)
 1s chb05 h=1  fold 2: F1=0.957 (10s)
 1s chb05 h=1  fold 3: F1=0.908 (10s)
 1s chb05 h=1  fold 4: F1=0.734 (9s)
 1s chb06 h=1  fold 0: F1=0.382 (3s)
 1s chb06 h=1  fold 1: F1=0.812 (3s)
 1s chb06 h=1  fold 2: F1=0.395 (2s)
 1s chb06 h=1  fold 3: F1=0.531 (3s)
 1s chb06 h=1  fold 4: F1=0.536 (2s)
/home/gmarihuan/metapaper/datasets/recording_cv.py:87: UserWarning: Only 3 recordings; using leave-one-recording-out instead of 5-fold.
  warnings.warn(f"Only {n_rec} recordings; using leave-one-recording-out "
 1s chb07 h=1  fold 0: F1=0.937 (3s)
 1s chb07 h=1  fold 1: F1=0.930 (3s)
 1s chb07 h=1  fold 2: F1=0.800 (3s)
 1s chb08 h=1  fold 0: F1=0.883 (17s)
 1s chb08 h=1  fold 1: F1=0.664 (10s)
 1s chb08 h=1  fold 2: F1=0.883 (18s)
 1s chb08 h=1  fold 3: F1=0.883 (17s)
 1s chb08 h=1  fold 4: F1=0.783 (15s)
/home/gmarihuan/metapaper/datasets/recording_cv.py:87: UserWarning: Only 3 recordings; using leave-one-recording-out instead of 5-fold.
  warnings.warn(f"Only {n_rec} recordings; using leave-one-recording-out "
 1s chb09 h=1  fold 0: F1=0.912 (4s)
 1s chb09 h=1  fold 1: F1=0.952 (2s)
 1s chb09 h=1  fold 2: F1=0.876 (3s)
 1s chb10 h=1  fold 0: F1=0.809 (6s)
 1s chb10 h=1  fold 1: F1=0.814 (9s)
 1s chb10 h=1  fold 2: F1=0.985 (9s)
 1s chb10 h=1  fold 3: F1=0.818 (6s)
 1s chb10 h=1  fold 4: F1=0.887 (6s)
/home/gmarihuan/metapaper/datasets/recording_cv.py:87: UserWarning: Only 3 recordings; using leave-one-recording-out instead of 5-fold.
  warnings.warn(f"Only {n_rec} recordings; using leave-one-recording-out "
 1s chb11 h=1  fold 0: F1=0.930 (12s)
 1s chb11 h=1  fold 1: F1=0.935 (10s)
 1s chb11 h=1  fold 2: F1=0.882 (1s)
 1s chb12 h=1  fold 0: F1=0.822 (19s)
 1s chb12 h=1  fold 1: F1=0.775 (19s)
 1s chb12 h=1  fold 2: F1=0.610 (12s)
 1s chb12 h=1  fold 3: F1=0.658 (14s)
 1s chb12 h=1  fold 4: F1=0.711 (20s)
 1s chb13 h=1  fold 0: F1=0.598 (9s)
 1s chb13 h=1  fold 1: F1=0.414 (9s)
 1s chb13 h=1  fold 2: F1=0.588 (6s)
 1s chb13 h=1  fold 3: F1=0.583 (8s)
 1s chb13 h=1  fold 4: F1=0.355 (5s)
 1s chb14 h=1  fold 0: F1=0.784 (1s)
 1s chb14 h=1  fold 1: F1=0.655 (1s)
 1s chb14 h=1  fold 2: F1=0.769 (3s)
 1s chb14 h=1  fold 3: F1=0.790 (3s)
 1s chb14 h=1  fold 4: F1=0.757 (4s)
 1s chb15 h=1  fold 0: F1=0.825 (36s)
 1s chb15 h=1  fold 1: F1=0.723 (15s)
 1s chb15 h=1  fold 2: F1=0.792 (24s)
 1s chb15 h=1  fold 3: F1=0.607 (42s)
 1s chb15 h=1  fold 4: F1=0.780 (37s)
 1s chb16 h=1  fold 0: F1=0.889 (1s)
 1s chb16 h=1  fold 1: F1=0.778 (1s)
 1s chb16 h=1  fold 2: F1=0.457 (1s)
 1s chb16 h=1  fold 3: F1=0.909 (2s)
 1s chb16 h=1  fold 4: F1=0.740 (1s)
/home/gmarihuan/metapaper/datasets/recording_cv.py:87: UserWarning: Only 3 recordings; using leave-one-recording-out instead of 5-fold.
  warnings.warn(f"Only {n_rec} recordings; using leave-one-recording-out "
 1s chb17 h=1  fold 0: F1=0.851 (4s)
 1s chb17 h=1  fold 1: F1=0.624 (4s)
 1s chb17 h=1  fold 2: F1=0.705 (5s)
 1s chb18 h=1  fold 0: F1=0.250 (4s)
 1s chb18 h=1  fold 1: F1=0.605 (6s)
 1s chb18 h=1  fold 2: F1=0.784 (6s)
 1s chb18 h=1  fold 3: F1=0.768 (5s)
 1s chb18 h=1  fold 4: F1=0.866 (5s)
/home/gmarihuan/metapaper/datasets/recording_cv.py:87: UserWarning: Only 3 recordings; using leave-one-recording-out instead of 5-fold.
  warnings.warn(f"Only {n_rec} recordings; using leave-one-recording-out "
 1s chb19 h=1  fold 0: F1=0.684 (2s)
 1s chb19 h=1  fold 1: F1=0.914 (3s)
 1s chb19 h=1  fold 2: F1=0.664 (2s)
 1s chb20 h=1  fold 0: F1=0.877 (3s)
 1s chb20 h=1  fold 1: F1=0.935 (3s)
 1s chb20 h=1  fold 2: F1=0.983 (6s)
 1s chb20 h=1  fold 3: F1=0.950 (4s)
 1s chb20 h=1  fold 4: F1=0.732 (4s)
/home/gmarihuan/metapaper/datasets/recording_cv.py:87: UserWarning: Only 4 recordings; using leave-one-recording-out instead of 5-fold.
  warnings.warn(f"Only {n_rec} recordings; using leave-one-recording-out "
 1s chb21 h=1  fold 0: F1=0.874 (3s)
 1s chb21 h=1  fold 1: F1=0.852 (3s)
 1s chb21 h=1  fold 2: F1=0.802 (2s)
 1s chb21 h=1  fold 3: F1=0.857 (3s)
/home/gmarihuan/metapaper/datasets/recording_cv.py:87: UserWarning: Only 3 recordings; using leave-one-recording-out instead of 5-fold.
  warnings.warn(f"Only {n_rec} recordings; using leave-one-recording-out "
 1s chb22 h=1  fold 0: F1=0.934 (3s)
 1s chb22 h=1  fold 1: F1=0.902 (3s)
 1s chb22 h=1  fold 2: F1=0.905 (2s)
/home/gmarihuan/metapaper/datasets/recording_cv.py:87: UserWarning: Only 3 recordings; using leave-one-recording-out instead of 5-fold.
  warnings.warn(f"Only {n_rec} recordings; using leave-one-recording-out "
 1s chb23 h=1  fold 0: F1=0.891 (6s)
 1s chb23 h=1  fold 1: F1=0.887 (8s)
 1s chb23 h=1  fold 2: F1=0.871 (4s)
 1s chb24 h=1  fold 0: F1=0.792 (8s)
 1s chb24 h=1  fold 1: F1=0.698 (5s)
 1s chb24 h=1  fold 2: F1=0.840 (7s)
 1s chb24 h=1  fold 3: F1=0.761 (11s)
 1s chb24 h=1  fold 4: F1=0.729 (5s)
 3s chb01 h=1  fold 0: F1=0.960 (7s)
 3s chb01 h=1  fold 1: F1=0.968 (6s)
 3s chb01 h=1  fold 2: F1=0.914 (7s)
 3s chb01 h=1  fold 3: F1=0.906 (8s)
 3s chb01 h=1  fold 4: F1=0.974 (6s)
/home/gmarihuan/metapaper/datasets/recording_cv.py:87: UserWarning: Only 3 recordings; using leave-one-recording-out instead of 5-fold.
  warnings.warn(f"Only {n_rec} recordings; using leave-one-recording-out "
 3s chb02 h=1  fold 0: F1=0.929 (2s)
 3s chb02 h=1  fold 1: F1=0.800 (2s)
 3s chb02 h=1  fold 2: F1=0.800 (3s)
 3s chb03 h=1  fold 0: F1=0.778 (8s)
 3s chb03 h=1  fold 1: F1=0.868 (8s)
 3s chb03 h=1  fold 2: F1=0.875 (8s)
 3s chb03 h=1  fold 3: F1=0.831 (7s)
 3s chb03 h=1  fold 4: F1=0.958 (7s)
/home/gmarihuan/metapaper/datasets/recording_cv.py:87: UserWarning: Only 3 recordings; using leave-one-recording-out instead of 5-fold.
  warnings.warn(f"Only {n_rec} recordings; using leave-one-recording-out "
 3s chb04 h=1  fold 0: F1=0.941 (5s)
 3s chb04 h=1  fold 1: F1=0.685 (2s)
 3s chb04 h=1  fold 2: F1=0.897 (4s)
 3s chb05 h=1  fold 0: F1=0.866 (7s)
 3s chb05 h=1  fold 1: F1=0.896 (7s)
 3s chb05 h=1  fold 2: F1=0.968 (11s)
 3s chb05 h=1  fold 3: F1=0.927 (9s)
 3s chb05 h=1  fold 4: F1=0.703 (8s)
 3s chb06 h=1  fold 0: F1=0.500 (3s)
 3s chb06 h=1  fold 1: F1=0.667 (3s)
 3s chb06 h=1  fold 2: F1=0.519 (2s)
 3s chb06 h=1  fold 3: F1=0.556 (3s)
 3s chb06 h=1  fold 4: F1=0.522 (3s)
/home/gmarihuan/metapaper/datasets/recording_cv.py:87: UserWarning: Only 3 recordings; using leave-one-recording-out instead of 5-fold.
  warnings.warn(f"Only {n_rec} recordings; using leave-one-recording-out "
 3s chb07 h=1  fold 0: F1=0.982 (6s)
 3s chb07 h=1  fold 1: F1=0.853 (3s)
 3s chb07 h=1  fold 2: F1=0.909 (4s)
 3s chb08 h=1  fold 0: F1=0.912 (8s)
 3s chb08 h=1  fold 1: F1=0.761 (10s)
 3s chb08 h=1  fold 2: F1=0.863 (18s)
 3s chb08 h=1  fold 3: F1=0.893 (17s)
 3s chb08 h=1  fold 4: F1=0.821 (6s)
/home/gmarihuan/metapaper/datasets/recording_cv.py:87: UserWarning: Only 3 recordings; using leave-one-recording-out instead of 5-fold.
  warnings.warn(f"Only {n_rec} recordings; using leave-one-recording-out "
 3s chb09 h=1  fold 0: F1=0.952 (5s)
 3s chb09 h=1  fold 1: F1=0.887 (3s)
 3s chb09 h=1  fold 2: F1=0.850 (4s)
 3s chb10 h=1  fold 0: F1=0.918 (8s)
 3s chb10 h=1  fold 1: F1=0.722 (9s)
 3s chb10 h=1  fold 2: F1=0.970 (7s)
 3s chb10 h=1  fold 3: F1=0.846 (8s)
 3s chb10 h=1  fold 4: F1=1.000 (9s)
/home/gmarihuan/metapaper/datasets/recording_cv.py:87: UserWarning: Only 3 recordings; using leave-one-recording-out instead of 5-fold.
  warnings.warn(f"Only {n_rec} recordings; using leave-one-recording-out "
 3s chb11 h=1  fold 0: F1=0.933 (12s)
 3s chb11 h=1  fold 1: F1=0.952 (11s)
 3s chb11 h=1  fold 2: F1=0.866 (1s)
 3s chb12 h=1  fold 0: F1=0.875 (12s)
 3s chb12 h=1  fold 1: F1=0.698 (20s)
 3s chb12 h=1  fold 2: F1=0.757 (17s)
 3s chb12 h=1  fold 3: F1=0.536 (9s)
 3s chb12 h=1  fold 4: F1=0.680 (15s)
 3s chb13 h=1  fold 0: F1=0.571 (8s)
 3s chb13 h=1  fold 1: F1=0.390 (6s)
 3s chb13 h=1  fold 2: F1=0.458 (6s)
 3s chb13 h=1  fold 3: F1=0.524 (8s)
 3s chb13 h=1  fold 4: F1=0.462 (8s)
 3s chb14 h=1  fold 0: F1=0.818 (3s)
 3s chb14 h=1  fold 1: F1=0.714 (2s)
 3s chb14 h=1  fold 2: F1=0.903 (2s)
 3s chb14 h=1  fold 3: F1=0.889 (3s)
 3s chb14 h=1  fold 4: F1=0.762 (3s)
 3s chb15 h=1  fold 0: F1=0.878 (40s)
 3s chb15 h=1  fold 1: F1=0.750 (34s)
 3s chb15 h=1  fold 2: F1=0.562 (40s)
 3s chb15 h=1  fold 3: F1=0.761 (24s)
 3s chb15 h=1  fold 4: F1=0.808 (37s)
 3s chb16 h=1  fold 0: F1=0.000 (0s)
 3s chb16 h=1  fold 1: F1=0.667 (1s)
 3s chb16 h=1  fold 2: F1=0.286 (1s)
 3s chb16 h=1  fold 3: F1=1.000 (1s)
 3s chb16 h=1  fold 4: F1=0.667 (1s)
/home/gmarihuan/metapaper/datasets/recording_cv.py:87: UserWarning: Only 3 recordings; using leave-one-recording-out instead of 5-fold.
  warnings.warn(f"Only {n_rec} recordings; using leave-one-recording-out "
 3s chb17 h=1  fold 0: F1=0.857 (5s)
 3s chb17 h=1  fold 1: F1=0.800 (4s)
 3s chb17 h=1  fold 2: F1=0.725 (5s)
 3s chb18 h=1  fold 0: F1=0.732 (6s)
 3s chb18 h=1  fold 1: F1=0.809 (5s)
 3s chb18 h=1  fold 2: F1=0.771 (2s)
 3s chb18 h=1  fold 3: F1=0.167 (4s)
 3s chb18 h=1  fold 4: F1=0.947 (6s)
/home/gmarihuan/metapaper/datasets/recording_cv.py:87: UserWarning: Only 3 recordings; using leave-one-recording-out instead of 5-fold.
  warnings.warn(f"Only {n_rec} recordings; using leave-one-recording-out "
 3s chb19 h=1  fold 0: F1=0.739 (4s)
 3s chb19 h=1  fold 1: F1=0.902 (4s)
 3s chb19 h=1  fold 2: F1=0.743 (4s)
 3s chb20 h=1  fold 0: F1=0.840 (5s)
 3s chb20 h=1  fold 1: F1=0.917 (6s)
 3s chb20 h=1  fold 2: F1=1.000 (3s)
 3s chb20 h=1  fold 3: F1=0.979 (3s)
 3s chb20 h=1  fold 4: F1=0.852 (3s)
/home/gmarihuan/metapaper/datasets/recording_cv.py:87: UserWarning: Only 4 recordings; using leave-one-recording-out instead of 5-fold.
  warnings.warn(f"Only {n_rec} recordings; using leave-one-recording-out "
 3s chb21 h=1  fold 0: F1=0.872 (3s)
 3s chb21 h=1  fold 1: F1=0.762 (3s)
 3s chb21 h=1  fold 2: F1=0.868 (3s)
 3s chb21 h=1  fold 3: F1=1.000 (4s)
/home/gmarihuan/metapaper/datasets/recording_cv.py:87: UserWarning: Only 3 recordings; using leave-one-recording-out instead of 5-fold.
  warnings.warn(f"Only {n_rec} recordings; using leave-one-recording-out "
 3s chb22 h=1  fold 0: F1=1.000 (3s)
 3s chb22 h=1  fold 1: F1=0.923 (3s)
 3s chb22 h=1  fold 2: F1=0.913 (3s)
/home/gmarihuan/metapaper/datasets/recording_cv.py:87: UserWarning: Only 3 recordings; using leave-one-recording-out instead of 5-fold.
  warnings.warn(f"Only {n_rec} recordings; using leave-one-recording-out "
 3s chb23 h=1  fold 0: F1=0.925 (7s)
 3s chb23 h=1  fold 1: F1=0.976 (8s)
 3s chb23 h=1  fold 2: F1=0.910 (4s)
 3s chb24 h=1  fold 0: F1=0.783 (10s)
 3s chb24 h=1  fold 1: F1=0.592 (8s)
 3s chb24 h=1  fold 2: F1=0.809 (8s)
 3s chb24 h=1  fold 3: F1=0.811 (10s)
 3s chb24 h=1  fold 4: F1=0.740 (8s)
 5s chb01 h=1  fold 0: F1=0.875 (9s)
 5s chb01 h=1  fold 1: F1=0.971 (8s)
 5s chb01 h=1  fold 2: F1=0.950 (8s)
 5s chb01 h=1  fold 3: F1=0.571 (8s)
 5s chb01 h=1  fold 4: F1=0.978 (8s)
/home/gmarihuan/metapaper/datasets/recording_cv.py:87: UserWarning: Only 3 recordings; using leave-one-recording-out instead of 5-fold.
  warnings.warn(f"Only {n_rec} recordings; using leave-one-recording-out "
 5s chb02 h=1  fold 0: F1=0.556 (2s)
 5s chb02 h=1  fold 1: F1=0.390 (2s)
 5s chb02 h=1  fold 2: F1=1.000 (3s)
 5s chb03 h=1  fold 0: F1=0.812 (8s)
 5s chb03 h=1  fold 1: F1=0.865 (7s)
 5s chb03 h=1  fold 2: F1=0.923 (8s)
 5s chb03 h=1  fold 3: F1=0.828 (8s)
 5s chb03 h=1  fold 4: F1=0.950 (5s)
/home/gmarihuan/metapaper/datasets/recording_cv.py:87: UserWarning: Only 3 recordings; using leave-one-recording-out instead of 5-fold.
  warnings.warn(f"Only {n_rec} recordings; using leave-one-recording-out "
 5s chb04 h=1  fold 0: F1=0.900 (5s)
 5s chb04 h=1  fold 1: F1=0.557 (3s)
 5s chb04 h=1  fold 2: F1=0.883 (4s)
 5s chb05 h=1  fold 0: F1=0.978 (11s)
 5s chb05 h=1  fold 1: F1=0.900 (11s)
 5s chb05 h=1  fold 2: F1=0.947 (11s)
 5s chb05 h=1  fold 3: F1=0.941 (8s)
 5s chb05 h=1  fold 4: F1=0.597 (11s)
 5s chb06 h=1  fold 0: F1=0.571 (3s)
 5s chb06 h=1  fold 1: F1=0.800 (3s)
 5s chb06 h=1  fold 2: F1=0.000 (2s)
 5s chb06 h=1  fold 3: F1=0.000 (3s)
 5s chb06 h=1  fold 4: F1=0.333 (3s)
/home/gmarihuan/metapaper/datasets/recording_cv.py:87: UserWarning: Only 3 recordings; using leave-one-recording-out instead of 5-fold.
  warnings.warn(f"Only {n_rec} recordings; using leave-one-recording-out "
 5s chb07 h=1  fold 0: F1=0.941 (6s)
 5s chb07 h=1  fold 1: F1=0.927 (5s)
 5s chb07 h=1  fold 2: F1=0.833 (4s)
 5s chb08 h=1  fold 0: F1=0.877 (16s)
 5s chb08 h=1  fold 1: F1=0.688 (12s)
 5s chb08 h=1  fold 2: F1=0.906 (11s)
 5s chb08 h=1  fold 3: F1=0.897 (7s)
 5s chb08 h=1  fold 4: F1=0.756 (10s)
/home/gmarihuan/metapaper/datasets/recording_cv.py:87: UserWarning: Only 3 recordings; using leave-one-recording-out instead of 5-fold.
  warnings.warn(f"Only {n_rec} recordings; using leave-one-recording-out "
 5s chb09 h=1  fold 0: F1=1.000 (5s)
 5s chb09 h=1  fold 1: F1=0.739 (3s)
 5s chb09 h=1  fold 2: F1=0.880 (5s)
 5s chb10 h=1  fold 0: F1=0.773 (8s)
 5s chb10 h=1  fold 1: F1=1.000 (9s)
 5s chb10 h=1  fold 2: F1=0.824 (9s)
 5s chb10 h=1  fold 3: F1=0.903 (6s)
 5s chb10 h=1  fold 4: F1=0.875 (8s)
/home/gmarihuan/metapaper/datasets/recording_cv.py:87: UserWarning: Only 3 recordings; using leave-one-recording-out instead of 5-fold.
  warnings.warn(f"Only {n_rec} recordings; using leave-one-recording-out "
 5s chb11 h=1  fold 0: F1=1.000 (11s)
 5s chb11 h=1  fold 1: F1=0.923 (9s)
 5s chb11 h=1  fold 2: F1=0.875 (1s)
 5s chb12 h=1  fold 0: F1=0.737 (16s)
 5s chb12 h=1  fold 1: F1=0.714 (16s)
 5s chb12 h=1  fold 2: F1=0.820 (19s)
 5s chb12 h=1  fold 3: F1=0.732 (15s)
 5s chb12 h=1  fold 4: F1=0.810 (14s)
 5s chb13 h=1  fold 0: F1=0.800 (9s)
 5s chb13 h=1  fold 1: F1=0.316 (9s)
 5s chb13 h=1  fold 2: F1=0.660 (6s)
 5s chb13 h=1  fold 3: F1=0.703 (8s)
 5s chb13 h=1  fold 4: F1=0.000 (2s)
 5s chb14 h=1  fold 0: F1=0.857 (3s)
 5s chb14 h=1  fold 1: F1=0.857 (4s)
 5s chb14 h=1  fold 2: F1=0.571 (3s)
 5s chb14 h=1  fold 3: F1=0.833 (3s)
 5s chb14 h=1  fold 4: F1=0.900 (3s)
 5s chb15 h=1  fold 0: F1=0.955 (45s)
 5s chb15 h=1  fold 1: F1=0.708 (29s)
 5s chb15 h=1  fold 2: F1=0.627 (45s)
 5s chb15 h=1  fold 3: F1=0.842 (39s)
 5s chb15 h=1  fold 4: F1=0.779 (34s)
 5s chb16 h=1  fold 0: F1=0.000 (0s)
 5s chb16 h=1  fold 1: F1=0.000 (0s)
 5s chb16 h=1  fold 2: F1=0.000 (0s)
 5s chb16 h=1  fold 3: F1=0.000 (0s)
 5s chb16 h=1  fold 4: F1=0.444 (0s)
/home/gmarihuan/metapaper/datasets/recording_cv.py:87: UserWarning: Only 3 recordings; using leave-one-recording-out instead of 5-fold.
  warnings.warn(f"Only {n_rec} recordings; using leave-one-recording-out "
 5s chb17 h=1  fold 0: F1=0.789 (5s)
 5s chb17 h=1  fold 1: F1=0.930 (4s)
 5s chb17 h=1  fold 2: F1=0.700 (5s)
 5s chb18 h=1  fold 0: F1=0.500 (6s)
 5s chb18 h=1  fold 1: F1=0.917 (6s)
 5s chb18 h=1  fold 2: F1=0.846 (4s)
 5s chb18 h=1  fold 3: F1=0.286 (6s)
 5s chb18 h=1  fold 4: F1=0.939 (2s)
/home/gmarihuan/metapaper/datasets/recording_cv.py:87: UserWarning: Only 3 recordings; using leave-one-recording-out instead of 5-fold.
  warnings.warn(f"Only {n_rec} recordings; using leave-one-recording-out "
 5s chb19 h=1  fold 0: F1=0.769 (4s)
 5s chb19 h=1  fold 1: F1=0.903 (4s)
 5s chb19 h=1  fold 2: F1=0.889 (4s)
 5s chb20 h=1  fold 0: F1=0.938 (5s)
 5s chb20 h=1  fold 1: F1=0.923 (6s)
 5s chb20 h=1  fold 2: F1=0.774 (4s)
 5s chb20 h=1  fold 3: F1=0.889 (5s)
 5s chb20 h=1  fold 4: F1=0.769 (5s)
/home/gmarihuan/metapaper/datasets/recording_cv.py:87: UserWarning: Only 4 recordings; using leave-one-recording-out instead of 5-fold.
  warnings.warn(f"Only {n_rec} recordings; using leave-one-recording-out "
 5s chb21 h=1  fold 0: F1=0.727 (4s)
 5s chb21 h=1  fold 1: F1=0.909 (4s)
 5s chb21 h=1  fold 2: F1=0.722 (3s)
 5s chb21 h=1  fold 3: F1=1.000 (4s)
/home/gmarihuan/metapaper/datasets/recording_cv.py:87: UserWarning: Only 3 recordings; using leave-one-recording-out instead of 5-fold.
  warnings.warn(f"Only {n_rec} recordings; using leave-one-recording-out "
 5s chb22 h=1  fold 0: F1=0.957 (4s)
 5s chb22 h=1  fold 1: F1=0.966 (3s)
 5s chb22 h=1  fold 2: F1=0.923 (3s)
/home/gmarihuan/metapaper/datasets/recording_cv.py:87: UserWarning: Only 3 recordings; using leave-one-recording-out instead of 5-fold.
  warnings.warn(f"Only {n_rec} recordings; using leave-one-recording-out "
 5s chb23 h=1  fold 0: F1=0.898 (7s)
 5s chb23 h=1  fold 1: F1=0.923 (6s)
 5s chb23 h=1  fold 2: F1=0.918 (4s)
 5s chb24 h=1  fold 0: F1=0.800 (10s)
 5s chb24 h=1  fold 1: F1=0.733 (8s)
 5s chb24 h=1  fold 2: F1=0.870 (10s)
 5s chb24 h=1  fold 3: F1=0.659 (3s)
 5s chb24 h=1  fold 4: F1=0.696 (7s)
 8s chb01 h=1  fold 0: F1=1.000 (10s)
 8s chb01 h=1  fold 1: F1=1.000 (8s)
 8s chb01 h=1  fold 2: F1=0.960 (8s)
 8s chb01 h=1  fold 3: F1=0.500 (8s)
 8s chb01 h=1  fold 4: F1=1.000 (8s)
/home/gmarihuan/metapaper/datasets/recording_cv.py:87: UserWarning: Only 3 recordings; using leave-one-recording-out instead of 5-fold.
  warnings.warn(f"Only {n_rec} recordings; using leave-one-recording-out "
 8s chb02 h=1  fold 0: F1=0.000 (1s)
 8s chb02 h=1  fold 1: F1=0.339 (2s)
 8s chb02 h=1  fold 2: F1=1.000 (4s)
 8s chb03 h=1  fold 0: F1=0.875 (8s)
 8s chb03 h=1  fold 1: F1=0.800 (8s)
 8s chb03 h=1  fold 2: F1=0.941 (7s)
 8s chb03 h=1  fold 3: F1=0.900 (7s)
 8s chb03 h=1  fold 4: F1=0.759 (5s)
/home/gmarihuan/metapaper/datasets/recording_cv.py:87: UserWarning: Only 3 recordings; using leave-one-recording-out instead of 5-fold.
  warnings.warn(f"Only {n_rec} recordings; using leave-one-recording-out "
 8s chb04 h=1  fold 0: F1=0.375 (6s)
 8s chb04 h=1  fold 1: F1=0.788 (6s)
 8s chb04 h=1  fold 2: F1=0.723 (3s)
 8s chb05 h=1  fold 0: F1=0.880 (11s)
 8s chb05 h=1  fold 1: F1=0.000 (2s)
 8s chb05 h=1  fold 2: F1=1.000 (9s)
 8s chb05 h=1  fold 3: F1=0.938 (11s)
 8s chb05 h=1  fold 4: F1=0.591 (11s)
 8s chb06 h=1  fold 0: F1=0.000 (1s)
 8s chb06 h=1  fold 1: F1=0.000 (1s)
 8s chb06 h=1  fold 2: F1=0.000 (0s)
 8s chb06 h=1  fold 3: F1=0.182 (2s)
 8s chb06 h=1  fold 4: F1=0.000 (1s)
/home/gmarihuan/metapaper/datasets/recording_cv.py:87: UserWarning: Only 3 recordings; using leave-one-recording-out instead of 5-fold.
  warnings.warn(f"Only {n_rec} recordings; using leave-one-recording-out "
 8s chb07 h=1  fold 0: F1=0.952 (5s)
 8s chb07 h=1  fold 1: F1=0.000 (1s)
 8s chb07 h=1  fold 2: F1=0.848 (4s)
 8s chb08 h=1  fold 0: F1=0.826 (18s)
 8s chb08 h=1  fold 1: F1=0.702 (18s)
 8s chb08 h=1  fold 2: F1=0.938 (10s)
 8s chb08 h=1  fold 3: F1=0.895 (12s)
 8s chb08 h=1  fold 4: F1=0.811 (16s)
/home/gmarihuan/metapaper/datasets/recording_cv.py:87: UserWarning: Only 3 recordings; using leave-one-recording-out instead of 5-fold.
  warnings.warn(f"Only {n_rec} recordings; using leave-one-recording-out "
 8s chb09 h=1  fold 0: F1=1.000 (5s)
 8s chb09 h=1  fold 1: F1=0.652 (3s)
 8s chb09 h=1  fold 2: F1=0.875 (5s)
 8s chb10 h=1  fold 0: F1=0.769 (8s)
 8s chb10 h=1  fold 1: F1=0.909 (9s)
 8s chb10 h=1  fold 2: F1=1.000 (7s)
 8s chb10 h=1  fold 3: F1=1.000 (9s)
 8s chb10 h=1  fold 4: F1=0.842 (8s)
/home/gmarihuan/metapaper/datasets/recording_cv.py:87: UserWarning: Only 3 recordings; using leave-one-recording-out instead of 5-fold.
  warnings.warn(f"Only {n_rec} recordings; using leave-one-recording-out "
 8s chb11 h=1  fold 0: F1=1.000 (11s)
 8s chb11 h=1  fold 1: F1=1.000 (10s)
 8s chb11 h=1  fold 2: F1=0.000 (0s)
 8s chb12 h=1  fold 0: F1=1.000 (21s)
 8s chb12 h=1  fold 1: F1=0.850 (18s)
 8s chb12 h=1  fold 2: F1=0.724 (16s)
 8s chb12 h=1  fold 3: F1=0.938 (19s)
 8s chb12 h=1  fold 4: F1=0.620 (14s)
 8s chb13 h=1  fold 0: F1=0.750 (9s)
 8s chb13 h=1  fold 1: F1=0.364 (9s)
 8s chb13 h=1  fold 2: F1=0.561 (6s)
 8s chb13 h=1  fold 3: F1=0.167 (8s)
 8s chb13 h=1  fold 4: F1=0.000 (8s)
 8s chb14 h=1  fold 0: F1=0.889 (2s)
 8s chb14 h=1  fold 1: F1=1.000 (3s)
 8s chb14 h=1  fold 2: F1=0.833 (3s)
 8s chb14 h=1  fold 3: F1=0.857 (2s)
 8s chb14 h=1  fold 4: F1=1.000 (3s)
 8s chb15 h=1  fold 0: F1=0.963 (44s)
 8s chb15 h=1  fold 1: F1=0.722 (32s)
 8s chb15 h=1  fold 2: F1=0.691 (32s)
 8s chb15 h=1  fold 3: F1=0.818 (40s)
 8s chb15 h=1  fold 4: F1=0.897 (39s)
/home/gmarihuan/metapaper/datasets/recording_cv.py:87: UserWarning: Only 4 recordings; using leave-one-recording-out instead of 5-fold.
  warnings.warn(f"Only {n_rec} recordings; using leave-one-recording-out "
 8s chb16 h=1  fold 0: F1=0.000 (0s)
 8s chb16 h=1  fold 1: F1=1.000 (1s)
 8s chb16 h=1  fold 2: F1=0.000 (1s)
 8s chb16 h=1  fold 3: F1=0.353 (0s)
/home/gmarihuan/metapaper/datasets/recording_cv.py:87: UserWarning: Only 3 recordings; using leave-one-recording-out instead of 5-fold.
  warnings.warn(f"Only {n_rec} recordings; using leave-one-recording-out "
 8s chb17 h=1  fold 0: F1=0.900 (5s)
 8s chb17 h=1  fold 1: F1=0.786 (4s)
 8s chb17 h=1  fold 2: F1=0.786 (5s)
 8s chb18 h=1  fold 0: F1=0.000 (7s)
 8s chb18 h=1  fold 1: F1=0.556 (3s)
 8s chb18 h=1  fold 2: F1=0.667 (3s)
 8s chb18 h=1  fold 3: F1=0.875 (6s)
 8s chb18 h=1  fold 4: F1=0.875 (3s)
/home/gmarihuan/metapaper/datasets/recording_cv.py:87: UserWarning: Only 3 recordings; using leave-one-recording-out instead of 5-fold.
  warnings.warn(f"Only {n_rec} recordings; using leave-one-recording-out "
 8s chb19 h=1  fold 0: F1=0.706 (3s)
 8s chb19 h=1  fold 1: F1=0.889 (3s)
 8s chb19 h=1  fold 2: F1=0.947 (3s)
 8s chb20 h=1  fold 0: F1=0.824 (4s)
 8s chb20 h=1  fold 1: F1=1.000 (6s)
 8s chb20 h=1  fold 2: F1=0.737 (5s)
 8s chb20 h=1  fold 3: F1=1.000 (4s)
 8s chb20 h=1  fold 4: F1=0.857 (6s)
/home/gmarihuan/metapaper/datasets/recording_cv.py:87: UserWarning: Only 4 recordings; using leave-one-recording-out instead of 5-fold.
  warnings.warn(f"Only {n_rec} recordings; using leave-one-recording-out "
 8s chb21 h=1  fold 0: F1=0.462 (3s)
 8s chb21 h=1  fold 1: F1=0.800 (3s)
 8s chb21 h=1  fold 2: F1=0.000 (1s)
 8s chb21 h=1  fold 3: F1=1.000 (5s)
/home/gmarihuan/metapaper/datasets/recording_cv.py:87: UserWarning: Only 3 recordings; using leave-one-recording-out instead of 5-fold.
  warnings.warn(f"Only {n_rec} recordings; using leave-one-recording-out "
 8s chb22 h=1  fold 0: F1=1.000 (3s)
 8s chb22 h=1  fold 1: F1=0.783 (3s)
 8s chb22 h=1  fold 2: F1=0.941 (3s)
/home/gmarihuan/metapaper/datasets/recording_cv.py:87: UserWarning: Only 3 recordings; using leave-one-recording-out instead of 5-fold.
  warnings.warn(f"Only {n_rec} recordings; using leave-one-recording-out "
 8s chb23 h=1  fold 0: F1=0.933 (7s)
 8s chb23 h=1  fold 1: F1=1.000 (8s)
 8s chb23 h=1  fold 2: F1=0.949 (4s)
 8s chb24 h=1  fold 0: F1=0.750 (9s)
 8s chb24 h=1  fold 1: F1=0.933 (10s)
 8s chb24 h=1  fold 2: F1=1.000 (10s)
 8s chb24 h=1  fold 3: F1=0.489 (5s)
 8s chb24 h=1  fold 4: F1=0.769 (8s)
10s chb01 h=1  fold 0: F1=0.947 (9s)
10s chb01 h=1  fold 1: F1=1.000 (8s)
10s chb01 h=1  fold 2: F1=0.889 (10s)
10s chb01 h=1  fold 3: F1=0.720 (9s)
10s chb01 h=1  fold 4: F1=0.957 (7s)
/home/gmarihuan/metapaper/datasets/recording_cv.py:87: UserWarning: Only 2 recordings; using leave-one-recording-out instead of 5-fold.
  warnings.warn(f"Only {n_rec} recordings; using leave-one-recording-out "
10s chb02 h=1  fold 0: F1=0.000 (0s)
10s chb02 h=1  fold 1: F1=0.291 (2s)
10s chb03 h=1  fold 0: F1=0.526 (5s)
10s chb03 h=1  fold 1: F1=0.857 (7s)
10s chb03 h=1  fold 2: F1=0.800 (7s)
10s chb03 h=1  fold 3: F1=0.923 (6s)
10s chb03 h=1  fold 4: F1=0.667 (7s)
/home/gmarihuan/metapaper/datasets/recording_cv.py:87: UserWarning: Only 3 recordings; using leave-one-recording-out instead of 5-fold.
  warnings.warn(f"Only {n_rec} recordings; using leave-one-recording-out "
10s chb04 h=1  fold 0: F1=0.364 (7s)
10s chb04 h=1  fold 1: F1=0.733 (6s)
10s chb04 h=1  fold 2: F1=0.821 (4s)
10s chb05 h=1  fold 0: F1=0.842 (10s)
10s chb05 h=1  fold 1: F1=0.952 (10s)
10s chb05 h=1  fold 2: F1=1.000 (11s)
10s chb05 h=1  fold 3: F1=0.923 (10s)
10s chb05 h=1  fold 4: F1=0.595 (10s)
10s chb06 h=1  fold 0: F1=0.000 (1s)
10s chb06 h=1  fold 1: F1=0.000 (1s)
10s chb06 h=1  fold 2: F1=0.000 (1s)
10s chb06 h=1  fold 3: F1=0.000 (1s)
10s chb06 h=1  fold 4: F1=0.000 (1s)
/home/gmarihuan/metapaper/datasets/recording_cv.py:87: UserWarning: Only 3 recordings; using leave-one-recording-out instead of 5-fold.
  warnings.warn(f"Only {n_rec} recordings; using leave-one-recording-out "
10s chb07 h=1  fold 0: F1=1.000 (6s)
10s chb07 h=1  fold 1: F1=0.947 (5s)
10s chb07 h=1  fold 2: F1=0.889 (4s)
10s chb08 h=1  fold 0: F1=0.914 (18s)
10s chb08 h=1  fold 1: F1=0.682 (15s)
10s chb08 h=1  fold 2: F1=0.960 (19s)
10s chb08 h=1  fold 3: F1=0.903 (18s)
10s chb08 h=1  fold 4: F1=0.800 (16s)
/home/gmarihuan/metapaper/datasets/recording_cv.py:87: UserWarning: Only 3 recordings; using leave-one-recording-out instead of 5-fold.
  warnings.warn(f"Only {n_rec} recordings; using leave-one-recording-out "
10s chb09 h=1  fold 0: F1=0.923 (5s)
10s chb09 h=1  fold 1: F1=0.000 (1s)
10s chb09 h=1  fold 2: F1=0.909 (5s)
10s chb10 h=1  fold 0: F1=1.000 (9s)
10s chb10 h=1  fold 1: F1=0.750 (9s)
10s chb10 h=1  fold 2: F1=0.583 (8s)
10s chb10 h=1  fold 3: F1=0.000 (6s)
10s chb10 h=1  fold 4: F1=0.769 (8s)
/home/gmarihuan/metapaper/datasets/recording_cv.py:87: UserWarning: Only 3 recordings; using leave-one-recording-out instead of 5-fold.
  warnings.warn(f"Only {n_rec} recordings; using leave-one-recording-out "
10s chb11 h=1  fold 0: F1=1.000 (13s)
10s chb11 h=1  fold 1: F1=1.000 (12s)
10s chb11 h=1  fold 2: F1=0.854 (1s)
10s chb12 h=1  fold 0: F1=0.815 (19s)
10s chb12 h=1  fold 1: F1=0.875 (20s)
10s chb12 h=1  fold 2: F1=0.712 (15s)
10s chb12 h=1  fold 3: F1=0.800 (14s)
10s chb12 h=1  fold 4: F1=0.857 (19s)
10s chb13 h=1  fold 0: F1=0.667 (9s)
10s chb13 h=1  fold 1: F1=0.250 (9s)
10s chb13 h=1  fold 2: F1=0.824 (4s)
10s chb13 h=1  fold 3: F1=0.769 (8s)
10s chb13 h=1  fold 4: F1=0.286 (7s)
10s chb14 h=1  fold 0: F1=0.000 (1s)
10s chb14 h=1  fold 1: F1=0.857 (3s)
10s chb14 h=1  fold 2: F1=0.889 (3s)
10s chb14 h=1  fold 3: F1=1.000 (4s)
10s chb14 h=1  fold 4: F1=1.000 (3s)
10s chb15 h=1  fold 0: F1=0.909 (45s)
10s chb15 h=1  fold 1: F1=0.734 (33s)
10s chb15 h=1  fold 2: F1=0.756 (32s)
10s chb15 h=1  fold 3: F1=0.808 (40s)
10s chb15 h=1  fold 4: F1=0.838 (39s)
/home/gmarihuan/metapaper/datasets/recording_cv.py:87: UserWarning: Only 3 recordings; using leave-one-recording-out instead of 5-fold.
  warnings.warn(f"Only {n_rec} recordings; using leave-one-recording-out "
10s chb17 h=1  fold 0: F1=0.889 (4s)
10s chb17 h=1  fold 1: F1=0.842 (4s)
10s chb17 h=1  fold 2: F1=0.762 (5s)
10s chb18 h=1  fold 0: F1=0.000 (7s)
10s chb18 h=1  fold 1: F1=0.471 (6s)
10s chb18 h=1  fold 2: F1=0.909 (5s)
10s chb18 h=1  fold 3: F1=0.909 (6s)
10s chb18 h=1  fold 4: F1=0.759 (3s)
/home/gmarihuan/metapaper/datasets/recording_cv.py:87: UserWarning: Only 3 recordings; using leave-one-recording-out instead of 5-fold.
  warnings.warn(f"Only {n_rec} recordings; using leave-one-recording-out "
10s chb19 h=1  fold 0: F1=0.727 (4s)
10s chb19 h=1  fold 1: F1=0.933 (3s)
10s chb19 h=1  fold 2: F1=0.667 (2s)
10s chb20 h=1  fold 0: F1=0.923 (4s)
10s chb20 h=1  fold 1: F1=1.000 (5s)
10s chb20 h=1  fold 2: F1=0.714 (4s)
10s chb20 h=1  fold 3: F1=0.909 (4s)
10s chb20 h=1  fold 4: F1=0.800 (5s)
/home/gmarihuan/metapaper/datasets/recording_cv.py:87: UserWarning: Only 4 recordings; using leave-one-recording-out instead of 5-fold.
  warnings.warn(f"Only {n_rec} recordings; using leave-one-recording-out "
10s chb21 h=1  fold 0: F1=0.000 (1s)
10s chb21 h=1  fold 1: F1=0.000 (4s)
10s chb21 h=1  fold 2: F1=0.857 (3s)
10s chb21 h=1  fold 3: F1=0.500 (4s)
/home/gmarihuan/metapaper/datasets/recording_cv.py:87: UserWarning: Only 3 recordings; using leave-one-recording-out instead of 5-fold.
  warnings.warn(f"Only {n_rec} recordings; using leave-one-recording-out "
10s chb22 h=1  fold 0: F1=0.000 (1s)
10s chb22 h=1  fold 1: F1=0.000 (1s)
10s chb22 h=1  fold 2: F1=0.000 (1s)
/home/gmarihuan/metapaper/datasets/recording_cv.py:87: UserWarning: Only 3 recordings; using leave-one-recording-out instead of 5-fold.
  warnings.warn(f"Only {n_rec} recordings; using leave-one-recording-out "
10s chb23 h=1  fold 0: F1=0.917 (7s)
10s chb23 h=1  fold 1: F1=0.800 (7s)
10s chb23 h=1  fold 2: F1=0.920 (4s)
10s chb24 h=1  fold 0: F1=1.000 (9s)
10s chb24 h=1  fold 1: F1=0.571 (6s)
10s chb24 h=1  fold 2: F1=1.000 (5s)
10s chb24 h=1  fold 3: F1=0.500 (10s)
10s chb24 h=1  fold 4: F1=0.848 (6s)

Mean F1 (folds averaged per patient, then across patients):
kernel_height      1
window_sec          
1              0.807
3              0.807
5              0.766
8              0.709
10             0.665
