 1s chb01 h1               fold 0: F1=0.889 shuffled=0.889 (6s)
 1s chb01 h21              fold 0: F1=0.790 shuffled=0.325 (1s)
 1s chb01 fact_mix         fold 0: F1=0.950 shuffled=0.916 (8s)
 1s chb01 fact_attn        fold 0: F1=0.897 shuffled=0.897 (9s)
 1s chb01 fact_attn_cdrop  fold 0: F1=0.900 shuffled=0.900 (5s)
 1s chb01 h1               fold 1: F1=0.926 shuffled=0.926 (3s)
 1s chb01 h21              fold 1: F1=0.784 shuffled=0.000 (2s)
 1s chb01 fact_mix         fold 1: F1=0.907 shuffled=0.947 (6s)
 1s chb01 fact_attn        fold 1: F1=0.926 shuffled=0.926 (3s)
 1s chb01 fact_attn_cdrop  fold 1: F1=0.930 shuffled=0.930 (3s)
 1s chb01 h1               fold 2: F1=0.789 shuffled=0.789 (6s)
 1s chb01 h21              fold 2: F1=0.802 shuffled=0.250 (1s)
 1s chb01 fact_mix         fold 2: F1=0.900 shuffled=0.781 (8s)
 1s chb01 fact_attn        fold 2: F1=0.777 shuffled=0.777 (4s)
 1s chb01 fact_attn_cdrop  fold 2: F1=0.778 shuffled=0.778 (5s)
 1s chb01 h1               fold 3: F1=0.966 shuffled=0.966 (7s)
 1s chb01 h21              fold 3: F1=0.851 shuffled=0.053 (2s)
 1s chb01 fact_mix         fold 3: F1=0.953 shuffled=0.901 (8s)
 1s chb01 fact_attn        fold 3: F1=0.970 shuffled=0.970 (4s)
 1s chb01 fact_attn_cdrop  fold 3: F1=0.961 shuffled=0.961 (4s)
 1s chb01 h1               fold 4: F1=0.897 shuffled=0.897 (4s)
 1s chb01 h21              fold 4: F1=0.822 shuffled=0.071 (1s)
 1s chb01 fact_mix         fold 4: F1=0.912 shuffled=0.818 (8s)
 1s chb01 fact_attn        fold 4: F1=0.911 shuffled=0.911 (8s)
 1s chb01 fact_attn_cdrop  fold 4: F1=0.883 shuffled=0.883 (3s)
/home/gmarihuan/metapaper/datasets/recording_cv.py:87: UserWarning: Only 3 recordings; using leave-one-recording-out instead of 5-fold.
  warnings.warn(f"Only {n_rec} recordings; using leave-one-recording-out "
 1s chb02 h1               fold 0: F1=0.909 shuffled=0.909 (1s)
 1s chb02 h21              fold 0: F1=0.412 shuffled=0.155 (0s)
 1s chb02 fact_mix         fold 0: F1=0.920 shuffled=0.932 (2s)
 1s chb02 fact_attn        fold 0: F1=0.889 shuffled=0.889 (1s)
 1s chb02 fact_attn_cdrop  fold 0: F1=0.920 shuffled=0.920 (2s)
 1s chb02 h1               fold 1: F1=0.942 shuffled=0.942 (2s)
 1s chb02 h21              fold 1: F1=0.618 shuffled=0.208 (1s)
 1s chb02 fact_mix         fold 1: F1=0.963 shuffled=0.907 (2s)
 1s chb02 fact_attn        fold 1: F1=0.932 shuffled=0.932 (2s)
 1s chb02 fact_attn_cdrop  fold 1: F1=0.930 shuffled=0.930 (2s)
 1s chb02 h1               fold 2: F1=0.941 shuffled=0.941 (3s)
 1s chb02 h21              fold 2: F1=0.552 shuffled=0.200 (1s)
 1s chb02 fact_mix         fold 2: F1=0.941 shuffled=0.941 (4s)
 1s chb02 fact_attn        fold 2: F1=0.941 shuffled=0.941 (2s)
 1s chb02 fact_attn_cdrop  fold 2: F1=0.941 shuffled=0.941 (3s)
 3s chb01 h1               fold 0: F1=0.960 shuffled=0.960 (9s)
 3s chb01 h21              fold 0: F1=0.846 shuffled=0.348 (1s)
 3s chb01 fact_mix         fold 0: F1=0.960 shuffled=0.960 (6s)
 3s chb01 fact_attn        fold 0: F1=0.917 shuffled=0.917 (7s)
 3s chb01 fact_attn_cdrop  fold 0: F1=0.960 shuffled=0.960 (9s)
 3s chb01 h1               fold 1: F1=0.969 shuffled=0.969 (6s)
 3s chb01 h21              fold 1: F1=0.886 shuffled=0.000 (1s)
 3s chb01 fact_mix         fold 1: F1=0.984 shuffled=0.968 (8s)
 3s chb01 fact_attn        fold 1: F1=0.968 shuffled=0.968 (5s)
 3s chb01 fact_attn_cdrop  fold 1: F1=0.923 shuffled=0.923 (4s)
 3s chb01 h1               fold 2: F1=0.914 shuffled=0.914 (7s)
 3s chb01 h21              fold 2: F1=0.868 shuffled=0.308 (1s)
 3s chb01 fact_mix         fold 2: F1=0.914 shuffled=0.901 (6s)
 3s chb01 fact_attn        fold 2: F1=0.917 shuffled=0.917 (8s)
 3s chb01 fact_attn_cdrop  fold 2: F1=0.901 shuffled=0.901 (8s)
 3s chb01 h1               fold 3: F1=0.906 shuffled=0.906 (8s)
 3s chb01 h21              fold 3: F1=0.889 shuffled=0.000 (1s)
 3s chb01 fact_mix         fold 3: F1=0.879 shuffled=0.841 (6s)
 3s chb01 fact_attn        fold 3: F1=0.795 shuffled=0.795 (4s)
 3s chb01 fact_attn_cdrop  fold 3: F1=0.853 shuffled=0.853 (8s)
 3s chb01 h1               fold 4: F1=0.974 shuffled=0.974 (6s)
 3s chb01 h21              fold 4: F1=0.935 shuffled=0.000 (1s)
 3s chb01 fact_mix         fold 4: F1=0.949 shuffled=0.987 (8s)
 3s chb01 fact_attn        fold 4: F1=0.962 shuffled=0.962 (8s)
 3s chb01 fact_attn_cdrop  fold 4: F1=0.000 shuffled=0.000 (1s)
/home/gmarihuan/metapaper/datasets/recording_cv.py:87: UserWarning: Only 3 recordings; using leave-one-recording-out instead of 5-fold.
  warnings.warn(f"Only {n_rec} recordings; using leave-one-recording-out "
 3s chb02 h1               fold 0: F1=0.929 shuffled=0.929 (2s)
 3s chb02 h21              fold 0: F1=0.579 shuffled=0.208 (0s)
 3s chb02 fact_mix         fold 0: F1=0.945 shuffled=0.926 (2s)
 3s chb02 fact_attn        fold 0: F1=0.945 shuffled=0.945 (2s)
 3s chb02 fact_attn_cdrop  fold 0: F1=0.929 shuffled=0.929 (2s)
 3s chb02 h1               fold 1: F1=0.800 shuffled=0.800 (2s)
 3s chb02 h21              fold 1: F1=0.590 shuffled=0.063 (0s)
 3s chb02 fact_mix         fold 1: F1=0.839 shuffled=0.812 (2s)
 3s chb02 fact_attn        fold 1: F1=0.746 shuffled=0.746 (2s)
 3s chb02 fact_attn_cdrop  fold 1: F1=0.439 shuffled=0.439 (2s)
 3s chb02 h1               fold 2: F1=0.800 shuffled=0.800 (3s)
 3s chb02 h21              fold 2: F1=0.857 shuffled=0.000 (1s)
 3s chb02 fact_mix         fold 2: F1=0.800 shuffled=0.800 (3s)
 3s chb02 fact_attn        fold 2: F1=1.000 shuffled=1.000 (4s)
 3s chb02 fact_attn_cdrop  fold 2: F1=0.800 shuffled=0.800 (4s)
 5s chb01 h1               fold 0: F1=0.875 shuffled=0.875 (9s)
 5s chb01 h21              fold 0: F1=0.933 shuffled=0.356 (1s)
 5s chb01 fact_mix         fold 0: F1=0.875 shuffled=0.875 (10s)
 5s chb01 fact_attn        fold 0: F1=0.875 shuffled=0.875 (10s)
 5s chb01 fact_attn_cdrop  fold 0: F1=0.875 shuffled=0.875 (10s)
 5s chb01 h1               fold 1: F1=0.941 shuffled=0.941 (8s)
 5s chb01 h21              fold 1: F1=0.900 shuffled=0.000 (1s)
 5s chb01 fact_mix         fold 1: F1=0.941 shuffled=0.941 (5s)
 5s chb01 fact_attn        fold 1: F1=0.941 shuffled=0.941 (7s)
 5s chb01 fact_attn_cdrop  fold 1: F1=0.971 shuffled=0.971 (8s)
 5s chb01 h1               fold 2: F1=0.950 shuffled=0.950 (8s)
 5s chb01 h21              fold 2: F1=0.927 shuffled=0.138 (1s)
 5s chb01 fact_mix         fold 2: F1=0.927 shuffled=0.927 (8s)
 5s chb01 fact_attn        fold 2: F1=0.974 shuffled=0.974 (5s)
 5s chb01 fact_attn_cdrop  fold 2: F1=0.974 shuffled=0.974 (8s)
 5s chb01 h1               fold 3: F1=0.571 shuffled=0.571 (8s)
 5s chb01 h21              fold 3: F1=0.909 shuffled=0.000 (1s)
 5s chb01 fact_mix         fold 3: F1=0.590 shuffled=0.562 (7s)
 5s chb01 fact_attn        fold 3: F1=0.545 shuffled=0.545 (7s)
 5s chb01 fact_attn_cdrop  fold 3: F1=0.610 shuffled=0.610 (8s)
 5s chb01 h1               fold 4: F1=0.978 shuffled=0.978 (7s)
 5s chb01 h21              fold 4: F1=0.939 shuffled=0.323 (1s)
 5s chb01 fact_mix         fold 4: F1=0.978 shuffled=1.000 (4s)
 5s chb01 fact_attn        fold 4: F1=0.978 shuffled=0.978 (5s)
 5s chb01 fact_attn_cdrop  fold 4: F1=1.000 shuffled=1.000 (7s)
/home/gmarihuan/metapaper/datasets/recording_cv.py:87: UserWarning: Only 3 recordings; using leave-one-recording-out instead of 5-fold.
  warnings.warn(f"Only {n_rec} recordings; using leave-one-recording-out "
 5s chb02 h1               fold 0: F1=0.556 shuffled=0.556 (2s)
 5s chb02 h21              fold 0: F1=0.815 shuffled=0.250 (0s)
 5s chb02 fact_mix         fold 0: F1=0.909 shuffled=0.882 (2s)
 5s chb02 fact_attn        fold 0: F1=0.789 shuffled=0.789 (2s)
 5s chb02 fact_attn_cdrop  fold 0: F1=0.882 shuffled=0.882 (2s)
 5s chb02 h1               fold 1: F1=0.386 shuffled=0.386 (2s)
 5s chb02 h21              fold 1: F1=0.549 shuffled=0.194 (1s)
 5s chb02 fact_mix         fold 1: F1=0.395 shuffled=0.410 (2s)
 5s chb02 fact_attn        fold 1: F1=0.356 shuffled=0.356 (2s)
 5s chb02 fact_attn_cdrop  fold 1: F1=0.327 shuffled=0.327 (2s)
 5s chb02 h1               fold 2: F1=1.000 shuffled=1.000 (3s)
 5s chb02 h21              fold 2: F1=0.667 shuffled=0.000 (0s)
 5s chb02 fact_mix         fold 2: F1=1.000 shuffled=1.000 (3s)
 5s chb02 fact_attn        fold 2: F1=1.000 shuffled=1.000 (3s)
 5s chb02 fact_attn_cdrop  fold 2: F1=1.000 shuffled=1.000 (3s)
 8s chb01 h1               fold 0: F1=0.889 shuffled=0.889 (10s)
 8s chb01 h21              fold 0: F1=0.750 shuffled=0.312 (1s)
 8s chb01 fact_mix         fold 0: F1=1.000 shuffled=1.000 (10s)
 8s chb01 fact_attn        fold 0: F1=0.909 shuffled=0.909 (10s)
 8s chb01 fact_attn_cdrop  fold 0: F1=0.909 shuffled=0.909 (9s)
 8s chb01 h1               fold 1: F1=1.000 shuffled=1.000 (8s)
 8s chb01 h21              fold 1: F1=0.957 shuffled=0.000 (1s)
 8s chb01 fact_mix         fold 1: F1=1.000 shuffled=1.000 (9s)
 8s chb01 fact_attn        fold 1: F1=1.000 shuffled=1.000 (8s)
 8s chb01 fact_attn_cdrop  fold 1: F1=1.000 shuffled=1.000 (8s)
 8s chb01 h1               fold 2: F1=1.000 shuffled=1.000 (8s)
 8s chb01 h21              fold 2: F1=0.923 shuffled=0.438 (1s)
 8s chb01 fact_mix         fold 2: F1=0.960 shuffled=0.960 (9s)
 8s chb01 fact_attn        fold 2: F1=1.000 shuffled=1.000 (8s)
 8s chb01 fact_attn_cdrop  fold 2: F1=0.960 shuffled=0.960 (8s)
 8s chb01 h1               fold 3: F1=0.500 shuffled=0.500 (8s)
 8s chb01 h21              fold 3: F1=0.952 shuffled=0.000 (1s)
 8s chb01 fact_mix         fold 3: F1=0.564 shuffled=0.550 (8s)
 8s chb01 fact_attn        fold 3: F1=0.595 shuffled=0.595 (8s)
 8s chb01 fact_attn_cdrop  fold 3: F1=0.468 shuffled=0.468 (8s)
 8s chb01 h1               fold 4: F1=1.000 shuffled=1.000 (9s)
 8s chb01 h21              fold 4: F1=1.000 shuffled=0.133 (2s)
 8s chb01 fact_mix         fold 4: F1=0.963 shuffled=1.000 (11s)
 8s chb01 fact_attn        fold 4: F1=0.963 shuffled=0.963 (11s)
 8s chb01 fact_attn_cdrop  fold 4: F1=0.963 shuffled=0.963 (10s)
/home/gmarihuan/metapaper/datasets/recording_cv.py:87: UserWarning: Only 3 recordings; using leave-one-recording-out instead of 5-fold.
  warnings.warn(f"Only {n_rec} recordings; using leave-one-recording-out "
 8s chb02 h1               fold 0: F1=0.000 shuffled=0.000 (1s)
 8s chb02 h21              fold 0: F1=0.462 shuffled=0.182 (1s)
 8s chb02 fact_mix         fold 0: F1=0.857 shuffled=0.857 (4s)
 8s chb02 fact_attn        fold 0: F1=0.857 shuffled=0.857 (4s)
 8s chb02 fact_attn_cdrop  fold 0: F1=0.857 shuffled=0.857 (3s)
 8s chb02 h1               fold 1: F1=0.339 shuffled=0.339 (3s)
 8s chb02 h21              fold 1: F1=0.500 shuffled=0.000 (0s)
 8s chb02 fact_mix         fold 1: F1=0.645 shuffled=0.667 (3s)
 8s chb02 fact_attn        fold 1: F1=0.357 shuffled=0.357 (4s)
 8s chb02 fact_attn_cdrop  fold 1: F1=0.317 shuffled=0.317 (4s)
 8s chb02 h1               fold 2: F1=1.000 shuffled=1.000 (6s)
 8s chb02 h21              fold 2: F1=0.667 shuffled=0.000 (1s)
 8s chb02 fact_mix         fold 2: F1=1.000 shuffled=1.000 (6s)
 8s chb02 fact_attn        fold 2: F1=1.000 shuffled=1.000 (5s)
 8s chb02 fact_attn_cdrop  fold 2: F1=1.000 shuffled=1.000 (5s)
10s chb01 h1               fold 0: F1=0.947 shuffled=0.947 (12s)
10s chb01 h21              fold 0: F1=1.000 shuffled=0.643 (1s)
10s chb01 fact_mix         fold 0: F1=1.000 shuffled=1.000 (12s)
10s chb01 fact_attn        fold 0: F1=1.000 shuffled=1.000 (11s)
10s chb01 fact_attn_cdrop  fold 0: F1=1.000 shuffled=1.000 (13s)
10s chb01 h1               fold 1: F1=1.000 shuffled=1.000 (11s)
10s chb01 h21              fold 1: F1=1.000 shuffled=0.000 (2s)
10s chb01 fact_mix         fold 1: F1=1.000 shuffled=1.000 (12s)
10s chb01 fact_attn        fold 1: F1=1.000 shuffled=1.000 (11s)
10s chb01 fact_attn_cdrop  fold 1: F1=1.000 shuffled=1.000 (13s)
10s chb01 h1               fold 2: F1=1.000 shuffled=1.000 (14s)
10s chb01 h21              fold 2: F1=1.000 shuffled=0.286 (2s)
10s chb01 fact_mix         fold 2: F1=1.000 shuffled=1.000 (14s)
10s chb01 fact_attn        fold 2: F1=1.000 shuffled=1.000 (14s)
10s chb01 fact_attn_cdrop  fold 2: F1=1.000 shuffled=1.000 (18s)
10s chb01 h1               fold 3: F1=0.720 shuffled=0.720 (13s)
10s chb01 h21              fold 3: F1=0.941 shuffled=0.000 (3s)
10s chb01 fact_mix         fold 3: F1=0.720 shuffled=0.720 (14s)
10s chb01 fact_attn        fold 3: F1=0.692 shuffled=0.692 (13s)
10s chb01 fact_attn_cdrop  fold 3: F1=0.857 shuffled=0.857 (15s)
10s chb01 h1               fold 4: F1=1.000 shuffled=1.000 (14s)
10s chb01 h21              fold 4: F1=1.000 shuffled=0.000 (3s)
10s chb01 fact_mix         fold 4: F1=0.957 shuffled=0.957 (13s)
10s chb01 fact_attn        fold 4: F1=0.909 shuffled=0.909 (13s)
10s chb01 fact_attn_cdrop  fold 4: F1=0.952 shuffled=0.952 (14s)
/home/gmarihuan/metapaper/datasets/recording_cv.py:87: UserWarning: Only 2 recordings; using leave-one-recording-out instead of 5-fold.
  warnings.warn(f"Only {n_rec} recordings; using leave-one-recording-out "
10s chb02 h1               fold 0: F1=0.000 shuffled=0.000 (1s)
10s chb02 h21              fold 0: F1=0.000 shuffled=0.000 (0s)
10s chb02 fact_mix         fold 0: F1=0.000 shuffled=0.000 (1s)
10s chb02 fact_attn        fold 0: F1=0.308 shuffled=0.308 (4s)
10s chb02 fact_attn_cdrop  fold 0: F1=0.000 shuffled=0.000 (1s)
10s chb02 h1               fold 1: F1=0.291 shuffled=0.291 (4s)
10s chb02 h21              fold 1: F1=0.356 shuffled=0.000 (1s)
10s chb02 fact_mix         fold 1: F1=0.291 shuffled=0.291 (3s)
10s chb02 fact_attn        fold 1: F1=0.296 shuffled=0.296 (3s)
10s chb02 fact_attn_cdrop  fold 1: F1=0.291 shuffled=0.291 (4s)

Mean F1 (folds averaged per patient, then across patients):
model          h1    h21  fact_mix  fact_attn  fact_attn_cdrop
window_sec                                                    
1           0.912  0.668     0.933      0.908            0.911
3           0.894  0.780     0.899      0.904            0.725
5           0.755  0.799     0.815      0.789            0.811
8           0.662  0.730     0.866      0.816            0.792
10          0.539  0.583     0.540      0.611            0.554

Mean F1 with electrodes shuffled:
model          h1    h21  fact_mix  fact_attn  fact_attn_cdrop
window_sec                                                    
1           0.912  0.164     0.899      0.908            0.911
3           0.894  0.111     0.889      0.904            0.725
5           0.755  0.156     0.813      0.789            0.811
8           0.662  0.119     0.872      0.816            0.792
10          0.539  0.093     0.540      0.611            0.554
