 1s chb01 h1               fold 0: F1=0.923 shuffled=0.923 (9s)
 1s chb01 grouped          fold 0: F1=0.872 shuffled=0.109 (5s)
 1s chb01 fact_grouped     fold 0: F1=0.937 shuffled=0.916 (10s)
 1s chb01 fact_h4          fold 0: F1=0.923 shuffled=0.911 (5s)
 1s chb01 fact_h8          fold 0: F1=0.911 shuffled=0.897 (8s)
 1s chb01 fact_h16         fold 0: F1=0.923 shuffled=0.923 (7s)
 1s chb01 fact_hcmax       fold 0: F1=0.951 shuffled=0.916 (8s)
 1s chb01 fact_mix         fold 0: F1=0.950 shuffled=0.916 (8s)
 1s chb01 h1               fold 1: F1=0.936 shuffled=0.936 (3s)
 1s chb01 grouped          fold 1: F1=0.811 shuffled=0.119 (3s)
 1s chb01 fact_grouped     fold 1: F1=0.936 shuffled=0.946 (4s)
 1s chb01 fact_h4          fold 1: F1=0.952 shuffled=0.946 (7s)
 1s chb01 fact_h8          fold 1: F1=0.952 shuffled=0.957 (6s)
 1s chb01 fact_h16         fold 1: F1=0.952 shuffled=0.962 (6s)
 1s chb01 fact_hcmax       fold 1: F1=0.913 shuffled=0.941 (8s)
 1s chb01 fact_mix         fold 1: F1=0.881 shuffled=0.933 (7s)
 1s chb01 h1               fold 2: F1=0.789 shuffled=0.789 (6s)
 1s chb01 grouped          fold 2: F1=0.823 shuffled=0.275 (3s)
 1s chb01 fact_grouped     fold 2: F1=0.839 shuffled=0.735 (8s)
 1s chb01 fact_h4          fold 2: F1=0.750 shuffled=0.802 (3s)
 1s chb01 fact_h8          fold 2: F1=0.700 shuffled=0.807 (3s)
 1s chb01 fact_h16         fold 2: F1=0.729 shuffled=0.818 (3s)
 1s chb01 fact_hcmax       fold 2: F1=0.820 shuffled=0.761 (3s)
 1s chb01 fact_mix         fold 2: F1=0.878 shuffled=0.773 (8s)
 1s chb01 h1               fold 3: F1=0.966 shuffled=0.966 (7s)
 1s chb01 grouped          fold 3: F1=0.957 shuffled=0.000 (3s)
 1s chb01 fact_grouped     fold 3: F1=0.957 shuffled=0.965 (8s)
 1s chb01 fact_h4          fold 3: F1=0.962 shuffled=0.970 (8s)
 1s chb01 fact_h8          fold 3: F1=0.966 shuffled=0.975 (8s)
 1s chb01 fact_h16         fold 3: F1=0.970 shuffled=0.970 (8s)
 1s chb01 fact_hcmax       fold 3: F1=0.956 shuffled=0.872 (8s)
 1s chb01 fact_mix         fold 3: F1=0.957 shuffled=0.921 (8s)
 1s chb01 h1               fold 4: F1=0.893 shuffled=0.893 (4s)
 1s chb01 grouped          fold 4: F1=0.863 shuffled=0.202 (3s)
 1s chb01 fact_grouped     fold 4: F1=0.917 shuffled=0.861 (8s)
 1s chb01 fact_h4          fold 4: F1=0.907 shuffled=0.901 (7s)
 1s chb01 fact_h8          fold 4: F1=0.897 shuffled=0.909 (7s)
 1s chb01 fact_h16         fold 4: F1=0.902 shuffled=0.913 (7s)
 1s chb01 fact_hcmax       fold 4: F1=0.908 shuffled=0.881 (7s)
 1s chb01 fact_mix         fold 4: F1=0.908 shuffled=0.818 (8s)
/home/gmarihuan/metapaper/datasets/recording_cv.py:87: UserWarning: Only 3 recordings; using leave-one-recording-out instead of 5-fold.
  warnings.warn(f"Only {n_rec} recordings; using leave-one-recording-out "
 1s chb02 h1               fold 0: F1=0.909 shuffled=0.909 (1s)
 1s chb02 grouped          fold 0: F1=0.827 shuffled=0.484 (1s)
 1s chb02 fact_grouped     fold 0: F1=0.915 shuffled=0.909 (2s)
 1s chb02 fact_h4          fold 0: F1=0.920 shuffled=0.915 (1s)
 1s chb02 fact_h8          fold 0: F1=0.908 shuffled=0.915 (1s)
 1s chb02 fact_h16         fold 0: F1=0.909 shuffled=0.915 (1s)
 1s chb02 fact_hcmax       fold 0: F1=0.926 shuffled=0.938 (2s)
 1s chb02 fact_mix         fold 0: F1=0.932 shuffled=0.938 (2s)
 1s chb02 h1               fold 1: F1=0.942 shuffled=0.942 (2s)
 1s chb02 grouped          fold 1: F1=0.798 shuffled=0.173 (1s)
 1s chb02 fact_grouped     fold 1: F1=0.963 shuffled=0.943 (2s)
 1s chb02 fact_h4          fold 1: F1=0.951 shuffled=0.938 (2s)
 1s chb02 fact_h8          fold 1: F1=0.963 shuffled=0.943 (2s)
 1s chb02 fact_h16         fold 1: F1=0.963 shuffled=0.931 (2s)
 1s chb02 fact_hcmax       fold 1: F1=0.963 shuffled=0.942 (2s)
 1s chb02 fact_mix         fold 1: F1=0.963 shuffled=0.907 (2s)
 1s chb02 h1               fold 2: F1=0.941 shuffled=0.941 (3s)
 1s chb02 grouped          fold 2: F1=0.552 shuffled=0.211 (2s)
 1s chb02 fact_grouped     fold 2: F1=0.941 shuffled=0.941 (4s)
 1s chb02 fact_h4          fold 2: F1=0.941 shuffled=0.941 (4s)
 1s chb02 fact_h8          fold 2: F1=0.941 shuffled=0.941 (1s)
 1s chb02 fact_h16         fold 2: F1=0.941 shuffled=0.941 (4s)
 1s chb02 fact_hcmax       fold 2: F1=0.941 shuffled=0.941 (4s)
 1s chb02 fact_mix         fold 2: F1=0.941 shuffled=0.941 (4s)
 3s chb01 h1               fold 0: F1=0.960 shuffled=0.960 (7s)
 3s chb01 grouped          fold 0: F1=0.960 shuffled=0.235 (5s)
 3s chb01 fact_grouped     fold 0: F1=0.960 shuffled=0.960 (9s)
 3s chb01 fact_h4          fold 0: F1=0.960 shuffled=0.960 (7s)
 3s chb01 fact_h8          fold 0: F1=0.960 shuffled=0.960 (8s)
 3s chb01 fact_h16         fold 0: F1=0.960 shuffled=0.960 (9s)
 3s chb01 fact_hcmax       fold 0: F1=0.960 shuffled=0.960 (7s)
 3s chb01 fact_mix         fold 0: F1=0.960 shuffled=0.960 (6s)
 3s chb01 h1               fold 1: F1=0.968 shuffled=0.968 (4s)
 3s chb01 grouped          fold 1: F1=0.795 shuffled=0.162 (2s)
 3s chb01 fact_grouped     fold 1: F1=0.984 shuffled=0.968 (8s)
 3s chb01 fact_h4          fold 1: F1=0.968 shuffled=0.951 (7s)
 3s chb01 fact_h8          fold 1: F1=0.951 shuffled=0.951 (5s)
 3s chb01 fact_h16         fold 1: F1=0.968 shuffled=0.968 (5s)
 3s chb01 fact_hcmax       fold 1: F1=0.968 shuffled=0.968 (5s)
 3s chb01 fact_mix         fold 1: F1=0.984 shuffled=0.968 (8s)
 3s chb01 h1               fold 2: F1=0.914 shuffled=0.914 (7s)
 3s chb01 grouped          fold 2: F1=0.941 shuffled=0.250 (2s)
 3s chb01 fact_grouped     fold 2: F1=0.914 shuffled=0.904 (7s)
 3s chb01 fact_h4          fold 2: F1=0.889 shuffled=0.901 (7s)
 3s chb01 fact_h8          fold 2: F1=0.914 shuffled=0.928 (6s)
 3s chb01 fact_h16         fold 2: F1=0.901 shuffled=0.914 (7s)
 3s chb01 fact_hcmax       fold 2: F1=0.901 shuffled=0.904 (7s)
 3s chb01 fact_mix         fold 2: F1=0.914 shuffled=0.901 (6s)
 3s chb01 h1               fold 3: F1=0.906 shuffled=0.906 (8s)
 3s chb01 grouped          fold 3: F1=0.915 shuffled=0.000 (5s)
 3s chb01 fact_grouped     fold 3: F1=0.906 shuffled=0.892 (6s)
 3s chb01 fact_h4          fold 3: F1=0.769 shuffled=0.789 (5s)
 3s chb01 fact_h8          fold 3: F1=0.759 shuffled=0.806 (5s)
 3s chb01 fact_h16         fold 3: F1=0.759 shuffled=0.841 (5s)
 3s chb01 fact_hcmax       fold 3: F1=0.879 shuffled=0.829 (8s)
 3s chb01 fact_mix         fold 3: F1=0.892 shuffled=0.841 (6s)
 3s chb01 h1               fold 4: F1=0.974 shuffled=0.974 (6s)
 3s chb01 grouped          fold 4: F1=0.974 shuffled=0.050 (4s)
 3s chb01 fact_grouped     fold 4: F1=0.949 shuffled=0.974 (9s)
 3s chb01 fact_h4          fold 4: F1=0.974 shuffled=0.974 (9s)
 3s chb01 fact_h8          fold 4: F1=0.987 shuffled=0.974 (8s)
 3s chb01 fact_h16         fold 4: F1=0.987 shuffled=0.987 (6s)
 3s chb01 fact_hcmax       fold 4: F1=0.950 shuffled=0.975 (6s)
 3s chb01 fact_mix         fold 4: F1=0.949 shuffled=0.960 (8s)
/home/gmarihuan/metapaper/datasets/recording_cv.py:87: UserWarning: Only 3 recordings; using leave-one-recording-out instead of 5-fold.
  warnings.warn(f"Only {n_rec} recordings; using leave-one-recording-out "
 3s chb02 h1               fold 0: F1=0.929 shuffled=0.929 (2s)
 3s chb02 grouped          fold 0: F1=0.875 shuffled=0.476 (1s)
 3s chb02 fact_grouped     fold 0: F1=0.929 shuffled=0.926 (2s)
 3s chb02 fact_h4          fold 0: F1=0.862 shuffled=0.833 (2s)
 3s chb02 fact_h8          fold 0: F1=0.370 shuffled=0.427 (2s)
 3s chb02 fact_h16         fold 0: F1=0.350 shuffled=0.357 (2s)
 3s chb02 fact_hcmax       fold 0: F1=0.867 shuffled=0.735 (2s)
 3s chb02 fact_mix         fold 0: F1=0.945 shuffled=0.926 (2s)
 3s chb02 h1               fold 1: F1=0.812 shuffled=0.812 (2s)
 3s chb02 grouped          fold 1: F1=0.703 shuffled=0.235 (1s)
 3s chb02 fact_grouped     fold 1: F1=0.761 shuffled=0.750 (2s)
 3s chb02 fact_h4          fold 1: F1=0.915 shuffled=0.947 (2s)
 3s chb02 fact_h8          fold 1: F1=0.771 shuffled=0.857 (2s)
 3s chb02 fact_h16         fold 1: F1=0.806 shuffled=0.857 (2s)
 3s chb02 fact_hcmax       fold 1: F1=0.947 shuffled=0.947 (2s)
 3s chb02 fact_mix         fold 1: F1=0.839 shuffled=0.839 (2s)
 3s chb02 h1               fold 2: F1=0.800 shuffled=0.800 (3s)
 3s chb02 grouped          fold 2: F1=1.000 shuffled=0.286 (3s)
 3s chb02 fact_grouped     fold 2: F1=1.000 shuffled=0.800 (4s)
 3s chb02 fact_h4          fold 2: F1=1.000 shuffled=1.000 (3s)
 3s chb02 fact_h8          fold 2: F1=1.000 shuffled=1.000 (4s)
 3s chb02 fact_h16         fold 2: F1=1.000 shuffled=1.000 (4s)
 3s chb02 fact_hcmax       fold 2: F1=1.000 shuffled=1.000 (3s)
 3s chb02 fact_mix         fold 2: F1=0.800 shuffled=0.800 (3s)
 5s chb01 h1               fold 0: F1=0.875 shuffled=0.875 (9s)
 5s chb01 grouped          fold 0: F1=0.941 shuffled=0.222 (4s)
 5s chb01 fact_grouped     fold 0: F1=0.875 shuffled=0.875 (10s)
 5s chb01 fact_h4          fold 0: F1=0.875 shuffled=0.875 (8s)
 5s chb01 fact_h8          fold 0: F1=0.875 shuffled=0.875 (8s)
 5s chb01 fact_h16         fold 0: F1=0.875 shuffled=0.875 (8s)
 5s chb01 fact_hcmax       fold 0: F1=0.875 shuffled=0.875 (10s)
 5s chb01 fact_mix         fold 0: F1=0.875 shuffled=0.875 (7s)
 5s chb01 h1               fold 1: F1=0.941 shuffled=0.941 (8s)
 5s chb01 grouped          fold 1: F1=0.900 shuffled=0.095 (2s)
 5s chb01 fact_grouped     fold 1: F1=0.971 shuffled=0.971 (9s)
 5s chb01 fact_h4          fold 1: F1=0.971 shuffled=0.971 (7s)
 5s chb01 fact_h8          fold 1: F1=0.941 shuffled=0.941 (7s)
 5s chb01 fact_h16         fold 1: F1=0.941 shuffled=0.941 (7s)
 5s chb01 fact_hcmax       fold 1: F1=0.971 shuffled=0.971 (6s)
 5s chb01 fact_mix         fold 1: F1=0.941 shuffled=0.941 (5s)
 5s chb01 h1               fold 2: F1=0.927 shuffled=0.927 (9s)
 5s chb01 grouped          fold 2: F1=0.927 shuffled=0.182 (4s)
 5s chb01 fact_grouped     fold 2: F1=0.974 shuffled=0.974 (9s)
 5s chb01 fact_h4          fold 2: F1=1.000 shuffled=0.974 (7s)
 5s chb01 fact_h8          fold 2: F1=0.976 shuffled=0.974 (6s)
 5s chb01 fact_h16         fold 2: F1=0.976 shuffled=0.974 (6s)
 5s chb01 fact_hcmax       fold 2: F1=0.930 shuffled=0.930 (6s)
 5s chb01 fact_mix         fold 2: F1=0.950 shuffled=0.952 (8s)
 5s chb01 h1               fold 3: F1=0.571 shuffled=0.571 (8s)
 5s chb01 grouped          fold 3: F1=0.973 shuffled=0.105 (2s)
 5s chb01 fact_grouped     fold 3: F1=0.500 shuffled=0.493 (7s)
 5s chb01 fact_h4          fold 3: F1=0.522 shuffled=0.545 (9s)
 5s chb01 fact_h8          fold 3: F1=0.522 shuffled=0.581 (9s)
 5s chb01 fact_h16         fold 3: F1=0.514 shuffled=0.571 (8s)
 5s chb01 fact_hcmax       fold 3: F1=0.507 shuffled=0.507 (8s)
 5s chb01 fact_mix         fold 3: F1=0.590 shuffled=0.562 (7s)
 5s chb01 h1               fold 4: F1=0.978 shuffled=0.978 (8s)
 5s chb01 grouped          fold 4: F1=0.939 shuffled=0.000 (2s)
 5s chb01 fact_grouped     fold 4: F1=0.978 shuffled=0.978 (8s)
 5s chb01 fact_h4          fold 4: F1=0.978 shuffled=0.978 (7s)
 5s chb01 fact_h8          fold 4: F1=0.978 shuffled=0.978 (8s)
 5s chb01 fact_h16         fold 4: F1=0.978 shuffled=0.978 (8s)
 5s chb01 fact_hcmax       fold 4: F1=0.978 shuffled=1.000 (6s)
 5s chb01 fact_mix         fold 4: F1=0.978 shuffled=1.000 (4s)
/home/gmarihuan/metapaper/datasets/recording_cv.py:87: UserWarning: Only 3 recordings; using leave-one-recording-out instead of 5-fold.
  warnings.warn(f"Only {n_rec} recordings; using leave-one-recording-out "
 5s chb02 h1               fold 0: F1=0.545 shuffled=0.545 (2s)
 5s chb02 grouped          fold 0: F1=0.897 shuffled=0.688 (1s)
 5s chb02 fact_grouped     fold 0: F1=0.337 shuffled=0.337 (2s)
 5s chb02 fact_h4          fold 0: F1=0.337 shuffled=0.337 (2s)
 5s chb02 fact_h8          fold 0: F1=0.337 shuffled=0.337 (2s)
 5s chb02 fact_h16         fold 0: F1=0.337 shuffled=0.337 (2s)
 5s chb02 fact_hcmax       fold 0: F1=0.337 shuffled=0.337 (2s)
 5s chb02 fact_mix         fold 0: F1=0.909 shuffled=0.882 (2s)
 5s chb02 h1               fold 1: F1=0.386 shuffled=0.386 (2s)
 5s chb02 grouped          fold 1: F1=0.698 shuffled=0.341 (1s)
 5s chb02 fact_grouped     fold 1: F1=0.744 shuffled=0.762 (2s)
 5s chb02 fact_h4          fold 1: F1=0.744 shuffled=0.780 (2s)
 5s chb02 fact_h8          fold 1: F1=0.727 shuffled=0.762 (2s)
 5s chb02 fact_h16         fold 1: F1=0.727 shuffled=0.780 (2s)
 5s chb02 fact_hcmax       fold 1: F1=0.727 shuffled=0.762 (2s)
 5s chb02 fact_mix         fold 1: F1=0.395 shuffled=0.410 (2s)
 5s chb02 h1               fold 2: F1=1.000 shuffled=1.000 (3s)
 5s chb02 grouped          fold 2: F1=0.667 shuffled=0.000 (1s)
 5s chb02 fact_grouped     fold 2: F1=1.000 shuffled=1.000 (3s)
 5s chb02 fact_h4          fold 2: F1=1.000 shuffled=1.000 (4s)
 5s chb02 fact_h8          fold 2: F1=1.000 shuffled=1.000 (4s)
 5s chb02 fact_h16         fold 2: F1=1.000 shuffled=1.000 (4s)
 5s chb02 fact_hcmax       fold 2: F1=1.000 shuffled=1.000 (3s)
 5s chb02 fact_mix         fold 2: F1=1.000 shuffled=1.000 (3s)
 8s chb01 h1               fold 0: F1=0.909 shuffled=0.909 (10s)
 8s chb01 grouped          fold 0: F1=1.000 shuffled=0.000 (2s)
 8s chb01 fact_grouped     fold 0: F1=1.000 shuffled=0.909 (10s)
 8s chb01 fact_h4          fold 0: F1=1.000 shuffled=1.000 (10s)
 8s chb01 fact_h8          fold 0: F1=0.909 shuffled=1.000 (10s)
 8s chb01 fact_h16         fold 0: F1=1.000 shuffled=1.000 (10s)
 8s chb01 fact_hcmax       fold 0: F1=1.000 shuffled=0.909 (10s)
 8s chb01 fact_mix         fold 0: F1=1.000 shuffled=1.000 (10s)
 8s chb01 h1               fold 1: F1=1.000 shuffled=1.000 (8s)
 8s chb01 grouped          fold 1: F1=0.917 shuffled=0.000 (2s)
 8s chb01 fact_grouped     fold 1: F1=1.000 shuffled=1.000 (7s)
 8s chb01 fact_h4          fold 1: F1=1.000 shuffled=1.000 (9s)
 8s chb01 fact_h8          fold 1: F1=1.000 shuffled=1.000 (9s)
 8s chb01 fact_h16         fold 1: F1=1.000 shuffled=1.000 (9s)
 8s chb01 fact_hcmax       fold 1: F1=1.000 shuffled=1.000 (9s)
 8s chb01 fact_mix         fold 1: F1=1.000 shuffled=1.000 (9s)
 8s chb01 h1               fold 2: F1=1.000 shuffled=1.000 (9s)
 8s chb01 grouped          fold 2: F1=1.000 shuffled=0.154 (3s)
 8s chb01 fact_grouped     fold 2: F1=1.000 shuffled=1.000 (9s)
 8s chb01 fact_h4          fold 2: F1=0.960 shuffled=0.960 (9s)
 8s chb01 fact_h8          fold 2: F1=0.923 shuffled=0.960 (9s)
 8s chb01 fact_h16         fold 2: F1=0.960 shuffled=0.960 (9s)
 8s chb01 fact_hcmax       fold 2: F1=1.000 shuffled=0.960 (9s)
 8s chb01 fact_mix         fold 2: F1=0.960 shuffled=0.960 (9s)
 8s chb01 h1               fold 3: F1=0.500 shuffled=0.500 (8s)
 8s chb01 grouped          fold 3: F1=0.952 shuffled=0.000 (3s)
 8s chb01 fact_grouped     fold 3: F1=0.579 shuffled=0.564 (9s)
 8s chb01 fact_h4          fold 3: F1=0.489 shuffled=0.550 (9s)
 8s chb01 fact_h8          fold 3: F1=0.458 shuffled=0.512 (10s)
 8s chb01 fact_h16         fold 3: F1=0.458 shuffled=0.524 (8s)
 8s chb01 fact_hcmax       fold 3: F1=0.611 shuffled=0.595 (9s)
 8s chb01 fact_mix         fold 3: F1=0.537 shuffled=0.512 (8s)
 8s chb01 h1               fold 4: F1=1.000 shuffled=1.000 (8s)
 8s chb01 grouped          fold 4: F1=1.000 shuffled=0.000 (2s)
 8s chb01 fact_grouped     fold 4: F1=1.000 shuffled=1.000 (8s)
 8s chb01 fact_h4          fold 4: F1=1.000 shuffled=1.000 (11s)
 8s chb01 fact_h8          fold 4: F1=1.000 shuffled=1.000 (16s)
 8s chb01 fact_h16         fold 4: F1=1.000 shuffled=1.000 (16s)
 8s chb01 fact_hcmax       fold 4: F1=1.000 shuffled=1.000 (16s)
 8s chb01 fact_mix         fold 4: F1=1.000 shuffled=1.000 (16s)
/home/gmarihuan/metapaper/datasets/recording_cv.py:87: UserWarning: Only 3 recordings; using leave-one-recording-out instead of 5-fold.
  warnings.warn(f"Only {n_rec} recordings; using leave-one-recording-out "
 8s chb02 h1               fold 0: F1=0.000 shuffled=0.000 (1s)
 8s chb02 grouped          fold 0: F1=0.571 shuffled=0.182 (3s)
 8s chb02 fact_grouped     fold 0: F1=0.857 shuffled=0.857 (5s)
 8s chb02 fact_h4          fold 0: F1=0.818 shuffled=0.818 (5s)
 8s chb02 fact_h8          fold 0: F1=0.818 shuffled=0.818 (5s)
 8s chb02 fact_h16         fold 0: F1=0.818 shuffled=0.818 (5s)
 8s chb02 fact_hcmax       fold 0: F1=0.818 shuffled=0.818 (5s)
 8s chb02 fact_mix         fold 0: F1=0.857 shuffled=0.857 (5s)
 8s chb02 h1               fold 1: F1=0.345 shuffled=0.345 (5s)
 8s chb02 grouped          fold 1: F1=0.621 shuffled=0.154 (3s)
 8s chb02 fact_grouped     fold 1: F1=0.741 shuffled=0.800 (6s)
 8s chb02 fact_h4          fold 1: F1=0.645 shuffled=0.714 (5s)
 8s chb02 fact_h8          fold 1: F1=0.690 shuffled=0.741 (5s)
 8s chb02 fact_h16         fold 1: F1=0.690 shuffled=0.741 (5s)
 8s chb02 fact_hcmax       fold 1: F1=0.714 shuffled=0.741 (5s)
 8s chb02 fact_mix         fold 1: F1=0.625 shuffled=0.625 (5s)
 8s chb02 h1               fold 2: F1=1.000 shuffled=1.000 (8s)
 8s chb02 grouped          fold 2: F1=1.000 shuffled=0.000 (4s)
 8s chb02 fact_grouped     fold 2: F1=1.000 shuffled=1.000 (8s)
 8s chb02 fact_h4          fold 2: F1=1.000 shuffled=1.000 (8s)
 8s chb02 fact_h8          fold 2: F1=1.000 shuffled=1.000 (9s)
 8s chb02 fact_h16         fold 2: F1=1.000 shuffled=1.000 (8s)
 8s chb02 fact_hcmax       fold 2: F1=1.000 shuffled=1.000 (8s)
 8s chb02 fact_mix         fold 2: F1=1.000 shuffled=1.000 (8s)
10s chb01 h1               fold 0: F1=0.947 shuffled=0.947 (17s)
10s chb01 grouped          fold 0: F1=1.000 shuffled=0.000 (6s)
10s chb01 fact_grouped     fold 0: F1=1.000 shuffled=1.000 (18s)
10s chb01 fact_h4          fold 0: F1=1.000 shuffled=1.000 (18s)
10s chb01 fact_h8          fold 0: F1=1.000 shuffled=1.000 (18s)
10s chb01 fact_h16         fold 0: F1=1.000 shuffled=1.000 (18s)
10s chb01 fact_hcmax       fold 0: F1=0.947 shuffled=0.947 (14s)
10s chb01 fact_mix         fold 0: F1=1.000 shuffled=1.000 (17s)
10s chb01 h1               fold 1: F1=1.000 shuffled=1.000 (16s)
10s chb01 grouped          fold 1: F1=0.952 shuffled=0.000 (6s)
10s chb01 fact_grouped     fold 1: F1=1.000 shuffled=1.000 (17s)
10s chb01 fact_h4          fold 1: F1=1.000 shuffled=1.000 (17s)
10s chb01 fact_h8          fold 1: F1=1.000 shuffled=0.947 (17s)
10s chb01 fact_h16         fold 1: F1=1.000 shuffled=0.947 (17s)
10s chb01 fact_hcmax       fold 1: F1=1.000 shuffled=0.947 (16s)
10s chb01 fact_mix         fold 1: F1=1.000 shuffled=1.000 (15s)
10s chb01 h1               fold 2: F1=0.889 shuffled=0.889 (19s)
10s chb01 grouped          fold 2: F1=1.000 shuffled=0.000 (6s)
10s chb01 fact_grouped     fold 2: F1=1.000 shuffled=1.000 (20s)
10s chb01 fact_h4          fold 2: F1=1.000 shuffled=1.000 (17s)
10s chb01 fact_h8          fold 2: F1=0.889 shuffled=1.000 (17s)
10s chb01 fact_h16         fold 2: F1=0.889 shuffled=1.000 (17s)
10s chb01 fact_hcmax       fold 2: F1=1.000 shuffled=0.889 (17s)
10s chb01 fact_mix         fold 2: F1=1.000 shuffled=1.000 (17s)
10s chb01 h1               fold 3: F1=0.720 shuffled=0.720 (17s)
10s chb01 grouped          fold 3: F1=0.941 shuffled=0.000 (6s)
10s chb01 fact_grouped     fold 3: F1=0.692 shuffled=0.720 (18s)
10s chb01 fact_h4          fold 3: F1=0.692 shuffled=0.818 (18s)
10s chb01 fact_h8          fold 3: F1=0.692 shuffled=0.857 (18s)
10s chb01 fact_h16         fold 3: F1=0.667 shuffled=0.750 (18s)
10s chb01 fact_hcmax       fold 3: F1=0.818 shuffled=0.818 (17s)
10s chb01 fact_mix         fold 3: F1=0.750 shuffled=0.720 (17s)
10s chb01 h1               fold 4: F1=0.957 shuffled=0.957 (15s)
10s chb01 grouped          fold 4: F1=0.957 shuffled=0.000 (5s)
10s chb01 fact_grouped     fold 4: F1=1.000 shuffled=1.000 (14s)
10s chb01 fact_h4          fold 4: F1=0.957 shuffled=0.957 (9s)
10s chb01 fact_h8          fold 4: F1=1.000 shuffled=1.000 (7s)
10s chb01 fact_h16         fold 4: F1=1.000 shuffled=1.000 (8s)
10s chb01 fact_hcmax       fold 4: F1=0.909 shuffled=0.957 (8s)
10s chb01 fact_mix         fold 4: F1=0.957 shuffled=0.957 (7s)
/home/gmarihuan/metapaper/datasets/recording_cv.py:87: UserWarning: Only 2 recordings; using leave-one-recording-out instead of 5-fold.
  warnings.warn(f"Only {n_rec} recordings; using leave-one-recording-out "
10s chb02 h1               fold 0: F1=0.000 shuffled=0.000 (0s)
10s chb02 grouped          fold 0: F1=0.000 shuffled=0.000 (0s)
10s chb02 fact_grouped     fold 0: F1=0.308 shuffled=0.308 (2s)
10s chb02 fact_h4          fold 0: F1=0.308 shuffled=0.308 (2s)
10s chb02 fact_h8          fold 0: F1=0.308 shuffled=0.308 (2s)
10s chb02 fact_h16         fold 0: F1=0.308 shuffled=0.308 (2s)
10s chb02 fact_hcmax       fold 0: F1=0.308 shuffled=0.308 (2s)
10s chb02 fact_mix         fold 0: F1=0.000 shuffled=0.000 (1s)
10s chb02 h1               fold 1: F1=0.291 shuffled=0.291 (2s)
10s chb02 grouped          fold 1: F1=0.364 shuffled=0.316 (1s)
10s chb02 fact_grouped     fold 1: F1=0.302 shuffled=0.302 (2s)
10s chb02 fact_h4          fold 1: F1=0.291 shuffled=0.296 (2s)
10s chb02 fact_h8          fold 1: F1=0.286 shuffled=0.296 (2s)
10s chb02 fact_h16         fold 1: F1=0.291 shuffled=0.296 (2s)
10s chb02 fact_hcmax       fold 1: F1=0.296 shuffled=0.296 (2s)
10s chb02 fact_mix         fold 1: F1=0.291 shuffled=0.291 (2s)

Mean F1 (folds averaged per patient, then across patients):
model          h1  grouped  fact_grouped  ...  fact_h16  fact_hcmax  fact_mix
window_sec                                ...                                
1           0.916    0.795         0.928  ...     0.917       0.927     0.930
3           0.896    0.888         0.920  ...     0.817       0.935     0.901
5           0.751    0.845         0.777  ...     0.772       0.770     0.817
8           0.665    0.852         0.891  ...     0.860       0.883     0.863
10          0.524    0.576         0.622  ...     0.605       0.618     0.543

[5 rows x 8 columns]

Mean F1 with electrodes shuffled:
model          h1  grouped  fact_grouped  ...  fact_h16  fact_hcmax  fact_mix
window_sec                                ...                                
1           0.916    0.215         0.908  ...     0.923       0.907     0.900
3           0.896    0.236         0.883  ...     0.836       0.911     0.890
5           0.751    0.232         0.779  ...     0.787       0.778     0.815
8           0.665    0.071         0.890  ...     0.875       0.873     0.861
10          0.524    0.079         0.624  ...     0.621       0.607     0.540

[5 rows x 8 columns]
