chbmit bip  1s chb01 grouped fold 0: F1=0.895 (14s)
chbmit bip  1s chb01 h=1     fold 0: F1=0.900 (12s)
chbmit bip  1s chb01 grouped fold 1: F1=0.839 (16s)
chbmit bip  1s chb01 h=1     fold 1: F1=0.936 (8s)
chbmit bip  1s chb01 grouped fold 2: F1=0.748 (7s)
chbmit bip  1s chb01 h=1     fold 2: F1=0.744 (22s)
chbmit bip  1s chb01 grouped fold 3: F1=0.883 (9s)
chbmit bip  1s chb01 h=1     fold 3: F1=0.966 (10s)
chbmit bip  1s chb01 grouped fold 4: F1=0.786 (8s)
chbmit bip  1s chb01 h=1     fold 4: F1=0.902 (12s)
chbmit bip  1s chb18 grouped fold 0: F1=0.341 (6s)
chbmit bip  1s chb18 h=1     fold 0: F1=0.278 (20s)
chbmit bip  1s chb18 grouped fold 1: F1=0.609 (8s)
chbmit bip  1s chb18 h=1     fold 1: F1=0.561 (13s)
chbmit bip  1s chb18 grouped fold 2: F1=0.835 (6s)
chbmit bip  1s chb18 h=1     fold 2: F1=0.817 (17s)
chbmit bip  1s chb18 grouped fold 3: F1=0.867 (6s)
chbmit bip  1s chb18 h=1     fold 3: F1=0.582 (15s)
chbmit bip  1s chb18 grouped fold 4: F1=0.832 (5s)
chbmit bip  1s chb18 h=1     fold 4: F1=0.824 (14s)
chbmit bip  5s chb01 grouped fold 0: F1=0.875 (6s)
chbmit bip  5s chb01 h=1     fold 0: F1=0.941 (20s)
chbmit bip  5s chb01 grouped fold 1: F1=0.842 (10s)
chbmit bip  5s chb01 h=1     fold 1: F1=0.941 (10s)
chbmit bip  5s chb01 grouped fold 2: F1=0.905 (12s)
chbmit bip  5s chb01 h=1     fold 2: F1=0.974 (15s)
chbmit bip  5s chb01 grouped fold 3: F1=0.941 (8s)
chbmit bip  5s chb01 h=1     fold 3: F1=0.621 (16s)
chbmit bip  5s chb01 grouped fold 4: F1=0.978 (5s)
chbmit bip  5s chb01 h=1     fold 4: F1=0.978 (15s)
chbmit bip  5s chb18 grouped fold 0: F1=0.818 (7s)
chbmit bip  5s chb18 h=1     fold 0: F1=0.545 (12s)
chbmit bip  5s chb18 grouped fold 1: F1=1.000 (3s)
chbmit bip  5s chb18 h=1     fold 1: F1=0.846 (12s)
chbmit bip  5s chb18 grouped fold 2: F1=0.963 (3s)
chbmit bip  5s chb18 h=1     fold 2: F1=0.857 (6s)
chbmit bip  5s chb18 grouped fold 3: F1=0.500 (3s)
chbmit bip  5s chb18 h=1     fold 3: F1=0.286 (7s)
chbmit bip  5s chb18 grouped fold 4: F1=0.930 (2s)
chbmit bip  5s chb18 h=1     fold 4: F1=0.939 (2s)
chbmit bip  8s chb01 grouped fold 0: F1=1.000 (4s)
chbmit bip  8s chb01 h=1     fold 0: F1=0.889 (47s)
chbmit bip  8s chb01 grouped fold 1: F1=0.957 (2s)
chbmit bip  8s chb01 h=1     fold 1: F1=1.000 (8s)
chbmit bip  8s chb01 grouped fold 2: F1=0.960 (3s)
chbmit bip  8s chb01 h=1     fold 2: F1=0.957 (7s)
chbmit bip  8s chb01 grouped fold 3: F1=0.952 (3s)
chbmit bip  8s chb01 h=1     fold 3: F1=0.500 (8s)
chbmit bip  8s chb01 grouped fold 4: F1=1.000 (2s)
chbmit bip  8s chb01 h=1     fold 4: F1=1.000 (8s)
chbmit bip  8s chb18 grouped fold 0: F1=0.500 (3s)
chbmit bip  8s chb18 h=1     fold 0: F1=0.000 (6s)
chbmit bip  8s chb18 grouped fold 1: F1=0.625 (2s)
chbmit bip  8s chb18 h=1     fold 1: F1=0.714 (4s)
chbmit bip  8s chb18 grouped fold 2: F1=1.000 (2s)
chbmit bip  8s chb18 h=1     fold 2: F1=0.667 (3s)
chbmit bip  8s chb18 grouped fold 3: F1=1.000 (2s)
chbmit bip  8s chb18 h=1     fold 3: F1=0.875 (5s)
chbmit bip  8s chb18 grouped fold 4: F1=0.966 (2s)
chbmit bip  8s chb18 h=1     fold 4: F1=0.848 (4s)
siena bip  1s PN00 grouped fold 0: F1=0.770 (2s)
siena bip  1s PN00 h=1     fold 0: F1=0.831 (3s)
siena bip  1s PN00 grouped fold 1: F1=0.870 (3s)
siena bip  1s PN00 h=1     fold 1: F1=0.746 (5s)
siena bip  1s PN00 grouped fold 2: F1=0.599 (2s)
siena bip  1s PN00 h=1     fold 2: F1=0.752 (6s)
siena bip  1s PN00 grouped fold 3: F1=0.859 (3s)
siena bip  1s PN00 h=1     fold 3: F1=0.882 (4s)
siena bip  1s PN00 grouped fold 4: F1=0.687 (3s)
siena bip  1s PN00 h=1     fold 4: F1=0.811 (5s)
/home/gmarihuan/metapaper/datasets/recording_cv.py:87: UserWarning: Only 4 recordings; using leave-one-recording-out instead of 5-fold.
  warnings.warn(f"Only {n_rec} recordings; using leave-one-recording-out "
siena bip  1s PN14 grouped fold 0: F1=0.577 (1s)
siena bip  1s PN14 h=1     fold 0: F1=0.657 (2s)
siena bip  1s PN14 grouped fold 1: F1=0.750 (1s)
siena bip  1s PN14 h=1     fold 1: F1=0.720 (2s)
siena bip  1s PN14 grouped fold 2: F1=0.622 (1s)
siena bip  1s PN14 h=1     fold 2: F1=0.562 (2s)
siena bip  1s PN14 grouped fold 3: F1=0.691 (1s)
siena bip  1s PN14 h=1     fold 3: F1=0.640 (1s)
siena bip  5s PN00 grouped fold 0: F1=0.923 (1s)
siena bip  5s PN00 h=1     fold 0: F1=0.828 (6s)
siena bip  5s PN00 grouped fold 1: F1=0.714 (1s)
siena bip  5s PN00 h=1     fold 1: F1=0.667 (6s)
siena bip  5s PN00 grouped fold 2: F1=0.690 (2s)
siena bip  5s PN00 h=1     fold 2: F1=0.714 (6s)
siena bip  5s PN00 grouped fold 3: F1=0.889 (1s)
siena bip  5s PN00 h=1     fold 3: F1=0.815 (6s)
siena bip  5s PN00 grouped fold 4: F1=0.759 (2s)
siena bip  5s PN00 h=1     fold 4: F1=0.815 (6s)
/home/gmarihuan/metapaper/datasets/recording_cv.py:87: UserWarning: Only 4 recordings; using leave-one-recording-out instead of 5-fold.
  warnings.warn(f"Only {n_rec} recordings; using leave-one-recording-out "
siena bip  5s PN14 grouped fold 0: F1=0.667 (1s)
siena bip  5s PN14 h=1     fold 0: F1=0.533 (3s)
siena bip  5s PN14 grouped fold 1: F1=0.667 (2s)
siena bip  5s PN14 h=1     fold 1: F1=0.667 (4s)
siena bip  5s PN14 grouped fold 2: F1=0.667 (1s)
siena bip  5s PN14 h=1     fold 2: F1=0.667 (2s)
siena bip  5s PN14 grouped fold 3: F1=0.839 (1s)
siena bip  5s PN14 h=1     fold 3: F1=0.774 (2s)
siena bip  8s PN00 grouped fold 0: F1=0.857 (3s)
siena bip  8s PN00 h=1     fold 0: F1=0.933 (6s)
siena bip  8s PN00 grouped fold 1: F1=0.923 (2s)
siena bip  8s PN00 h=1     fold 1: F1=0.857 (6s)
siena bip  8s PN00 grouped fold 2: F1=0.500 (2s)
siena bip  8s PN00 h=1     fold 2: F1=0.571 (6s)
siena bip  8s PN00 grouped fold 3: F1=0.667 (2s)
siena bip  8s PN00 h=1     fold 3: F1=0.842 (6s)
siena bip  8s PN00 grouped fold 4: F1=0.933 (2s)
siena bip  8s PN00 h=1     fold 4: F1=0.857 (6s)
/home/gmarihuan/metapaper/datasets/recording_cv.py:87: UserWarning: Only 4 recordings; using leave-one-recording-out instead of 5-fold.
  warnings.warn(f"Only {n_rec} recordings; using leave-one-recording-out "
siena bip  8s PN14 grouped fold 0: F1=0.000 (1s)
siena bip  8s PN14 h=1     fold 0: F1=0.667 (2s)
siena bip  8s PN14 grouped fold 1: F1=1.000 (2s)
siena bip  8s PN14 h=1     fold 1: F1=0.000 (2s)
siena bip  8s PN14 grouped fold 2: F1=0.667 (1s)
siena bip  8s PN14 h=1     fold 2: F1=0.500 (3s)
siena bip  8s PN14 grouped fold 3: F1=0.900 (1s)
siena bip  8s PN14 h=1     fold 3: F1=0.643 (2s)
siena ref  1s PN00 grouped fold 0: F1=0.838 (2s)
siena ref  1s PN00 h=1     fold 0: F1=0.829 (5s)
siena ref  1s PN00 grouped fold 1: F1=0.897 (3s)
siena ref  1s PN00 h=1     fold 1: F1=0.702 (2s)
siena ref  1s PN00 grouped fold 2: F1=0.702 (2s)
siena ref  1s PN00 h=1     fold 2: F1=0.807 (4s)
siena ref  1s PN00 grouped fold 3: F1=0.806 (2s)
siena ref  1s PN00 h=1     fold 3: F1=0.863 (3s)
siena ref  1s PN00 grouped fold 4: F1=0.761 (3s)
siena ref  1s PN00 h=1     fold 4: F1=0.813 (4s)
/home/gmarihuan/metapaper/datasets/recording_cv.py:87: UserWarning: Only 4 recordings; using leave-one-recording-out instead of 5-fold.
  warnings.warn(f"Only {n_rec} recordings; using leave-one-recording-out "
siena ref  1s PN14 grouped fold 0: F1=0.381 (1s)
siena ref  1s PN14 h=1     fold 0: F1=0.654 (2s)
siena ref  1s PN14 grouped fold 1: F1=0.696 (1s)
siena ref  1s PN14 h=1     fold 1: F1=0.800 (2s)
siena ref  1s PN14 grouped fold 2: F1=0.641 (1s)
siena ref  1s PN14 h=1     fold 2: F1=0.635 (1s)
siena ref  1s PN14 grouped fold 3: F1=0.689 (1s)
siena ref  1s PN14 h=1     fold 3: F1=0.700 (1s)
siena ref  5s PN00 grouped fold 0: F1=0.828 (2s)
siena ref  5s PN00 h=1     fold 0: F1=0.828 (5s)
siena ref  5s PN00 grouped fold 1: F1=0.800 (1s)
siena ref  5s PN00 h=1     fold 1: F1=0.645 (6s)
siena ref  5s PN00 grouped fold 2: F1=0.714 (2s)
siena ref  5s PN00 h=1     fold 2: F1=0.783 (5s)
siena ref  5s PN00 grouped fold 3: F1=0.880 (2s)
siena ref  5s PN00 h=1     fold 3: F1=0.889 (5s)
siena ref  5s PN00 grouped fold 4: F1=0.667 (1s)
siena ref  5s PN00 h=1     fold 4: F1=0.786 (5s)
/home/gmarihuan/metapaper/datasets/recording_cv.py:87: UserWarning: Only 4 recordings; using leave-one-recording-out instead of 5-fold.
  warnings.warn(f"Only {n_rec} recordings; using leave-one-recording-out "
siena ref  5s PN14 grouped fold 0: F1=0.750 (1s)
siena ref  5s PN14 h=1     fold 0: F1=0.727 (3s)
siena ref  5s PN14 grouped fold 1: F1=1.000 (2s)
siena ref  5s PN14 h=1     fold 1: F1=0.667 (3s)
siena ref  5s PN14 grouped fold 2: F1=0.667 (1s)
siena ref  5s PN14 h=1     fold 2: F1=0.667 (3s)
siena ref  5s PN14 grouped fold 3: F1=0.759 (1s)
siena ref  5s PN14 h=1     fold 3: F1=0.683 (2s)
siena ref  8s PN00 grouped fold 0: F1=0.857 (1s)
siena ref  8s PN00 h=1     fold 0: F1=0.857 (5s)
siena ref  8s PN00 grouped fold 1: F1=1.000 (2s)
siena ref  8s PN00 h=1     fold 1: F1=0.857 (5s)
siena ref  8s PN00 grouped fold 2: F1=0.571 (2s)
siena ref  8s PN00 h=1     fold 2: F1=0.714 (5s)
siena ref  8s PN00 grouped fold 3: F1=0.875 (1s)
siena ref  8s PN00 h=1     fold 3: F1=0.800 (5s)
siena ref  8s PN00 grouped fold 4: F1=0.933 (2s)
siena ref  8s PN00 h=1     fold 4: F1=0.933 (5s)
/home/gmarihuan/metapaper/datasets/recording_cv.py:87: UserWarning: Only 4 recordings; using leave-one-recording-out instead of 5-fold.
  warnings.warn(f"Only {n_rec} recordings; using leave-one-recording-out "
siena ref  8s PN14 grouped fold 0: F1=0.800 (1s)
siena ref  8s PN14 h=1     fold 0: F1=0.667 (2s)
siena ref  8s PN14 grouped fold 1: F1=1.000 (1s)
siena ref  8s PN14 h=1     fold 1: F1=1.000 (3s)
siena ref  8s PN14 grouped fold 2: F1=0.833 (1s)
siena ref  8s PN14 h=1     fold 2: F1=0.500 (3s)
siena ref  8s PN14 grouped fold 3: F1=0.667 (0s)
siena ref  8s PN14 h=1     fold 3: F1=0.615 (2s)

# Experiment A, filtered: grouped vs. h=1 with band-pass filtering

Windows filtered at load time: 0.5–45.0 Hz zero-phase Butterworth band-pass (order 4) after removing the window mean, plus a notch at the mains frequency (60 Hz CHB-MIT, 50 Hz Siena), `datasets.preprocessing.filter_windows`. Same folds, splits, seeds and TrainConfig as the unfiltered runs (`a_grouped_all`, `a1_kernel_height_h1_all`, `a_siena_5p`), which give the *raw* columns. GPU training varies by about ±0.02 F1 between identical runs.

Per-fold rows: `a_filtered_folds.csv`. Generated by `experiments/experiment_a_filtered.py`.

## Mean over the patients (F1, fold means averaged)

| Dataset | Montage | Window | grouped raw | grouped filt | h=1 raw | h=1 filt | grouped − h=1 raw | grouped − h=1 filt |
|---|---|---|---|---|---|---|---|---|
| chbmit | bipolar | 1 s | 0.782 | 0.763 | 0.778 | 0.751 | +0.004 | +0.012 |
| chbmit | bipolar | 3 s | 0.863 | 0.822 | 0.815 | 0.839 | +0.048 | -0.017 |
| chbmit | bipolar | 5 s | 0.889 | 0.875 | 0.783 | 0.793 | +0.106 | +0.082 |
| chbmit | bipolar | 8 s | 0.874 | 0.896 | 0.743 | 0.745 | +0.130 | +0.151 |
| chbmit | bipolar | 10 s | 0.861 | 0.873 | 0.756 | 0.788 | +0.105 | +0.085 |
| siena | bipolar | 1 s | 0.366 | 0.708 | 0.676 | 0.725 | -0.311 | -0.016 |
| siena | bipolar | 3 s | 0.390 | 0.766 | 0.647 | 0.713 | -0.257 | +0.053 |
| siena | bipolar | 5 s | 0.368 | 0.752 | 0.660 | 0.714 | -0.292 | +0.038 |
| siena | bipolar | 8 s | 0.415 | 0.709 | 0.634 | 0.632 | -0.219 | +0.077 |
| siena | bipolar | 10 s | 0.274 | 0.822 | 0.426 | 0.612 | -0.153 | +0.211 |
| siena | referential | 1 s | 0.422 | 0.701 | 0.724 | 0.750 | -0.303 | -0.049 |
| siena | referential | 3 s | 0.477 | 0.766 | 0.725 | 0.780 | -0.248 | -0.014 |
| siena | referential | 5 s | 0.550 | 0.786 | 0.740 | 0.736 | -0.190 | +0.050 |
| siena | referential | 8 s | 0.481 | 0.836 | 0.512 | 0.764 | -0.031 | +0.072 |
| siena | referential | 10 s | 0.511 | 0.735 | 0.605 | 0.647 | -0.095 | +0.087 |

## Per patient (F1, mean over folds)

| Dataset | Montage | Window | Patient | grouped raw | grouped filt | h=1 raw | h=1 filt | grouped − h=1 raw | grouped − h=1 filt |
|---|---|---|---|---|---|---|---|---|---|
| chbmit | bipolar | 1 s | chb01 | 0.861 | 0.830 | 0.901 | 0.890 | -0.040 | -0.060 |
| chbmit | bipolar | 1 s | chb18 | 0.703 | 0.697 | 0.655 | 0.612 | +0.049 | +0.084 |
| chbmit | bipolar | 3 s | chb01 | 0.915 | 0.893 | 0.945 | 0.936 | -0.029 | -0.043 |
| chbmit | bipolar | 3 s | chb18 | 0.810 | 0.751 | 0.685 | 0.743 | +0.125 | +0.008 |
| chbmit | bipolar | 5 s | chb01 | 0.936 | 0.908 | 0.869 | 0.891 | +0.067 | +0.017 |
| chbmit | bipolar | 5 s | chb18 | 0.842 | 0.842 | 0.697 | 0.695 | +0.145 | +0.148 |
| chbmit | bipolar | 8 s | chb01 | 0.974 | 0.974 | 0.892 | 0.869 | +0.082 | +0.105 |
| chbmit | bipolar | 8 s | chb18 | 0.773 | 0.818 | 0.594 | 0.621 | +0.179 | +0.197 |
| chbmit | bipolar | 10 s | chb01 | 0.970 | 0.946 | 0.903 | 0.961 | +0.067 | -0.015 |
| chbmit | bipolar | 10 s | chb18 | 0.752 | 0.800 | 0.609 | 0.615 | +0.142 | +0.185 |
| siena | bipolar | 1 s | PN00 | 0.536 | 0.757 | 0.760 | 0.804 | -0.224 | -0.048 |
| siena | bipolar | 1 s | PN14 | 0.195 | 0.660 | 0.592 | 0.645 | -0.397 | +0.015 |
| siena | bipolar | 3 s | PN00 | 0.600 | 0.781 | 0.738 | 0.760 | -0.138 | +0.021 |
| siena | bipolar | 3 s | PN14 | 0.180 | 0.751 | 0.556 | 0.667 | -0.376 | +0.084 |
| siena | bipolar | 5 s | PN00 | 0.556 | 0.795 | 0.794 | 0.768 | -0.239 | +0.027 |
| siena | bipolar | 5 s | PN14 | 0.181 | 0.710 | 0.526 | 0.660 | -0.345 | +0.049 |
| siena | bipolar | 8 s | PN00 | 0.626 | 0.776 | 0.779 | 0.812 | -0.153 | -0.036 |
| siena | bipolar | 8 s | PN14 | 0.204 | 0.642 | 0.489 | 0.452 | -0.285 | +0.189 |
| siena | bipolar | 10 s | PN00 | 0.242 | 0.795 | 0.662 | 0.787 | -0.420 | +0.007 |
| siena | bipolar | 10 s | PN14 | 0.305 | 0.850 | 0.191 | 0.436 | +0.114 | +0.414 |
| siena | referential | 1 s | PN00 | 0.564 | 0.801 | 0.784 | 0.803 | -0.220 | -0.002 |
| siena | referential | 1 s | PN14 | 0.280 | 0.602 | 0.665 | 0.697 | -0.385 | -0.096 |
| siena | referential | 3 s | PN00 | 0.563 | 0.796 | 0.771 | 0.783 | -0.208 | +0.013 |
| siena | referential | 3 s | PN14 | 0.391 | 0.736 | 0.679 | 0.777 | -0.287 | -0.042 |
| siena | referential | 5 s | PN00 | 0.600 | 0.778 | 0.805 | 0.786 | -0.205 | -0.008 |
| siena | referential | 5 s | PN14 | 0.500 | 0.794 | 0.676 | 0.686 | -0.176 | +0.108 |
| siena | referential | 8 s | PN00 | 0.678 | 0.847 | 0.823 | 0.832 | -0.145 | +0.015 |
| siena | referential | 8 s | PN14 | 0.283 | 0.825 | 0.200 | 0.696 | +0.083 | +0.129 |
| siena | referential | 10 s | PN00 | 0.486 | 0.801 | 0.838 | 0.753 | -0.352 | +0.048 |
| siena | referential | 10 s | PN14 | 0.535 | 0.668 | 0.373 | 0.542 | +0.163 | +0.127 |

