bip  1s PN00 grouped fold 0: F1=0.770 (4s)
bip  1s PN00 h=1     fold 0: F1=0.849 (4s)
bip  1s PN00 h=4     fold 0: F1=0.794 (3s)
bip  1s PN00 h=8     fold 0: F1=0.843 (4s)
bip  1s PN00 h=16    fold 0: F1=0.700 (2s)
bip  1s PN00 h=21    fold 0: F1=0.677 (1s)
bip  1s PN00 grouped fold 1: F1=0.604 (2s)
bip  1s PN00 h=1     fold 1: F1=0.752 (4s)
bip  1s PN00 h=4     fold 1: F1=0.742 (4s)
bip  1s PN00 h=8     fold 1: F1=0.715 (2s)
bip  1s PN00 h=16    fold 1: F1=0.543 (2s)
bip  1s PN00 h=21    fold 1: F1=0.417 (1s)
bip  1s PN00 grouped fold 2: F1=0.427 (2s)
bip  1s PN00 h=1     fold 2: F1=0.625 (6s)
bip  1s PN00 h=4     fold 2: F1=0.617 (5s)
bip  1s PN00 h=8     fold 2: F1=0.584 (5s)
bip  1s PN00 h=16    fold 2: F1=0.456 (1s)
bip  1s PN00 h=21    fold 2: F1=0.508 (1s)
bip  1s PN00 grouped fold 3: F1=0.306 (1s)
bip  1s PN00 h=1     fold 3: F1=0.820 (3s)
bip  1s PN00 h=4     fold 3: F1=0.663 (3s)
bip  1s PN00 h=8     fold 3: F1=0.471 (3s)
bip  1s PN00 h=16    fold 3: F1=0.066 (1s)
bip  1s PN00 h=21    fold 3: F1=0.189 (1s)
bip  1s PN00 grouped fold 4: F1=0.573 (2s)
bip  1s PN00 h=1     fold 4: F1=0.756 (3s)
bip  1s PN00 h=4     fold 4: F1=0.738 (4s)
bip  1s PN00 h=8     fold 4: F1=0.821 (4s)
bip  1s PN00 h=16    fold 4: F1=0.579 (1s)
bip  1s PN00 h=21    fold 4: F1=0.533 (1s)
bip  1s PN06 grouped fold 0: F1=0.305 (3s)
bip  1s PN06 h=1     fold 0: F1=0.654 (4s)
bip  1s PN06 h=4     fold 0: F1=0.647 (5s)
bip  1s PN06 h=8     fold 0: F1=0.427 (4s)
bip  1s PN06 h=16    fold 0: F1=0.403 (2s)
bip  1s PN06 h=21    fold 0: F1=0.197 (1s)
bip  1s PN06 grouped fold 1: F1=0.425 (2s)
bip  1s PN06 h=1     fold 1: F1=0.502 (5s)
bip  1s PN06 h=4     fold 1: F1=0.508 (4s)
bip  1s PN06 h=8     fold 1: F1=0.609 (4s)
bip  1s PN06 h=16    fold 1: F1=0.304 (2s)
bip  1s PN06 h=21    fold 1: F1=0.388 (1s)
bip  1s PN06 grouped fold 2: F1=0.552 (2s)
bip  1s PN06 h=1     fold 2: F1=0.610 (5s)
bip  1s PN06 h=4     fold 2: F1=0.517 (5s)
bip  1s PN06 h=8     fold 2: F1=0.442 (3s)
bip  1s PN06 h=16    fold 2: F1=0.577 (2s)
bip  1s PN06 h=21    fold 2: F1=0.469 (1s)
bip  1s PN06 grouped fold 3: F1=0.414 (2s)
bip  1s PN06 h=1     fold 3: F1=0.685 (5s)
bip  1s PN06 h=4     fold 3: F1=0.559 (4s)
bip  1s PN06 h=8     fold 3: F1=0.447 (4s)
bip  1s PN06 h=16    fold 3: F1=0.505 (1s)
bip  1s PN06 h=21    fold 3: F1=0.314 (1s)
bip  1s PN06 grouped fold 4: F1=0.240 (3s)
bip  1s PN06 h=1     fold 4: F1=0.646 (5s)
bip  1s PN06 h=4     fold 4: F1=0.360 (4s)
bip  1s PN06 h=8     fold 4: F1=0.353 (5s)
bip  1s PN06 h=16    fold 4: F1=0.289 (2s)
bip  1s PN06 h=21    fold 4: F1=0.238 (1s)
bip  1s PN10 grouped fold 0: F1=0.366 (3s)
bip  1s PN10 h=1     fold 0: F1=0.587 (4s)
bip  1s PN10 h=4     fold 0: F1=0.435 (4s)
bip  1s PN10 h=8     fold 0: F1=0.578 (5s)
bip  1s PN10 h=16    fold 0: F1=0.458 (3s)
bip  1s PN10 h=21    fold 0: F1=0.467 (1s)
bip  1s PN10 grouped fold 1: F1=0.567 (3s)
bip  1s PN10 h=1     fold 1: F1=0.690 (2s)
bip  1s PN10 h=4     fold 1: F1=0.562 (6s)
bip  1s PN10 h=8     fold 1: F1=0.691 (5s)
bip  1s PN10 h=16    fold 1: F1=0.527 (3s)
bip  1s PN10 h=21    fold 1: F1=0.480 (2s)
bip  1s PN10 grouped fold 2: F1=0.654 (3s)
bip  1s PN10 h=1     fold 2: F1=0.693 (3s)
bip  1s PN10 h=4     fold 2: F1=0.683 (5s)
bip  1s PN10 h=8     fold 2: F1=0.768 (5s)
bip  1s PN10 h=16    fold 2: F1=0.649 (4s)
bip  1s PN10 h=21    fold 2: F1=0.481 (2s)
bip  1s PN10 grouped fold 3: F1=0.629 (2s)
bip  1s PN10 h=1     fold 3: F1=0.708 (4s)
bip  1s PN10 h=4     fold 3: F1=0.594 (6s)
bip  1s PN10 h=8     fold 3: F1=0.293 (5s)
bip  1s PN10 h=16    fold 3: F1=0.500 (4s)
bip  1s PN10 h=21    fold 3: F1=0.333 (2s)
bip  1s PN10 grouped fold 4: F1=0.732 (3s)
bip  1s PN10 h=1     fold 4: F1=0.709 (4s)
bip  1s PN10 h=4     fold 4: F1=0.551 (6s)
bip  1s PN10 h=8     fold 4: F1=0.556 (6s)
bip  1s PN10 h=16    fold 4: F1=0.420 (2s)
bip  1s PN10 h=21    fold 4: F1=0.270 (2s)
/home/gmarihuan/metapaper/datasets/recording_cv.py:87: UserWarning: Only 3 recordings; using leave-one-recording-out instead of 5-fold.
  warnings.warn(f"Only {n_rec} recordings; using leave-one-recording-out "
bip  1s PN12 grouped fold 0: F1=0.611 (1s)
bip  1s PN12 h=1     fold 0: F1=0.685 (4s)
bip  1s PN12 h=4     fold 0: F1=0.648 (3s)
bip  1s PN12 h=8     fold 0: F1=0.687 (2s)
bip  1s PN12 h=16    fold 0: F1=0.643 (1s)
bip  1s PN12 h=21    fold 0: F1=0.589 (1s)
bip  1s PN12 grouped fold 1: F1=0.460 (2s)
bip  1s PN12 h=1     fold 1: F1=0.630 (4s)
bip  1s PN12 h=4     fold 1: F1=0.660 (4s)
bip  1s PN12 h=8     fold 1: F1=0.453 (2s)
bip  1s PN12 h=16    fold 1: F1=0.424 (1s)
bip  1s PN12 h=21    fold 1: F1=0.412 (1s)
bip  1s PN12 grouped fold 2: F1=0.778 (3s)
bip  1s PN12 h=1     fold 2: F1=0.806 (5s)
bip  1s PN12 h=4     fold 2: F1=0.750 (5s)
bip  1s PN12 h=8     fold 2: F1=0.574 (2s)
bip  1s PN12 h=16    fold 2: F1=0.640 (2s)
bip  1s PN12 h=21    fold 2: F1=0.624 (1s)
/home/gmarihuan/metapaper/datasets/recording_cv.py:87: UserWarning: Only 4 recordings; using leave-one-recording-out instead of 5-fold.
  warnings.warn(f"Only {n_rec} recordings; using leave-one-recording-out "
bip  1s PN14 grouped fold 0: F1=0.051 (2s)
bip  1s PN14 h=1     fold 0: F1=0.390 (3s)
bip  1s PN14 h=4     fold 0: F1=0.381 (3s)
bip  1s PN14 h=8     fold 0: F1=0.192 (1s)
bip  1s PN14 h=16    fold 0: F1=0.000 (1s)
bip  1s PN14 h=21    fold 0: F1=0.098 (0s)
bip  1s PN14 grouped fold 1: F1=0.105 (1s)
bip  1s PN14 h=1     fold 1: F1=0.692 (2s)
bip  1s PN14 h=4     fold 1: F1=0.462 (3s)
bip  1s PN14 h=8     fold 1: F1=0.000 (2s)
bip  1s PN14 h=16    fold 1: F1=0.095 (1s)
bip  1s PN14 h=21    fold 1: F1=0.000 (1s)
bip  1s PN14 grouped fold 2: F1=0.380 (1s)
bip  1s PN14 h=1     fold 2: F1=0.603 (1s)
bip  1s PN14 h=4     fold 2: F1=0.579 (2s)
bip  1s PN14 h=8     fold 2: F1=0.556 (2s)
bip  1s PN14 h=16    fold 2: F1=0.113 (0s)
bip  1s PN14 h=21    fold 2: F1=0.394 (0s)
bip  1s PN14 grouped fold 3: F1=0.243 (1s)
bip  1s PN14 h=1     fold 3: F1=0.683 (2s)
bip  1s PN14 h=4     fold 3: F1=0.656 (2s)
bip  1s PN14 h=8     fold 3: F1=0.584 (2s)
bip  1s PN14 h=16    fold 3: F1=0.352 (1s)
bip  1s PN14 h=21    fold 3: F1=0.211 (0s)
bip  3s PN00 grouped fold 0: F1=0.870 (2s)
bip  3s PN00 h=1     fold 0: F1=0.870 (6s)
bip  3s PN00 h=4     fold 0: F1=0.750 (5s)
bip  3s PN00 h=8     fold 0: F1=0.913 (4s)
bip  3s PN00 h=16    fold 0: F1=0.593 (1s)
bip  3s PN00 h=21    fold 0: F1=0.444 (0s)
bip  3s PN00 grouped fold 1: F1=0.667 (1s)
bip  3s PN00 h=1     fold 1: F1=0.632 (5s)
bip  3s PN00 h=4     fold 1: F1=0.829 (5s)
bip  3s PN00 h=8     fold 1: F1=0.769 (4s)
bip  3s PN00 h=16    fold 1: F1=0.650 (1s)
bip  3s PN00 h=21    fold 1: F1=0.684 (1s)
bip  3s PN00 grouped fold 2: F1=0.513 (1s)
bip  3s PN00 h=1     fold 2: F1=0.596 (6s)
bip  3s PN00 h=4     fold 2: F1=0.593 (5s)
bip  3s PN00 h=8     fold 2: F1=0.400 (4s)
bip  3s PN00 h=16    fold 2: F1=0.444 (1s)
bip  3s PN00 h=21    fold 2: F1=0.476 (1s)
bip  3s PN00 grouped fold 3: F1=0.333 (2s)
bip  3s PN00 h=1     fold 3: F1=0.809 (6s)
bip  3s PN00 h=4     fold 3: F1=0.409 (5s)
bip  3s PN00 h=8     fold 3: F1=0.649 (4s)
bip  3s PN00 h=16    fold 3: F1=0.114 (2s)
bip  3s PN00 h=21    fold 3: F1=0.049 (0s)
bip  3s PN00 grouped fold 4: F1=0.615 (1s)
bip  3s PN00 h=1     fold 4: F1=0.784 (5s)
bip  3s PN00 h=4     fold 4: F1=0.741 (5s)
bip  3s PN00 h=8     fold 4: F1=0.720 (4s)
bip  3s PN00 h=16    fold 4: F1=0.558 (1s)
bip  3s PN00 h=21    fold 4: F1=0.667 (1s)
bip  3s PN06 grouped fold 0: F1=0.062 (1s)
bip  3s PN06 h=1     fold 0: F1=0.829 (5s)
bip  3s PN06 h=4     fold 0: F1=0.389 (4s)
bip  3s PN06 h=8     fold 0: F1=0.471 (4s)
bip  3s PN06 h=16    fold 0: F1=0.286 (1s)
bip  3s PN06 h=21    fold 0: F1=0.226 (1s)
bip  3s PN06 grouped fold 1: F1=0.213 (1s)
bip  3s PN06 h=1     fold 1: F1=0.500 (5s)
bip  3s PN06 h=4     fold 1: F1=0.372 (4s)
bip  3s PN06 h=8     fold 1: F1=0.610 (4s)
bip  3s PN06 h=16    fold 1: F1=0.000 (1s)
bip  3s PN06 h=21    fold 1: F1=0.409 (0s)
bip  3s PN06 grouped fold 2: F1=0.556 (1s)
bip  3s PN06 h=1     fold 2: F1=0.629 (6s)
bip  3s PN06 h=4     fold 2: F1=0.390 (4s)
bip  3s PN06 h=8     fold 2: F1=0.296 (3s)
bip  3s PN06 h=16    fold 2: F1=0.250 (1s)
bip  3s PN06 h=21    fold 2: F1=0.462 (0s)
bip  3s PN06 grouped fold 3: F1=0.000 (1s)
bip  3s PN06 h=1     fold 3: F1=0.760 (5s)
bip  3s PN06 h=4     fold 3: F1=0.643 (4s)
bip  3s PN06 h=8     fold 3: F1=0.500 (3s)
bip  3s PN06 h=16    fold 3: F1=0.426 (1s)
bip  3s PN06 h=21    fold 3: F1=0.083 (0s)
bip  3s PN06 grouped fold 4: F1=0.231 (1s)
bip  3s PN06 h=1     fold 4: F1=0.579 (6s)
bip  3s PN06 h=4     fold 4: F1=0.316 (5s)
bip  3s PN06 h=8     fold 4: F1=0.294 (4s)
bip  3s PN06 h=16    fold 4: F1=0.154 (1s)
bip  3s PN06 h=21    fold 4: F1=0.200 (0s)
bip  3s PN10 grouped fold 0: F1=0.531 (1s)
bip  3s PN10 h=1     fold 0: F1=0.724 (6s)
bip  3s PN10 h=4     fold 0: F1=0.792 (5s)
bip  3s PN10 h=8     fold 0: F1=0.609 (4s)
bip  3s PN10 h=16    fold 0: F1=0.622 (2s)
bip  3s PN10 h=21    fold 0: F1=0.494 (0s)
bip  3s PN10 grouped fold 1: F1=0.630 (1s)
bip  3s PN10 h=1     fold 1: F1=0.714 (6s)
bip  3s PN10 h=4     fold 1: F1=0.655 (5s)
bip  3s PN10 h=8     fold 1: F1=0.630 (5s)
bip  3s PN10 h=16    fold 1: F1=0.367 (1s)
bip  3s PN10 h=21    fold 1: F1=0.385 (1s)
bip  3s PN10 grouped fold 2: F1=0.351 (2s)
bip  3s PN10 h=1     fold 2: F1=0.533 (4s)
bip  3s PN10 h=4     fold 2: F1=0.492 (6s)
bip  3s PN10 h=8     fold 2: F1=0.414 (4s)
bip  3s PN10 h=16    fold 2: F1=0.275 (1s)
bip  3s PN10 h=21    fold 2: F1=0.383 (1s)
bip  3s PN10 grouped fold 3: F1=0.765 (1s)
bip  3s PN10 h=1     fold 3: F1=0.302 (7s)
bip  3s PN10 h=4     fold 3: F1=0.304 (5s)
bip  3s PN10 h=8     fold 3: F1=0.286 (5s)
bip  3s PN10 h=16    fold 3: F1=0.492 (2s)
bip  3s PN10 h=21    fold 3: F1=0.369 (1s)
bip  3s PN10 grouped fold 4: F1=0.850 (1s)
bip  3s PN10 h=1     fold 4: F1=0.700 (7s)
bip  3s PN10 h=4     fold 4: F1=0.686 (6s)
bip  3s PN10 h=8     fold 4: F1=0.333 (5s)
bip  3s PN10 h=16    fold 4: F1=0.286 (1s)
bip  3s PN10 h=21    fold 4: F1=0.207 (1s)
/home/gmarihuan/metapaper/datasets/recording_cv.py:87: UserWarning: Only 3 recordings; using leave-one-recording-out instead of 5-fold.
  warnings.warn(f"Only {n_rec} recordings; using leave-one-recording-out "
bip  3s PN12 grouped fold 0: F1=0.548 (1s)
bip  3s PN12 h=1     fold 0: F1=0.618 (3s)
bip  3s PN12 h=4     fold 0: F1=0.569 (3s)
bip  3s PN12 h=8     fold 0: F1=0.537 (2s)
bip  3s PN12 h=16    fold 0: F1=0.473 (1s)
bip  3s PN12 h=21    fold 0: F1=0.535 (0s)
bip  3s PN12 grouped fold 1: F1=0.531 (1s)
bip  3s PN12 h=1     fold 1: F1=0.683 (2s)
bip  3s PN12 h=4     fold 1: F1=0.554 (3s)
bip  3s PN12 h=8     fold 1: F1=0.356 (2s)
bip  3s PN12 h=16    fold 1: F1=0.330 (0s)
bip  3s PN12 h=21    fold 1: F1=0.368 (0s)
bip  3s PN12 grouped fold 2: F1=0.627 (1s)
bip  3s PN12 h=1     fold 2: F1=0.679 (2s)
bip  3s PN12 h=4     fold 2: F1=0.407 (1s)
bip  3s PN12 h=8     fold 2: F1=0.360 (1s)
bip  3s PN12 h=16    fold 2: F1=0.537 (1s)
bip  3s PN12 h=21    fold 2: F1=0.450 (0s)
/home/gmarihuan/metapaper/datasets/recording_cv.py:87: UserWarning: Only 4 recordings; using leave-one-recording-out instead of 5-fold.
  warnings.warn(f"Only {n_rec} recordings; using leave-one-recording-out "
bip  3s PN14 grouped fold 0: F1=0.000 (1s)
bip  3s PN14 h=1     fold 0: F1=0.640 (2s)
bip  3s PN14 h=4     fold 0: F1=0.583 (2s)
bip  3s PN14 h=8     fold 0: F1=0.308 (1s)
bip  3s PN14 h=16    fold 0: F1=0.000 (1s)
bip  3s PN14 h=21    fold 0: F1=0.000 (0s)
bip  3s PN14 grouped fold 1: F1=0.250 (1s)
bip  3s PN14 h=1     fold 1: F1=0.500 (3s)
bip  3s PN14 h=4     fold 1: F1=0.000 (3s)
bip  3s PN14 h=8     fold 1: F1=0.000 (1s)
bip  3s PN14 h=16    fold 1: F1=0.222 (0s)
bip  3s PN14 h=21    fold 1: F1=0.000 (0s)
bip  3s PN14 grouped fold 2: F1=0.105 (0s)
bip  3s PN14 h=1     fold 2: F1=0.526 (2s)
bip  3s PN14 h=4     fold 2: F1=0.333 (1s)
bip  3s PN14 h=8     fold 2: F1=0.421 (1s)
bip  3s PN14 h=16    fold 2: F1=0.273 (0s)
bip  3s PN14 h=21    fold 2: F1=0.333 (0s)
bip  3s PN14 grouped fold 3: F1=0.364 (0s)
bip  3s PN14 h=1     fold 3: F1=0.557 (1s)
bip  3s PN14 h=4     fold 3: F1=0.333 (1s)
bip  3s PN14 h=8     fold 3: F1=0.000 (0s)
bip  3s PN14 h=16    fold 3: F1=0.067 (0s)
bip  3s PN14 h=21    fold 3: F1=0.242 (0s)
bip  5s PN00 grouped fold 0: F1=0.571 (1s)
bip  5s PN00 h=1     fold 0: F1=0.800 (6s)
bip  5s PN00 h=4     fold 0: F1=0.667 (5s)
bip  5s PN00 h=8     fold 0: F1=0.720 (4s)
bip  5s PN00 h=16    fold 0: F1=0.692 (1s)
bip  5s PN00 h=21    fold 0: F1=0.375 (0s)
bip  5s PN00 grouped fold 1: F1=0.526 (1s)
bip  5s PN00 h=1     fold 1: F1=0.800 (4s)
bip  5s PN00 h=4     fold 1: F1=0.720 (5s)
bip  5s PN00 h=8     fold 1: F1=0.900 (4s)
bip  5s PN00 h=16    fold 1: F1=0.667 (1s)
bip  5s PN00 h=21    fold 1: F1=0.435 (0s)
bip  5s PN00 grouped fold 2: F1=0.815 (1s)
bip  5s PN00 h=1     fold 2: F1=0.750 (6s)
bip  5s PN00 h=4     fold 2: F1=0.667 (5s)
bip  5s PN00 h=8     fold 2: F1=0.696 (4s)
bip  5s PN00 h=16    fold 2: F1=0.545 (1s)
bip  5s PN00 h=21    fold 2: F1=0.857 (0s)
bip  5s PN00 grouped fold 3: F1=0.414 (1s)
bip  5s PN00 h=1     fold 3: F1=0.733 (6s)
bip  5s PN00 h=4     fold 3: F1=0.333 (5s)
bip  5s PN00 h=8     fold 3: F1=0.250 (4s)
bip  5s PN00 h=16    fold 3: F1=0.000 (1s)
bip  5s PN00 h=21    fold 3: F1=0.095 (1s)
bip  5s PN00 grouped fold 4: F1=0.452 (1s)
bip  5s PN00 h=1     fold 4: F1=0.889 (6s)
bip  5s PN00 h=4     fold 4: F1=0.688 (5s)
bip  5s PN00 h=8     fold 4: F1=0.600 (4s)
bip  5s PN00 h=16    fold 4: F1=0.600 (1s)
bip  5s PN00 h=21    fold 4: F1=0.714 (0s)
bip  5s PN06 grouped fold 0: F1=0.061 (1s)
bip  5s PN06 h=1     fold 0: F1=0.526 (5s)
bip  5s PN06 h=4     fold 0: F1=0.143 (4s)
bip  5s PN06 h=8     fold 0: F1=0.154 (3s)
bip  5s PN06 h=16    fold 0: F1=0.423 (1s)
bip  5s PN06 h=21    fold 0: F1=0.000 (0s)
bip  5s PN06 grouped fold 1: F1=0.000 (0s)
bip  5s PN06 h=1     fold 1: F1=0.511 (5s)
bip  5s PN06 h=4     fold 1: F1=0.118 (2s)
bip  5s PN06 h=8     fold 1: F1=0.000 (1s)
bip  5s PN06 h=16    fold 1: F1=0.000 (0s)
bip  5s PN06 h=21    fold 1: F1=0.348 (1s)
bip  5s PN06 grouped fold 2: F1=0.538 (1s)
bip  5s PN06 h=1     fold 2: F1=0.588 (5s)
bip  5s PN06 h=4     fold 2: F1=0.545 (4s)
bip  5s PN06 h=8     fold 2: F1=0.174 (3s)
bip  5s PN06 h=16    fold 2: F1=0.154 (2s)
bip  5s PN06 h=21    fold 2: F1=0.538 (0s)
bip  5s PN06 grouped fold 3: F1=0.222 (1s)
bip  5s PN06 h=1     fold 3: F1=0.625 (5s)
bip  5s PN06 h=4     fold 3: F1=0.571 (4s)
bip  5s PN06 h=8     fold 3: F1=0.545 (4s)
bip  5s PN06 h=16    fold 3: F1=0.483 (1s)
bip  5s PN06 h=21    fold 3: F1=0.111 (1s)
bip  5s PN06 grouped fold 4: F1=0.000 (2s)
bip  5s PN06 h=1     fold 4: F1=0.667 (5s)
bip  5s PN06 h=4     fold 4: F1=0.353 (4s)
bip  5s PN06 h=8     fold 4: F1=0.353 (4s)
bip  5s PN06 h=16    fold 4: F1=0.308 (1s)
bip  5s PN06 h=21    fold 4: F1=0.333 (0s)
bip  5s PN10 grouped fold 0: F1=0.320 (1s)
bip  5s PN10 h=1     fold 0: F1=0.558 (5s)
bip  5s PN10 h=4     fold 0: F1=0.368 (6s)
bip  5s PN10 h=8     fold 0: F1=0.292 (3s)
bip  5s PN10 h=16    fold 0: F1=0.410 (2s)
bip  5s PN10 h=21    fold 0: F1=0.526 (1s)
bip  5s PN10 grouped fold 1: F1=0.625 (1s)
bip  5s PN10 h=1     fold 1: F1=0.774 (5s)
bip  5s PN10 h=4     fold 1: F1=0.733 (5s)
bip  5s PN10 h=8     fold 1: F1=0.000 (1s)
bip  5s PN10 h=16    fold 1: F1=0.571 (1s)
bip  5s PN10 h=21    fold 1: F1=0.511 (0s)
bip  5s PN10 grouped fold 2: F1=0.583 (1s)
bip  5s PN10 h=1     fold 2: F1=0.720 (3s)
bip  5s PN10 h=4     fold 2: F1=0.765 (4s)
bip  5s PN10 h=8     fold 2: F1=0.800 (3s)
bip  5s PN10 h=16    fold 2: F1=0.636 (1s)
bip  5s PN10 h=21    fold 2: F1=0.349 (1s)
bip  5s PN10 grouped fold 3: F1=0.632 (1s)
bip  5s PN10 h=1     fold 3: F1=0.600 (4s)
bip  5s PN10 h=4     fold 3: F1=0.417 (4s)
bip  5s PN10 h=8     fold 3: F1=0.462 (2s)
bip  5s PN10 h=16    fold 3: F1=0.286 (1s)
bip  5s PN10 h=21    fold 3: F1=0.431 (1s)
bip  5s PN10 grouped fold 4: F1=0.545 (1s)
bip  5s PN10 h=1     fold 4: F1=0.800 (6s)
bip  5s PN10 h=4     fold 4: F1=0.818 (6s)
bip  5s PN10 h=8     fold 4: F1=0.286 (4s)
bip  5s PN10 h=16    fold 4: F1=0.000 (1s)
bip  5s PN10 h=21    fold 4: F1=0.222 (1s)
/home/gmarihuan/metapaper/datasets/recording_cv.py:87: UserWarning: Only 3 recordings; using leave-one-recording-out instead of 5-fold.
  warnings.warn(f"Only {n_rec} recordings; using leave-one-recording-out "
bip  5s PN12 grouped fold 0: F1=0.620 (1s)
bip  5s PN12 h=1     fold 0: F1=0.667 (4s)
bip  5s PN12 h=4     fold 0: F1=0.656 (3s)
bip  5s PN12 h=8     fold 0: F1=0.610 (3s)
bip  5s PN12 h=16    fold 0: F1=0.471 (1s)
bip  5s PN12 h=21    fold 0: F1=0.786 (0s)
bip  5s PN12 grouped fold 1: F1=0.545 (2s)
bip  5s PN12 h=1     fold 1: F1=0.682 (4s)
bip  5s PN12 h=4     fold 1: F1=0.596 (4s)
bip  5s PN12 h=8     fold 1: F1=0.378 (3s)
bip  5s PN12 h=16    fold 1: F1=0.414 (1s)
bip  5s PN12 h=21    fold 1: F1=0.367 (0s)
bip  5s PN12 grouped fold 2: F1=0.786 (1s)
bip  5s PN12 h=1     fold 2: F1=0.471 (2s)
bip  5s PN12 h=4     fold 2: F1=0.294 (2s)
bip  5s PN12 h=8     fold 2: F1=0.294 (1s)
bip  5s PN12 h=16    fold 2: F1=0.522 (1s)
bip  5s PN12 h=21    fold 2: F1=0.710 (0s)
/home/gmarihuan/metapaper/datasets/recording_cv.py:87: UserWarning: Only 4 recordings; using leave-one-recording-out instead of 5-fold.
  warnings.warn(f"Only {n_rec} recordings; using leave-one-recording-out "
bip  5s PN14 grouped fold 0: F1=0.400 (0s)
bip  5s PN14 h=1     fold 0: F1=0.769 (3s)
bip  5s PN14 h=4     fold 0: F1=0.625 (2s)
bip  5s PN14 h=8     fold 0: F1=0.000 (1s)
bip  5s PN14 h=16    fold 0: F1=0.000 (0s)
bip  5s PN14 h=21    fold 0: F1=0.000 (0s)
bip  5s PN14 grouped fold 1: F1=0.000 (1s)
bip  5s PN14 h=1     fold 1: F1=0.000 (2s)
bip  5s PN14 h=4     fold 1: F1=0.000 (1s)
bip  5s PN14 h=8     fold 1: F1=0.000 (2s)
bip  5s PN14 h=16    fold 1: F1=0.333 (1s)
bip  5s PN14 h=21    fold 1: F1=0.000 (0s)
bip  5s PN14 grouped fold 2: F1=0.000 (1s)
bip  5s PN14 h=1     fold 2: F1=0.667 (3s)
bip  5s PN14 h=4     fold 2: F1=0.333 (2s)
bip  5s PN14 h=8     fold 2: F1=0.571 (2s)
bip  5s PN14 h=16    fold 2: F1=0.154 (0s)
bip  5s PN14 h=21    fold 2: F1=0.286 (0s)
bip  5s PN14 grouped fold 3: F1=0.323 (1s)
bip  5s PN14 h=1     fold 3: F1=0.667 (2s)
bip  5s PN14 h=4     fold 3: F1=0.368 (2s)
bip  5s PN14 h=8     fold 3: F1=0.300 (1s)
bip  5s PN14 h=16    fold 3: F1=0.261 (0s)
bip  5s PN14 h=21    fold 3: F1=0.370 (0s)
bip  8s PN00 grouped fold 0: F1=1.000 (1s)
bip  8s PN00 h=1     fold 0: F1=0.857 (6s)
bip  8s PN00 h=4     fold 0: F1=0.769 (5s)
bip  8s PN00 h=8     fold 0: F1=0.824 (4s)
bip  8s PN00 h=16    fold 0: F1=0.750 (2s)
bip  8s PN00 h=21    fold 0: F1=0.625 (0s)
bip  8s PN00 grouped fold 1: F1=0.667 (1s)
bip  8s PN00 h=1     fold 1: F1=1.000 (6s)
bip  8s PN00 h=4     fold 1: F1=0.800 (5s)
bip  8s PN00 h=8     fold 1: F1=0.909 (4s)
bip  8s PN00 h=16    fold 1: F1=0.714 (2s)
bip  8s PN00 h=21    fold 1: F1=0.600 (0s)
bip  8s PN00 grouped fold 2: F1=0.500 (1s)
bip  8s PN00 h=1     fold 2: F1=0.500 (6s)
bip  8s PN00 h=4     fold 2: F1=0.500 (5s)
bip  8s PN00 h=8     fold 2: F1=0.353 (4s)
bip  8s PN00 h=16    fold 2: F1=0.545 (1s)
bip  8s PN00 h=21    fold 2: F1=0.571 (1s)
bip  8s PN00 grouped fold 3: F1=0.429 (2s)
bip  8s PN00 h=1     fold 3: F1=0.737 (6s)
bip  8s PN00 h=4     fold 3: F1=0.143 (5s)
bip  8s PN00 h=8     fold 3: F1=0.421 (4s)
bip  8s PN00 h=16    fold 3: F1=0.000 (2s)
bip  8s PN00 h=21    fold 3: F1=0.000 (1s)
bip  8s PN00 grouped fold 4: F1=0.533 (2s)
bip  8s PN00 h=1     fold 4: F1=0.800 (6s)
bip  8s PN00 h=4     fold 4: F1=0.714 (5s)
bip  8s PN00 h=8     fold 4: F1=0.375 (4s)
bip  8s PN00 h=16    fold 4: F1=0.556 (1s)
bip  8s PN00 h=21    fold 4: F1=0.533 (1s)
bip  8s PN06 grouped fold 0: F1=0.000 (1s)
bip  8s PN06 h=1     fold 0: F1=0.750 (5s)
bip  8s PN06 h=4     fold 0: F1=0.400 (3s)
bip  8s PN06 h=8     fold 0: F1=0.222 (3s)
bip  8s PN06 h=16    fold 0: F1=0.000 (1s)
bip  8s PN06 h=21    fold 0: F1=0.000 (0s)
bip  8s PN06 grouped fold 1: F1=0.133 (1s)
bip  8s PN06 h=1     fold 1: F1=0.333 (5s)
bip  8s PN06 h=4     fold 1: F1=0.500 (4s)
bip  8s PN06 h=8     fold 1: F1=0.000 (1s)
bip  8s PN06 h=16    fold 1: F1=0.111 (1s)
bip  8s PN06 h=21    fold 1: F1=0.222 (0s)
bip  8s PN06 grouped fold 2: F1=0.500 (2s)
bip  8s PN06 h=1     fold 2: F1=0.333 (5s)
bip  8s PN06 h=4     fold 2: F1=0.222 (5s)
bip  8s PN06 h=8     fold 2: F1=0.000 (4s)
bip  8s PN06 h=16    fold 2: F1=0.222 (1s)
bip  8s PN06 h=21    fold 2: F1=0.222 (0s)
bip  8s PN06 grouped fold 3: F1=0.000 (1s)
bip  8s PN06 h=1     fold 3: F1=0.609 (5s)
bip  8s PN06 h=4     fold 3: F1=0.667 (4s)
bip  8s PN06 h=8     fold 3: F1=0.182 (3s)
bip  8s PN06 h=16    fold 3: F1=0.286 (1s)
bip  8s PN06 h=21    fold 3: F1=0.000 (0s)
bip  8s PN06 grouped fold 4: F1=0.333 (1s)
bip  8s PN06 h=1     fold 4: F1=0.364 (6s)
bip  8s PN06 h=4     fold 4: F1=0.444 (5s)
bip  8s PN06 h=8     fold 4: F1=0.364 (4s)
bip  8s PN06 h=16    fold 4: F1=0.000 (0s)
bip  8s PN06 h=21    fold 4: F1=0.250 (0s)
bip  8s PN10 grouped fold 0: F1=0.471 (1s)
bip  8s PN10 h=1     fold 0: F1=0.700 (6s)
bip  8s PN10 h=4     fold 0: F1=0.583 (5s)
bip  8s PN10 h=8     fold 0: F1=0.211 (4s)
bip  8s PN10 h=16    fold 0: F1=0.421 (2s)
bip  8s PN10 h=21    fold 0: F1=0.583 (1s)
bip  8s PN10 grouped fold 1: F1=0.609 (2s)
bip  8s PN10 h=1     fold 1: F1=0.737 (3s)
bip  8s PN10 h=4     fold 1: F1=0.714 (3s)
bip  8s PN10 h=8     fold 1: F1=0.714 (3s)
bip  8s PN10 h=16    fold 1: F1=0.667 (1s)
bip  8s PN10 h=21    fold 1: F1=0.621 (0s)
bip  8s PN10 grouped fold 2: F1=0.875 (2s)
bip  8s PN10 h=1     fold 2: F1=0.714 (5s)
bip  8s PN10 h=4     fold 2: F1=0.889 (5s)
bip  8s PN10 h=8     fold 2: F1=0.824 (4s)
bip  8s PN10 h=16    fold 2: F1=0.842 (2s)
bip  8s PN10 h=21    fold 2: F1=0.889 (1s)
bip  8s PN10 grouped fold 3: F1=0.833 (2s)
bip  8s PN10 h=1     fold 3: F1=0.452 (5s)
bip  8s PN10 h=4     fold 3: F1=0.636 (4s)
bip  8s PN10 h=8     fold 3: F1=0.636 (5s)
bip  8s PN10 h=16    fold 3: F1=0.452 (1s)
bip  8s PN10 h=21    fold 3: F1=0.292 (1s)
bip  8s PN10 grouped fold 4: F1=0.667 (1s)
bip  8s PN10 h=1     fold 4: F1=0.833 (7s)
bip  8s PN10 h=4     fold 4: F1=0.667 (5s)
bip  8s PN10 h=8     fold 4: F1=0.444 (4s)
bip  8s PN10 h=16    fold 4: F1=0.250 (1s)
bip  8s PN10 h=21    fold 4: F1=0.222 (0s)
/home/gmarihuan/metapaper/datasets/recording_cv.py:87: UserWarning: Only 3 recordings; using leave-one-recording-out instead of 5-fold.
  warnings.warn(f"Only {n_rec} recordings; using leave-one-recording-out "
bip  8s PN12 grouped fold 0: F1=0.578 (1s)
bip  8s PN12 h=1     fold 0: F1=0.549 (3s)
bip  8s PN12 h=4     fold 0: F1=0.520 (3s)
bip  8s PN12 h=8     fold 0: F1=0.458 (3s)
bip  8s PN12 h=16    fold 0: F1=0.308 (1s)
bip  8s PN12 h=21    fold 0: F1=0.634 (0s)
bip  8s PN12 grouped fold 1: F1=0.609 (1s)
bip  8s PN12 h=1     fold 1: F1=0.786 (5s)
bip  8s PN12 h=4     fold 1: F1=0.500 (4s)
bip  8s PN12 h=8     fold 1: F1=0.400 (2s)
bip  8s PN12 h=16    fold 1: F1=0.333 (1s)
bip  8s PN12 h=21    fold 1: F1=0.387 (0s)
bip  8s PN12 grouped fold 2: F1=0.667 (1s)
bip  8s PN12 h=1     fold 2: F1=0.500 (6s)
bip  8s PN12 h=4     fold 2: F1=0.000 (1s)
bip  8s PN12 h=8     fold 2: F1=0.286 (4s)
bip  8s PN12 h=16    fold 2: F1=0.000 (1s)
bip  8s PN12 h=21    fold 2: F1=0.400 (0s)
/home/gmarihuan/metapaper/datasets/recording_cv.py:87: UserWarning: Only 4 recordings; using leave-one-recording-out instead of 5-fold.
  warnings.warn(f"Only {n_rec} recordings; using leave-one-recording-out "
bip  8s PN14 grouped fold 0: F1=0.400 (1s)
bip  8s PN14 h=1     fold 0: F1=0.857 (3s)
bip  8s PN14 h=4     fold 0: F1=0.857 (3s)
bip  8s PN14 h=8     fold 0: F1=0.000 (0s)
bip  8s PN14 h=16    fold 0: F1=0.000 (1s)
bip  8s PN14 h=21    fold 0: F1=0.000 (0s)
bip  8s PN14 grouped fold 1: F1=0.000 (0s)
bip  8s PN14 h=1     fold 1: F1=0.000 (2s)
bip  8s PN14 h=4     fold 1: F1=0.000 (0s)
bip  8s PN14 h=8     fold 1: F1=0.000 (0s)
bip  8s PN14 h=16    fold 1: F1=0.000 (0s)
bip  8s PN14 h=21    fold 1: F1=0.000 (0s)
bip  8s PN14 grouped fold 2: F1=0.250 (1s)
bip  8s PN14 h=1     fold 2: F1=0.500 (3s)
bip  8s PN14 h=4     fold 2: F1=0.250 (3s)
bip  8s PN14 h=8     fold 2: F1=0.333 (2s)
bip  8s PN14 h=16    fold 2: F1=0.200 (1s)
bip  8s PN14 h=21    fold 2: F1=0.308 (1s)
bip  8s PN14 grouped fold 3: F1=0.167 (0s)
bip  8s PN14 h=1     fold 3: F1=0.600 (2s)
bip  8s PN14 h=4     fold 3: F1=0.560 (2s)
bip  8s PN14 h=8     fold 3: F1=0.609 (1s)
bip  8s PN14 h=16    fold 3: F1=0.000 (0s)
bip  8s PN14 h=21    fold 3: F1=0.000 (0s)
bip 10s PN00 grouped fold 0: F1=0.000 (0s)
bip 10s PN00 h=1     fold 0: F1=0.375 (2s)
bip 10s PN00 h=4     fold 0: F1=0.353 (3s)
bip 10s PN00 h=8     fold 0: F1=0.588 (4s)
bip 10s PN00 h=16    fold 0: F1=0.714 (2s)
bip 10s PN00 h=21    fold 0: F1=0.632 (0s)
bip 10s PN00 grouped fold 1: F1=0.667 (1s)
bip 10s PN00 h=1     fold 1: F1=1.000 (7s)
bip 10s PN00 h=4     fold 1: F1=0.750 (6s)
bip 10s PN00 h=8     fold 1: F1=0.889 (5s)
bip 10s PN00 h=16    fold 1: F1=0.571 (1s)
bip 10s PN00 h=21    fold 1: F1=0.444 (0s)
bip 10s PN00 grouped fold 2: F1=0.000 (0s)
bip 10s PN00 h=1     fold 2: F1=0.435 (5s)
bip 10s PN00 h=4     fold 2: F1=0.000 (1s)
bip 10s PN00 h=8     fold 2: F1=0.000 (1s)
bip 10s PN00 h=16    fold 2: F1=0.000 (0s)
bip 10s PN00 h=21    fold 2: F1=0.000 (0s)
bip 10s PN00 grouped fold 3: F1=0.000 (1s)
bip 10s PN00 h=1     fold 3: F1=0.667 (6s)
bip 10s PN00 h=4     fold 3: F1=0.200 (5s)
bip 10s PN00 h=8     fold 3: F1=0.000 (5s)
bip 10s PN00 h=16    fold 3: F1=0.000 (0s)
bip 10s PN00 h=21    fold 3: F1=0.182 (0s)
bip 10s PN00 grouped fold 4: F1=0.545 (1s)
bip 10s PN00 h=1     fold 4: F1=0.833 (6s)
bip 10s PN00 h=4     fold 4: F1=0.625 (5s)
bip 10s PN00 h=8     fold 4: F1=0.429 (5s)
bip 10s PN00 h=16    fold 4: F1=0.000 (2s)
bip 10s PN00 h=21    fold 4: F1=0.545 (0s)
bip 10s PN06 grouped fold 0: F1=0.000 (1s)
bip 10s PN06 h=1     fold 0: F1=0.727 (5s)
bip 10s PN06 h=4     fold 0: F1=0.000 (2s)
bip 10s PN06 h=8     fold 0: F1=0.000 (2s)
bip 10s PN06 h=16    fold 0: F1=0.000 (0s)
bip 10s PN06 h=21    fold 0: F1=0.133 (0s)
bip 10s PN06 grouped fold 1: F1=0.444 (2s)
bip 10s PN06 h=1     fold 1: F1=0.480 (5s)
bip 10s PN06 h=4     fold 1: F1=0.429 (4s)
bip 10s PN06 h=8     fold 1: F1=0.444 (4s)
bip 10s PN06 h=16    fold 1: F1=0.200 (2s)
bip 10s PN06 h=21    fold 1: F1=0.333 (1s)
bip 10s PN06 grouped fold 2: F1=0.500 (1s)
bip 10s PN06 h=1     fold 2: F1=0.000 (6s)
bip 10s PN06 h=4     fold 2: F1=0.429 (5s)
bip 10s PN06 h=8     fold 2: F1=0.182 (4s)
bip 10s PN06 h=16    fold 2: F1=0.000 (2s)
bip 10s PN06 h=21    fold 2: F1=0.333 (0s)
bip 10s PN06 grouped fold 3: F1=0.000 (0s)
bip 10s PN06 h=1     fold 3: F1=0.571 (5s)
bip 10s PN06 h=4     fold 3: F1=0.667 (5s)
bip 10s PN06 h=8     fold 3: F1=0.000 (1s)
bip 10s PN06 h=16    fold 3: F1=0.167 (1s)
bip 10s PN06 h=21    fold 3: F1=0.000 (0s)
bip 10s PN06 grouped fold 4: F1=0.000 (1s)
bip 10s PN06 h=1     fold 4: F1=0.750 (6s)
bip 10s PN06 h=4     fold 4: F1=0.444 (5s)
bip 10s PN06 h=8     fold 4: F1=0.333 (4s)
bip 10s PN06 h=16    fold 4: F1=0.000 (1s)
bip 10s PN06 h=21    fold 4: F1=0.000 (0s)
bip 10s PN10 grouped fold 0: F1=0.500 (1s)
bip 10s PN10 h=1     fold 0: F1=0.714 (6s)
bip 10s PN10 h=4     fold 0: F1=0.667 (5s)
bip 10s PN10 h=8     fold 0: F1=0.125 (4s)
bip 10s PN10 h=16    fold 0: F1=0.333 (2s)
bip 10s PN10 h=21    fold 0: F1=0.400 (1s)
bip 10s PN10 grouped fold 1: F1=0.800 (1s)
bip 10s PN10 h=1     fold 1: F1=0.615 (6s)
bip 10s PN10 h=4     fold 1: F1=0.000 (1s)
bip 10s PN10 h=8     fold 1: F1=0.000 (1s)
bip 10s PN10 h=16    fold 1: F1=0.414 (2s)
bip 10s PN10 h=21    fold 1: F1=0.300 (1s)
bip 10s PN10 grouped fold 2: F1=0.667 (1s)
bip 10s PN10 h=1     fold 2: F1=0.727 (3s)
bip 10s PN10 h=4     fold 2: F1=0.909 (3s)
bip 10s PN10 h=8     fold 2: F1=0.000 (2s)
bip 10s PN10 h=16    fold 2: F1=0.000 (1s)
bip 10s PN10 h=21    fold 2: F1=0.286 (0s)
bip 10s PN10 grouped fold 3: F1=0.444 (2s)
bip 10s PN10 h=1     fold 3: F1=0.632 (5s)
bip 10s PN10 h=4     fold 3: F1=0.522 (5s)
bip 10s PN10 h=8     fold 3: F1=0.286 (3s)
bip 10s PN10 h=16    fold 3: F1=0.387 (2s)
bip 10s PN10 h=21    fold 3: F1=0.293 (1s)
bip 10s PN10 grouped fold 4: F1=0.522 (1s)
bip 10s PN10 h=1     fold 4: F1=0.667 (5s)
bip 10s PN10 h=4     fold 4: F1=0.727 (5s)
bip 10s PN10 h=8     fold 4: F1=0.250 (4s)
bip 10s PN10 h=16    fold 4: F1=0.286 (1s)
bip 10s PN10 h=21    fold 4: F1=0.222 (0s)
/home/gmarihuan/metapaper/datasets/recording_cv.py:87: UserWarning: Only 3 recordings; using leave-one-recording-out instead of 5-fold.
  warnings.warn(f"Only {n_rec} recordings; using leave-one-recording-out "
bip 10s PN12 grouped fold 0: F1=0.606 (1s)
bip 10s PN12 h=1     fold 0: F1=0.500 (3s)
bip 10s PN12 h=4     fold 0: F1=0.286 (2s)
bip 10s PN12 h=8     fold 0: F1=0.432 (3s)
bip 10s PN12 h=16    fold 0: F1=0.200 (1s)
bip 10s PN12 h=21    fold 0: F1=0.579 (0s)
bip 10s PN12 grouped fold 1: F1=0.667 (1s)
bip 10s PN12 h=1     fold 1: F1=0.737 (4s)
bip 10s PN12 h=4     fold 1: F1=0.308 (2s)
bip 10s PN12 h=8     fold 1: F1=0.300 (3s)
bip 10s PN12 h=16    fold 1: F1=0.476 (1s)
bip 10s PN12 h=21    fold 1: F1=0.455 (0s)
bip 10s PN12 grouped fold 2: F1=0.500 (1s)
bip 10s PN12 h=1     fold 2: F1=0.571 (3s)
bip 10s PN12 h=4     fold 2: F1=0.211 (3s)
bip 10s PN12 h=8     fold 2: F1=0.333 (4s)
bip 10s PN12 h=16    fold 2: F1=0.308 (1s)
bip 10s PN12 h=21    fold 2: F1=0.714 (1s)
/home/gmarihuan/metapaper/datasets/recording_cv.py:87: UserWarning: Only 4 recordings; using leave-one-recording-out instead of 5-fold.
  warnings.warn(f"Only {n_rec} recordings; using leave-one-recording-out "
bip 10s PN14 grouped fold 0: F1=0.667 (0s)
bip 10s PN14 h=1     fold 0: F1=0.364 (3s)
bip 10s PN14 h=4     fold 0: F1=0.444 (3s)
bip 10s PN14 h=8     fold 0: F1=0.500 (3s)
bip 10s PN14 h=16    fold 0: F1=0.000 (1s)
bip 10s PN14 h=21    fold 0: F1=0.667 (0s)
bip 10s PN14 grouped fold 1: F1=0.000 (1s)
bip 10s PN14 h=1     fold 1: F1=0.000 (3s)
bip 10s PN14 h=4     fold 1: F1=0.000 (2s)
bip 10s PN14 h=8     fold 1: F1=0.000 (3s)
bip 10s PN14 h=16    fold 1: F1=0.000 (1s)
bip 10s PN14 h=21    fold 1: F1=0.000 (0s)
bip 10s PN14 grouped fold 2: F1=0.400 (0s)
bip 10s PN14 h=1     fold 2: F1=0.400 (3s)
bip 10s PN14 h=4     fold 2: F1=0.333 (3s)
bip 10s PN14 h=8     fold 2: F1=0.667 (2s)
bip 10s PN14 h=16    fold 2: F1=0.667 (1s)
bip 10s PN14 h=21    fold 2: F1=0.400 (0s)
bip 10s PN14 grouped fold 3: F1=0.154 (0s)
bip 10s PN14 h=1     fold 3: F1=0.000 (0s)
bip 10s PN14 h=4     fold 3: F1=0.000 (0s)
bip 10s PN14 h=8     fold 3: F1=0.571 (1s)
bip 10s PN14 h=16    fold 3: F1=0.400 (1s)
bip 10s PN14 h=21    fold 3: F1=0.143 (0s)
ref  1s PN00 grouped fold 0: F1=0.729 (3s)
ref  1s PN00 h=1     fold 0: F1=0.839 (3s)
ref  1s PN00 h=4     fold 0: F1=0.878 (5s)
ref  1s PN00 h=8     fold 0: F1=0.886 (3s)
ref  1s PN00 h=16    fold 0: F1=0.729 (2s)
ref  1s PN00 h=19    fold 0: F1=0.787 (1s)
ref  1s PN00 grouped fold 1: F1=0.540 (1s)
ref  1s PN00 h=1     fold 1: F1=0.783 (6s)
ref  1s PN00 h=4     fold 1: F1=0.739 (5s)
ref  1s PN00 h=8     fold 1: F1=0.718 (4s)
ref  1s PN00 h=16    fold 1: F1=0.485 (1s)
ref  1s PN00 h=19    fold 1: F1=0.299 (1s)
ref  1s PN00 grouped fold 2: F1=0.599 (2s)
ref  1s PN00 h=1     fold 2: F1=0.748 (5s)
ref  1s PN00 h=4     fold 2: F1=0.640 (4s)
ref  1s PN00 h=8     fold 2: F1=0.628 (3s)
ref  1s PN00 h=16    fold 2: F1=0.410 (2s)
ref  1s PN00 h=19    fold 2: F1=0.683 (1s)
ref  1s PN00 grouped fold 3: F1=0.284 (1s)
ref  1s PN00 h=1     fold 3: F1=0.782 (2s)
ref  1s PN00 h=4     fold 3: F1=0.781 (2s)
ref  1s PN00 h=8     fold 3: F1=0.638 (3s)
ref  1s PN00 h=16    fold 3: F1=0.416 (1s)
ref  1s PN00 h=19    fold 3: F1=0.286 (1s)
ref  1s PN00 grouped fold 4: F1=0.667 (2s)
ref  1s PN00 h=1     fold 4: F1=0.768 (5s)
ref  1s PN00 h=4     fold 4: F1=0.844 (4s)
ref  1s PN00 h=8     fold 4: F1=0.825 (3s)
ref  1s PN00 h=16    fold 4: F1=0.699 (2s)
ref  1s PN00 h=19    fold 4: F1=0.779 (2s)
ref  1s PN06 grouped fold 0: F1=0.384 (2s)
ref  1s PN06 h=1     fold 0: F1=0.586 (4s)
ref  1s PN06 h=4     fold 0: F1=0.810 (4s)
ref  1s PN06 h=8     fold 0: F1=0.721 (4s)
ref  1s PN06 h=16    fold 0: F1=0.524 (2s)
ref  1s PN06 h=19    fold 0: F1=0.409 (1s)
ref  1s PN06 grouped fold 1: F1=0.378 (2s)
ref  1s PN06 h=1     fold 1: F1=0.610 (4s)
ref  1s PN06 h=4     fold 1: F1=0.657 (4s)
ref  1s PN06 h=8     fold 1: F1=0.576 (3s)
ref  1s PN06 h=16    fold 1: F1=0.500 (1s)
ref  1s PN06 h=19    fold 1: F1=0.371 (1s)
ref  1s PN06 grouped fold 2: F1=0.526 (3s)
ref  1s PN06 h=1     fold 2: F1=0.500 (4s)
ref  1s PN06 h=4     fold 2: F1=0.620 (5s)
ref  1s PN06 h=8     fold 2: F1=0.507 (3s)
ref  1s PN06 h=16    fold 2: F1=0.575 (2s)
ref  1s PN06 h=19    fold 2: F1=0.681 (1s)
ref  1s PN06 grouped fold 3: F1=0.413 (1s)
ref  1s PN06 h=1     fold 3: F1=0.652 (5s)
ref  1s PN06 h=4     fold 3: F1=0.698 (4s)
ref  1s PN06 h=8     fold 3: F1=0.659 (4s)
ref  1s PN06 h=16    fold 3: F1=0.613 (2s)
ref  1s PN06 h=19    fold 3: F1=0.437 (1s)
ref  1s PN06 grouped fold 4: F1=0.206 (2s)
ref  1s PN06 h=1     fold 4: F1=0.642 (4s)
ref  1s PN06 h=4     fold 4: F1=0.548 (3s)
ref  1s PN06 h=8     fold 4: F1=0.366 (4s)
ref  1s PN06 h=16    fold 4: F1=0.215 (2s)
ref  1s PN06 h=19    fold 4: F1=0.222 (1s)
ref  1s PN10 grouped fold 0: F1=0.208 (2s)
ref  1s PN10 h=1     fold 0: F1=0.523 (6s)
ref  1s PN10 h=4     fold 0: F1=0.509 (6s)
ref  1s PN10 h=8     fold 0: F1=0.356 (3s)
ref  1s PN10 h=16    fold 0: F1=0.294 (1s)
ref  1s PN10 h=19    fold 0: F1=0.258 (1s)
ref  1s PN10 grouped fold 1: F1=0.373 (2s)
ref  1s PN10 h=1     fold 1: F1=0.637 (5s)
ref  1s PN10 h=4     fold 1: F1=0.663 (6s)
ref  1s PN10 h=8     fold 1: F1=0.438 (4s)
ref  1s PN10 h=16    fold 1: F1=0.312 (4s)
ref  1s PN10 h=19    fold 1: F1=0.353 (1s)
ref  1s PN10 grouped fold 2: F1=0.562 (3s)
ref  1s PN10 h=1     fold 2: F1=0.612 (6s)
ref  1s PN10 h=4     fold 2: F1=0.645 (4s)
ref  1s PN10 h=8     fold 2: F1=0.692 (5s)
ref  1s PN10 h=16    fold 2: F1=0.662 (2s)
ref  1s PN10 h=19    fold 2: F1=0.607 (1s)
ref  1s PN10 grouped fold 3: F1=0.646 (2s)
ref  1s PN10 h=1     fold 3: F1=0.752 (3s)
ref  1s PN10 h=4     fold 3: F1=0.453 (3s)
ref  1s PN10 h=8     fold 3: F1=0.649 (5s)
ref  1s PN10 h=16    fold 3: F1=0.545 (2s)
ref  1s PN10 h=19    fold 3: F1=0.338 (1s)
ref  1s PN10 grouped fold 4: F1=0.806 (3s)
ref  1s PN10 h=1     fold 4: F1=0.797 (3s)
ref  1s PN10 h=4     fold 4: F1=0.712 (5s)
ref  1s PN10 h=8     fold 4: F1=0.783 (5s)
ref  1s PN10 h=16    fold 4: F1=0.776 (3s)
ref  1s PN10 h=19    fold 4: F1=0.701 (1s)
/home/gmarihuan/metapaper/datasets/recording_cv.py:87: UserWarning: Only 3 recordings; using leave-one-recording-out instead of 5-fold.
  warnings.warn(f"Only {n_rec} recordings; using leave-one-recording-out "
ref  1s PN12 grouped fold 0: F1=0.579 (1s)
ref  1s PN12 h=1     fold 0: F1=0.659 (3s)
ref  1s PN12 h=4     fold 0: F1=0.717 (3s)
ref  1s PN12 h=8     fold 0: F1=0.700 (3s)
ref  1s PN12 h=16    fold 0: F1=0.734 (1s)
ref  1s PN12 h=19    fold 0: F1=0.625 (1s)
ref  1s PN12 grouped fold 1: F1=0.446 (2s)
ref  1s PN12 h=1     fold 1: F1=0.727 (4s)
ref  1s PN12 h=4     fold 1: F1=0.564 (3s)
ref  1s PN12 h=8     fold 1: F1=0.453 (3s)
ref  1s PN12 h=16    fold 1: F1=0.472 (2s)
ref  1s PN12 h=19    fold 1: F1=0.402 (1s)
ref  1s PN12 grouped fold 2: F1=0.476 (3s)
ref  1s PN12 h=1     fold 2: F1=0.732 (3s)
ref  1s PN12 h=4     fold 2: F1=0.819 (4s)
ref  1s PN12 h=8     fold 2: F1=0.831 (4s)
ref  1s PN12 h=16    fold 2: F1=0.772 (1s)
ref  1s PN12 h=19    fold 2: F1=0.514 (1s)
/home/gmarihuan/metapaper/datasets/recording_cv.py:87: UserWarning: Only 4 recordings; using leave-one-recording-out instead of 5-fold.
  warnings.warn(f"Only {n_rec} recordings; using leave-one-recording-out "
ref  1s PN14 grouped fold 0: F1=0.327 (1s)
ref  1s PN14 h=1     fold 0: F1=0.680 (3s)
ref  1s PN14 h=4     fold 0: F1=0.667 (2s)
ref  1s PN14 h=8     fold 0: F1=0.651 (3s)
ref  1s PN14 h=16    fold 0: F1=0.607 (1s)
ref  1s PN14 h=19    fold 0: F1=0.000 (1s)
ref  1s PN14 grouped fold 1: F1=0.000 (1s)
ref  1s PN14 h=1     fold 1: F1=0.690 (2s)
ref  1s PN14 h=4     fold 1: F1=0.514 (3s)
ref  1s PN14 h=8     fold 1: F1=0.533 (3s)
ref  1s PN14 h=16    fold 1: F1=0.353 (1s)
ref  1s PN14 h=19    fold 1: F1=0.286 (1s)
ref  1s PN14 grouped fold 2: F1=0.430 (1s)
ref  1s PN14 h=1     fold 2: F1=0.676 (1s)
ref  1s PN14 h=4     fold 2: F1=0.625 (3s)
ref  1s PN14 h=8     fold 2: F1=0.646 (1s)
ref  1s PN14 h=16    fold 2: F1=0.417 (1s)
ref  1s PN14 h=19    fold 2: F1=0.519 (1s)
ref  1s PN14 grouped fold 3: F1=0.361 (1s)
ref  1s PN14 h=1     fold 3: F1=0.612 (2s)
ref  1s PN14 h=4     fold 3: F1=0.687 (2s)
ref  1s PN14 h=8     fold 3: F1=0.581 (1s)
ref  1s PN14 h=16    fold 3: F1=0.378 (0s)
ref  1s PN14 h=19    fold 3: F1=0.183 (0s)
ref  3s PN00 grouped fold 0: F1=0.809 (1s)
ref  3s PN00 h=1     fold 0: F1=0.884 (5s)
ref  3s PN00 h=4     fold 0: F1=0.909 (5s)
ref  3s PN00 h=8     fold 0: F1=0.864 (4s)
ref  3s PN00 h=16    fold 0: F1=0.773 (2s)
ref  3s PN00 h=19    fold 0: F1=0.744 (0s)
ref  3s PN00 grouped fold 1: F1=0.571 (1s)
ref  3s PN00 h=1     fold 1: F1=0.680 (6s)
ref  3s PN00 h=4     fold 1: F1=0.680 (5s)
ref  3s PN00 h=8     fold 1: F1=0.640 (4s)
ref  3s PN00 h=16    fold 1: F1=0.636 (2s)
ref  3s PN00 h=19    fold 1: F1=0.553 (0s)
ref  3s PN00 grouped fold 2: F1=0.651 (1s)
ref  3s PN00 h=1     fold 2: F1=0.636 (4s)
ref  3s PN00 h=4     fold 2: F1=0.622 (5s)
ref  3s PN00 h=8     fold 2: F1=0.622 (4s)
ref  3s PN00 h=16    fold 2: F1=0.667 (1s)
ref  3s PN00 h=19    fold 2: F1=0.615 (1s)
ref  3s PN00 grouped fold 3: F1=0.103 (1s)
ref  3s PN00 h=1     fold 3: F1=0.800 (6s)
ref  3s PN00 h=4     fold 3: F1=0.720 (5s)
ref  3s PN00 h=8     fold 3: F1=0.680 (4s)
ref  3s PN00 h=16    fold 3: F1=0.426 (1s)
ref  3s PN00 h=19    fold 3: F1=0.327 (1s)
ref  3s PN00 grouped fold 4: F1=0.682 (1s)
ref  3s PN00 h=1     fold 4: F1=0.857 (2s)
ref  3s PN00 h=4     fold 4: F1=0.760 (5s)
ref  3s PN00 h=8     fold 4: F1=0.792 (4s)
ref  3s PN00 h=16    fold 4: F1=0.622 (1s)
ref  3s PN00 h=19    fold 4: F1=0.762 (0s)
ref  3s PN06 grouped fold 0: F1=0.241 (1s)
ref  3s PN06 h=1     fold 0: F1=0.750 (5s)
ref  3s PN06 h=4     fold 0: F1=0.702 (4s)
ref  3s PN06 h=8     fold 0: F1=0.509 (3s)
ref  3s PN06 h=16    fold 0: F1=0.419 (1s)
ref  3s PN06 h=19    fold 0: F1=0.286 (0s)
ref  3s PN06 grouped fold 1: F1=0.415 (1s)
ref  3s PN06 h=1     fold 1: F1=0.760 (5s)
ref  3s PN06 h=4     fold 1: F1=0.792 (4s)
ref  3s PN06 h=8     fold 1: F1=0.744 (3s)
ref  3s PN06 h=16    fold 1: F1=0.615 (1s)
ref  3s PN06 h=19    fold 1: F1=0.300 (1s)
ref  3s PN06 grouped fold 2: F1=0.500 (1s)
ref  3s PN06 h=1     fold 2: F1=0.647 (5s)
ref  3s PN06 h=4     fold 2: F1=0.727 (4s)
ref  3s PN06 h=8     fold 2: F1=0.640 (4s)
ref  3s PN06 h=16    fold 2: F1=0.690 (1s)
ref  3s PN06 h=19    fold 2: F1=0.562 (0s)
ref  3s PN06 grouped fold 3: F1=0.467 (1s)
ref  3s PN06 h=1     fold 3: F1=0.816 (5s)
ref  3s PN06 h=4     fold 3: F1=0.652 (4s)
ref  3s PN06 h=8     fold 3: F1=0.511 (2s)
ref  3s PN06 h=16    fold 3: F1=0.410 (1s)
ref  3s PN06 h=19    fold 3: F1=0.294 (0s)
ref  3s PN06 grouped fold 4: F1=0.160 (1s)
ref  3s PN06 h=1     fold 4: F1=0.703 (5s)
ref  3s PN06 h=4     fold 4: F1=0.538 (4s)
ref  3s PN06 h=8     fold 4: F1=0.387 (4s)
ref  3s PN06 h=16    fold 4: F1=0.231 (1s)
ref  3s PN06 h=19    fold 4: F1=0.267 (0s)
ref  3s PN10 grouped fold 0: F1=0.385 (1s)
ref  3s PN10 h=1     fold 0: F1=0.676 (5s)
ref  3s PN10 h=4     fold 0: F1=0.571 (4s)
ref  3s PN10 h=8     fold 0: F1=0.611 (3s)
ref  3s PN10 h=16    fold 0: F1=0.500 (1s)
ref  3s PN10 h=19    fold 0: F1=0.388 (0s)
ref  3s PN10 grouped fold 1: F1=0.596 (2s)
ref  3s PN10 h=1     fold 1: F1=0.500 (6s)
ref  3s PN10 h=4     fold 1: F1=0.619 (5s)
ref  3s PN10 h=8     fold 1: F1=0.571 (2s)
ref  3s PN10 h=16    fold 1: F1=0.760 (1s)
ref  3s PN10 h=19    fold 1: F1=0.769 (0s)
ref  3s PN10 grouped fold 2: F1=0.250 (2s)
ref  3s PN10 h=1     fold 2: F1=0.494 (3s)
ref  3s PN10 h=4     fold 2: F1=0.410 (5s)
ref  3s PN10 h=8     fold 2: F1=0.215 (3s)
ref  3s PN10 h=16    fold 2: F1=0.235 (1s)
ref  3s PN10 h=19    fold 2: F1=0.354 (1s)
ref  3s PN10 grouped fold 3: F1=0.323 (1s)
ref  3s PN10 h=1     fold 3: F1=0.630 (2s)
ref  3s PN10 h=4     fold 3: F1=0.563 (3s)
ref  3s PN10 h=8     fold 3: F1=0.623 (4s)
ref  3s PN10 h=16    fold 3: F1=0.364 (1s)
ref  3s PN10 h=19    fold 3: F1=0.444 (1s)
ref  3s PN10 grouped fold 4: F1=0.769 (2s)
ref  3s PN10 h=1     fold 4: F1=0.829 (4s)
ref  3s PN10 h=4     fold 4: F1=0.791 (3s)
ref  3s PN10 h=8     fold 4: F1=0.780 (2s)
ref  3s PN10 h=16    fold 4: F1=0.800 (1s)
ref  3s PN10 h=19    fold 4: F1=0.750 (1s)
/home/gmarihuan/metapaper/datasets/recording_cv.py:87: UserWarning: Only 3 recordings; using leave-one-recording-out instead of 5-fold.
  warnings.warn(f"Only {n_rec} recordings; using leave-one-recording-out "
ref  3s PN12 grouped fold 0: F1=0.597 (1s)
ref  3s PN12 h=1     fold 0: F1=0.574 (3s)
ref  3s PN12 h=4     fold 0: F1=0.599 (2s)
ref  3s PN12 h=8     fold 0: F1=0.667 (2s)
ref  3s PN12 h=16    fold 0: F1=0.618 (0s)
ref  3s PN12 h=19    fold 0: F1=0.576 (0s)
ref  3s PN12 grouped fold 1: F1=0.273 (0s)
ref  3s PN12 h=1     fold 1: F1=0.638 (3s)
ref  3s PN12 h=4     fold 1: F1=0.541 (2s)
ref  3s PN12 h=8     fold 1: F1=0.511 (1s)
ref  3s PN12 h=16    fold 1: F1=0.391 (0s)
ref  3s PN12 h=19    fold 1: F1=0.273 (0s)
ref  3s PN12 grouped fold 2: F1=0.200 (1s)
ref  3s PN12 h=1     fold 2: F1=0.857 (4s)
ref  3s PN12 h=4     fold 2: F1=0.857 (4s)
ref  3s PN12 h=8     fold 2: F1=0.762 (2s)
ref  3s PN12 h=16    fold 2: F1=0.700 (0s)
ref  3s PN12 h=19    fold 2: F1=0.375 (1s)
/home/gmarihuan/metapaper/datasets/recording_cv.py:87: UserWarning: Only 4 recordings; using leave-one-recording-out instead of 5-fold.
  warnings.warn(f"Only {n_rec} recordings; using leave-one-recording-out "
ref  3s PN14 grouped fold 0: F1=0.435 (0s)
ref  3s PN14 h=1     fold 0: F1=0.800 (2s)
ref  3s PN14 h=4     fold 0: F1=0.615 (1s)
ref  3s PN14 h=8     fold 0: F1=0.000 (1s)
ref  3s PN14 h=16    fold 0: F1=0.476 (0s)
ref  3s PN14 h=19    fold 0: F1=0.000 (0s)
ref  3s PN14 grouped fold 1: F1=0.286 (0s)
ref  3s PN14 h=1     fold 1: F1=0.600 (3s)
ref  3s PN14 h=4     fold 1: F1=0.857 (3s)
ref  3s PN14 h=8     fold 1: F1=0.750 (2s)
ref  3s PN14 h=16    fold 1: F1=0.500 (0s)
ref  3s PN14 h=19    fold 1: F1=0.250 (0s)
ref  3s PN14 grouped fold 2: F1=0.545 (0s)
ref  3s PN14 h=1     fold 2: F1=0.636 (1s)
ref  3s PN14 h=4     fold 2: F1=0.636 (1s)
ref  3s PN14 h=8     fold 2: F1=0.692 (2s)
ref  3s PN14 h=16    fold 2: F1=0.727 (0s)
ref  3s PN14 h=19    fold 2: F1=0.667 (0s)
ref  3s PN14 grouped fold 3: F1=0.300 (0s)
ref  3s PN14 h=1     fold 3: F1=0.679 (1s)
ref  3s PN14 h=4     fold 3: F1=0.250 (0s)
ref  3s PN14 h=8     fold 3: F1=0.423 (0s)
ref  3s PN14 h=16    fold 3: F1=0.326 (0s)
ref  3s PN14 h=19    fold 3: F1=0.300 (0s)
ref  5s PN00 grouped fold 0: F1=0.643 (1s)
ref  5s PN00 h=1     fold 0: F1=0.786 (5s)
ref  5s PN00 h=4     fold 0: F1=0.774 (4s)
ref  5s PN00 h=8     fold 0: F1=0.815 (3s)
ref  5s PN00 h=16    fold 0: F1=0.571 (1s)
ref  5s PN00 h=19    fold 0: F1=0.562 (0s)
ref  5s PN00 grouped fold 1: F1=0.556 (1s)
ref  5s PN00 h=1     fold 1: F1=0.714 (4s)
ref  5s PN00 h=4     fold 1: F1=0.783 (5s)
ref  5s PN00 h=8     fold 1: F1=0.667 (2s)
ref  5s PN00 h=16    fold 1: F1=0.556 (0s)
ref  5s PN00 h=19    fold 1: F1=0.632 (0s)
ref  5s PN00 grouped fold 2: F1=0.815 (1s)
ref  5s PN00 h=1     fold 2: F1=0.833 (4s)
ref  5s PN00 h=4     fold 2: F1=0.800 (5s)
ref  5s PN00 h=8     fold 2: F1=0.800 (3s)
ref  5s PN00 h=16    fold 2: F1=0.667 (0s)
ref  5s PN00 h=19    fold 2: F1=0.615 (0s)
ref  5s PN00 grouped fold 3: F1=0.296 (1s)
ref  5s PN00 h=1     fold 3: F1=0.774 (5s)
ref  5s PN00 h=4     fold 3: F1=0.667 (4s)
ref  5s PN00 h=8     fold 3: F1=0.690 (3s)
ref  5s PN00 h=16    fold 3: F1=0.444 (1s)
ref  5s PN00 h=19    fold 3: F1=0.486 (0s)
ref  5s PN00 grouped fold 4: F1=0.690 (1s)
ref  5s PN00 h=1     fold 4: F1=0.917 (5s)
ref  5s PN00 h=4     fold 4: F1=0.800 (4s)
ref  5s PN00 h=8     fold 4: F1=0.923 (3s)
ref  5s PN00 h=16    fold 4: F1=0.667 (1s)
ref  5s PN00 h=19    fold 4: F1=0.857 (0s)
ref  5s PN06 grouped fold 0: F1=0.291 (1s)
ref  5s PN06 h=1     fold 0: F1=0.640 (5s)
ref  5s PN06 h=4     fold 0: F1=0.588 (4s)
ref  5s PN06 h=8     fold 0: F1=0.629 (3s)
ref  5s PN06 h=16    fold 0: F1=0.429 (1s)
ref  5s PN06 h=19    fold 0: F1=0.129 (0s)
ref  5s PN06 grouped fold 1: F1=0.400 (0s)
ref  5s PN06 h=1     fold 1: F1=0.649 (4s)
ref  5s PN06 h=4     fold 1: F1=0.897 (4s)
ref  5s PN06 h=8     fold 1: F1=0.432 (1s)
ref  5s PN06 h=16    fold 1: F1=0.000 (0s)
ref  5s PN06 h=19    fold 1: F1=0.214 (0s)
ref  5s PN06 grouped fold 2: F1=0.700 (1s)
ref  5s PN06 h=1     fold 2: F1=0.533 (5s)
ref  5s PN06 h=4     fold 2: F1=0.615 (4s)
ref  5s PN06 h=8     fold 2: F1=0.571 (3s)
ref  5s PN06 h=16    fold 2: F1=0.714 (1s)
ref  5s PN06 h=19    fold 2: F1=0.800 (0s)
ref  5s PN06 grouped fold 3: F1=0.455 (2s)
ref  5s PN06 h=1     fold 3: F1=0.686 (5s)
ref  5s PN06 h=4     fold 3: F1=0.483 (4s)
ref  5s PN06 h=8     fold 3: F1=0.316 (3s)
ref  5s PN06 h=16    fold 3: F1=0.400 (1s)
ref  5s PN06 h=19    fold 3: F1=0.526 (1s)
ref  5s PN06 grouped fold 4: F1=0.308 (1s)
ref  5s PN06 h=1     fold 4: F1=0.737 (5s)
ref  5s PN06 h=4     fold 4: F1=0.545 (4s)
ref  5s PN06 h=8     fold 4: F1=0.333 (2s)
ref  5s PN06 h=16    fold 4: F1=0.167 (1s)
ref  5s PN06 h=19    fold 4: F1=0.364 (0s)
ref  5s PN10 grouped fold 0: F1=0.182 (1s)
ref  5s PN10 h=1     fold 0: F1=0.565 (6s)
ref  5s PN10 h=4     fold 0: F1=0.391 (5s)
ref  5s PN10 h=8     fold 0: F1=0.250 (4s)
ref  5s PN10 h=16    fold 0: F1=0.359 (1s)
ref  5s PN10 h=19    fold 0: F1=0.429 (1s)
ref  5s PN10 grouped fold 1: F1=0.366 (1s)
ref  5s PN10 h=1     fold 1: F1=0.634 (6s)
ref  5s PN10 h=4     fold 1: F1=0.467 (5s)
ref  5s PN10 h=8     fold 1: F1=0.455 (3s)
ref  5s PN10 h=16    fold 1: F1=0.400 (1s)
ref  5s PN10 h=19    fold 1: F1=0.407 (0s)
ref  5s PN10 grouped fold 2: F1=0.621 (1s)
ref  5s PN10 h=1     fold 2: F1=0.300 (3s)
ref  5s PN10 h=4     fold 2: F1=0.640 (5s)
ref  5s PN10 h=8     fold 2: F1=0.609 (4s)
ref  5s PN10 h=16    fold 2: F1=0.741 (1s)
ref  5s PN10 h=19    fold 2: F1=0.714 (0s)
ref  5s PN10 grouped fold 3: F1=0.564 (1s)
ref  5s PN10 h=1     fold 3: F1=0.818 (3s)
ref  5s PN10 h=4     fold 3: F1=0.595 (4s)
ref  5s PN10 h=8     fold 3: F1=0.688 (3s)
ref  5s PN10 h=16    fold 3: F1=0.423 (1s)
ref  5s PN10 h=19    fold 3: F1=0.304 (0s)
ref  5s PN10 grouped fold 4: F1=0.917 (1s)
ref  5s PN10 h=1     fold 4: F1=0.800 (5s)
ref  5s PN10 h=4     fold 4: F1=0.588 (5s)
ref  5s PN10 h=8     fold 4: F1=0.737 (2s)
ref  5s PN10 h=16    fold 4: F1=0.667 (2s)
ref  5s PN10 h=19    fold 4: F1=0.762 (1s)
/home/gmarihuan/metapaper/datasets/recording_cv.py:87: UserWarning: Only 3 recordings; using leave-one-recording-out instead of 5-fold.
  warnings.warn(f"Only {n_rec} recordings; using leave-one-recording-out "
ref  5s PN12 grouped fold 0: F1=0.727 (1s)
ref  5s PN12 h=1     fold 0: F1=0.700 (3s)
ref  5s PN12 h=4     fold 0: F1=0.000 (0s)
ref  5s PN12 h=8     fold 0: F1=0.000 (0s)
ref  5s PN12 h=16    fold 0: F1=0.000 (0s)
ref  5s PN12 h=19    fold 0: F1=0.719 (0s)
ref  5s PN12 grouped fold 1: F1=0.299 (1s)
ref  5s PN12 h=1     fold 1: F1=0.615 (4s)
ref  5s PN12 h=4     fold 1: F1=0.605 (3s)
ref  5s PN12 h=8     fold 1: F1=0.553 (2s)
ref  5s PN12 h=16    fold 1: F1=0.423 (0s)
ref  5s PN12 h=19    fold 1: F1=0.247 (0s)
ref  5s PN12 grouped fold 2: F1=0.286 (1s)
ref  5s PN12 h=1     fold 2: F1=0.476 (2s)
ref  5s PN12 h=4     fold 2: F1=0.500 (2s)
ref  5s PN12 h=8     fold 2: F1=0.538 (1s)
ref  5s PN12 h=16    fold 2: F1=0.286 (0s)
ref  5s PN12 h=19    fold 2: F1=0.400 (0s)
/home/gmarihuan/metapaper/datasets/recording_cv.py:87: UserWarning: Only 4 recordings; using leave-one-recording-out instead of 5-fold.
  warnings.warn(f"Only {n_rec} recordings; using leave-one-recording-out "
ref  5s PN14 grouped fold 0: F1=0.500 (0s)
ref  5s PN14 h=1     fold 0: F1=0.833 (3s)
ref  5s PN14 h=4     fold 0: F1=0.615 (2s)
ref  5s PN14 h=8     fold 0: F1=0.545 (2s)
ref  5s PN14 h=16    fold 0: F1=0.545 (0s)
ref  5s PN14 h=19    fold 0: F1=0.462 (0s)
ref  5s PN14 grouped fold 1: F1=0.500 (0s)
ref  5s PN14 h=1     fold 1: F1=0.667 (2s)
ref  5s PN14 h=4     fold 1: F1=0.500 (3s)
ref  5s PN14 h=8     fold 1: F1=0.667 (2s)
ref  5s PN14 h=16    fold 1: F1=0.667 (0s)
ref  5s PN14 h=19    fold 1: F1=0.500 (0s)
ref  5s PN14 grouped fold 2: F1=0.667 (0s)
ref  5s PN14 h=1     fold 2: F1=0.375 (1s)
ref  5s PN14 h=4     fold 2: F1=0.333 (1s)
ref  5s PN14 h=8     fold 2: F1=0.000 (0s)
ref  5s PN14 h=16    fold 2: F1=0.500 (0s)
ref  5s PN14 h=19    fold 2: F1=0.625 (0s)
ref  5s PN14 grouped fold 3: F1=0.333 (1s)
ref  5s PN14 h=1     fold 3: F1=0.828 (2s)
ref  5s PN14 h=4     fold 3: F1=0.625 (2s)
ref  5s PN14 h=8     fold 3: F1=0.483 (1s)
ref  5s PN14 h=16    fold 3: F1=0.303 (1s)
ref  5s PN14 h=19    fold 3: F1=0.400 (0s)
ref  8s PN00 grouped fold 0: F1=0.933 (1s)
ref  8s PN00 h=1     fold 0: F1=0.714 (5s)
ref  8s PN00 h=4     fold 0: F1=0.750 (4s)
ref  8s PN00 h=8     fold 0: F1=0.769 (4s)
ref  8s PN00 h=16    fold 0: F1=0.333 (1s)
ref  8s PN00 h=19    fold 0: F1=0.857 (0s)
ref  8s PN00 grouped fold 1: F1=0.769 (1s)
ref  8s PN00 h=1     fold 1: F1=1.000 (5s)
ref  8s PN00 h=4     fold 1: F1=1.000 (4s)
ref  8s PN00 h=8     fold 1: F1=0.727 (4s)
ref  8s PN00 h=16    fold 1: F1=0.769 (1s)
ref  8s PN00 h=19    fold 1: F1=0.444 (0s)
ref  8s PN00 grouped fold 2: F1=0.600 (1s)
ref  8s PN00 h=1     fold 2: F1=0.706 (5s)
ref  8s PN00 h=4     fold 2: F1=0.500 (4s)
ref  8s PN00 h=8     fold 2: F1=0.556 (4s)
ref  8s PN00 h=16    fold 2: F1=0.400 (1s)
ref  8s PN00 h=19    fold 2: F1=0.625 (1s)
ref  8s PN00 grouped fold 3: F1=0.500 (1s)
ref  8s PN00 h=1     fold 3: F1=0.762 (5s)
ref  8s PN00 h=4     fold 3: F1=0.737 (5s)
ref  8s PN00 h=8     fold 3: F1=0.421 (3s)
ref  8s PN00 h=16    fold 3: F1=0.400 (1s)
ref  8s PN00 h=19    fold 3: F1=0.300 (1s)
ref  8s PN00 grouped fold 4: F1=0.588 (1s)
ref  8s PN00 h=1     fold 4: F1=0.933 (5s)
ref  8s PN00 h=4     fold 4: F1=0.308 (1s)
ref  8s PN00 h=8     fold 4: F1=0.222 (1s)
ref  8s PN00 h=16    fold 4: F1=0.667 (1s)
ref  8s PN00 h=19    fold 4: F1=0.706 (1s)
ref  8s PN06 grouped fold 0: F1=0.118 (1s)
ref  8s PN06 h=1     fold 0: F1=0.600 (5s)
ref  8s PN06 h=4     fold 0: F1=0.667 (4s)
ref  8s PN06 h=8     fold 0: F1=0.345 (3s)
ref  8s PN06 h=16    fold 0: F1=0.316 (1s)
ref  8s PN06 h=19    fold 0: F1=0.125 (0s)
ref  8s PN06 grouped fold 1: F1=0.286 (1s)
ref  8s PN06 h=1     fold 1: F1=0.571 (5s)
ref  8s PN06 h=4     fold 1: F1=0.560 (4s)
ref  8s PN06 h=8     fold 1: F1=0.667 (3s)
ref  8s PN06 h=16    fold 1: F1=0.182 (1s)
ref  8s PN06 h=19    fold 1: F1=0.182 (0s)
ref  8s PN06 grouped fold 2: F1=0.444 (1s)
ref  8s PN06 h=1     fold 2: F1=0.222 (5s)
ref  8s PN06 h=4     fold 2: F1=0.421 (4s)
ref  8s PN06 h=8     fold 2: F1=0.476 (4s)
ref  8s PN06 h=16    fold 2: F1=0.600 (2s)
ref  8s PN06 h=19    fold 2: F1=0.667 (0s)
ref  8s PN06 grouped fold 3: F1=0.375 (1s)
ref  8s PN06 h=1     fold 3: F1=0.636 (5s)
ref  8s PN06 h=4     fold 3: F1=0.571 (4s)
ref  8s PN06 h=8     fold 3: F1=0.370 (3s)
ref  8s PN06 h=16    fold 3: F1=0.333 (1s)
ref  8s PN06 h=19    fold 3: F1=0.200 (0s)
ref  8s PN06 grouped fold 4: F1=0.333 (1s)
ref  8s PN06 h=1     fold 4: F1=0.333 (5s)
ref  8s PN06 h=4     fold 4: F1=0.364 (5s)
ref  8s PN06 h=8     fold 4: F1=0.000 (4s)
ref  8s PN06 h=16    fold 4: F1=0.333 (1s)
ref  8s PN06 h=19    fold 4: F1=0.364 (0s)
ref  8s PN10 grouped fold 0: F1=0.222 (2s)
ref  8s PN10 h=1     fold 0: F1=0.696 (5s)
ref  8s PN10 h=4     fold 0: F1=0.444 (5s)
ref  8s PN10 h=8     fold 0: F1=0.417 (4s)
ref  8s PN10 h=16    fold 0: F1=0.381 (1s)
ref  8s PN10 h=19    fold 0: F1=0.400 (0s)
ref  8s PN10 grouped fold 1: F1=0.419 (1s)
ref  8s PN10 h=1     fold 1: F1=0.571 (3s)
ref  8s PN10 h=4     fold 1: F1=0.400 (3s)
ref  8s PN10 h=8     fold 1: F1=0.367 (2s)
ref  8s PN10 h=16    fold 1: F1=0.450 (1s)
ref  8s PN10 h=19    fold 1: F1=0.400 (0s)
ref  8s PN10 grouped fold 2: F1=0.941 (1s)
ref  8s PN10 h=1     fold 2: F1=0.500 (5s)
ref  8s PN10 h=4     fold 2: F1=0.778 (4s)
ref  8s PN10 h=8     fold 2: F1=0.947 (4s)
ref  8s PN10 h=16    fold 2: F1=0.667 (2s)
ref  8s PN10 h=19    fold 2: F1=0.875 (1s)
ref  8s PN10 grouped fold 3: F1=0.424 (1s)
ref  8s PN10 h=1     fold 3: F1=0.667 (6s)
ref  8s PN10 h=4     fold 3: F1=0.000 (1s)
ref  8s PN10 h=8     fold 3: F1=0.714 (3s)
ref  8s PN10 h=16    fold 3: F1=0.560 (2s)
ref  8s PN10 h=19    fold 3: F1=0.318 (0s)
ref  8s PN10 grouped fold 4: F1=0.833 (1s)
ref  8s PN10 h=1     fold 4: F1=0.667 (4s)
ref  8s PN10 h=4     fold 4: F1=0.778 (4s)
ref  8s PN10 h=8     fold 4: F1=0.727 (2s)
ref  8s PN10 h=16    fold 4: F1=0.600 (1s)
ref  8s PN10 h=19    fold 4: F1=0.727 (0s)
/home/gmarihuan/metapaper/datasets/recording_cv.py:87: UserWarning: Only 3 recordings; using leave-one-recording-out instead of 5-fold.
  warnings.warn(f"Only {n_rec} recordings; using leave-one-recording-out "
ref  8s PN12 grouped fold 0: F1=0.553 (1s)
ref  8s PN12 h=1     fold 0: F1=0.605 (3s)
ref  8s PN12 h=4     fold 0: F1=0.583 (2s)
ref  8s PN12 h=8     fold 0: F1=0.605 (2s)
ref  8s PN12 h=16    fold 0: F1=0.750 (1s)
ref  8s PN12 h=19    fold 0: F1=0.684 (1s)
ref  8s PN12 grouped fold 1: F1=0.286 (1s)
ref  8s PN12 h=1     fold 1: F1=0.600 (2s)
ref  8s PN12 h=4     fold 1: F1=0.500 (2s)
ref  8s PN12 h=8     fold 1: F1=0.583 (2s)
ref  8s PN12 h=16    fold 1: F1=0.444 (0s)
ref  8s PN12 h=19    fold 1: F1=0.237 (0s)
ref  8s PN12 grouped fold 2: F1=0.222 (1s)
ref  8s PN12 h=1     fold 2: F1=0.200 (5s)
ref  8s PN12 h=4     fold 2: F1=0.500 (4s)
ref  8s PN12 h=8     fold 2: F1=0.500 (4s)
ref  8s PN12 h=16    fold 2: F1=0.667 (1s)
ref  8s PN12 h=19    fold 2: F1=0.444 (1s)
/home/gmarihuan/metapaper/datasets/recording_cv.py:87: UserWarning: Only 4 recordings; using leave-one-recording-out instead of 5-fold.
  warnings.warn(f"Only {n_rec} recordings; using leave-one-recording-out "
ref  8s PN14 grouped fold 0: F1=0.800 (1s)
ref  8s PN14 h=1     fold 0: F1=0.800 (3s)
ref  8s PN14 h=4     fold 0: F1=0.800 (2s)
ref  8s PN14 h=8     fold 0: F1=0.400 (2s)
ref  8s PN14 h=16    fold 0: F1=0.667 (1s)
ref  8s PN14 h=19    fold 0: F1=0.000 (0s)
ref  8s PN14 grouped fold 1: F1=0.000 (0s)
ref  8s PN14 h=1     fold 1: F1=0.000 (2s)
ref  8s PN14 h=4     fold 1: F1=0.000 (1s)
ref  8s PN14 h=8     fold 1: F1=0.000 (2s)
ref  8s PN14 h=16    fold 1: F1=0.000 (0s)
ref  8s PN14 h=19    fold 1: F1=0.000 (0s)
ref  8s PN14 grouped fold 2: F1=0.333 (1s)
ref  8s PN14 h=1     fold 2: F1=0.000 (0s)
ref  8s PN14 h=4     fold 2: F1=0.000 (1s)
ref  8s PN14 h=8     fold 2: F1=0.889 (2s)
ref  8s PN14 h=16    fold 2: F1=0.600 (1s)
ref  8s PN14 h=19    fold 2: F1=0.364 (0s)
ref  8s PN14 grouped fold 3: F1=0.000 (0s)
ref  8s PN14 h=1     fold 3: F1=0.000 (0s)
ref  8s PN14 h=4     fold 3: F1=0.000 (0s)
ref  8s PN14 h=8     fold 3: F1=0.000 (0s)
ref  8s PN14 h=16    fold 3: F1=0.182 (0s)
ref  8s PN14 h=19    fold 3: F1=0.143 (0s)
ref 10s PN00 grouped fold 0: F1=0.421 (0s)
ref 10s PN00 h=1     fold 0: F1=0.923 (5s)
ref 10s PN00 h=4     fold 0: F1=0.444 (2s)
ref 10s PN00 h=8     fold 0: F1=0.400 (2s)
ref 10s PN00 h=16    fold 0: F1=0.667 (1s)
ref 10s PN00 h=19    fold 0: F1=0.444 (0s)
ref 10s PN00 grouped fold 1: F1=0.667 (1s)
ref 10s PN00 h=1     fold 1: F1=0.909 (6s)
ref 10s PN00 h=4     fold 1: F1=0.833 (5s)
ref 10s PN00 h=8     fold 1: F1=0.571 (4s)
ref 10s PN00 h=16    fold 1: F1=0.769 (1s)
ref 10s PN00 h=19    fold 1: F1=0.545 (0s)
ref 10s PN00 grouped fold 2: F1=0.615 (1s)
ref 10s PN00 h=1     fold 2: F1=0.526 (4s)
ref 10s PN00 h=4     fold 2: F1=0.667 (5s)
ref 10s PN00 h=8     fold 2: F1=0.625 (4s)
ref 10s PN00 h=16    fold 2: F1=0.625 (1s)
ref 10s PN00 h=19    fold 2: F1=0.667 (0s)
ref 10s PN00 grouped fold 3: F1=0.182 (1s)
ref 10s PN00 h=1     fold 3: F1=0.923 (6s)
ref 10s PN00 h=4     fold 3: F1=0.857 (5s)
ref 10s PN00 h=8     fold 3: F1=0.545 (4s)
ref 10s PN00 h=16    fold 3: F1=0.333 (1s)
ref 10s PN00 h=19    fold 3: F1=0.250 (0s)
ref 10s PN00 grouped fold 4: F1=0.545 (1s)
ref 10s PN00 h=1     fold 4: F1=0.909 (6s)
ref 10s PN00 h=4     fold 4: F1=0.667 (5s)
ref 10s PN00 h=8     fold 4: F1=0.909 (4s)
ref 10s PN00 h=16    fold 4: F1=0.667 (1s)
ref 10s PN00 h=19    fold 4: F1=0.800 (1s)
ref 10s PN06 grouped fold 0: F1=0.000 (0s)
ref 10s PN06 h=1     fold 0: F1=0.833 (5s)
ref 10s PN06 h=4     fold 0: F1=0.615 (3s)
ref 10s PN06 h=8     fold 0: F1=0.421 (2s)
ref 10s PN06 h=16    fold 0: F1=0.000 (0s)
ref 10s PN06 h=19    fold 0: F1=0.000 (0s)
ref 10s PN06 grouped fold 1: F1=0.727 (1s)
ref 10s PN06 h=1     fold 1: F1=0.526 (5s)
ref 10s PN06 h=4     fold 1: F1=0.571 (4s)
ref 10s PN06 h=8     fold 1: F1=0.533 (3s)
ref 10s PN06 h=16    fold 1: F1=0.588 (1s)
ref 10s PN06 h=19    fold 1: F1=0.727 (1s)
ref 10s PN06 grouped fold 2: F1=0.750 (2s)
ref 10s PN06 h=1     fold 2: F1=0.400 (5s)
ref 10s PN06 h=4     fold 2: F1=0.571 (4s)
ref 10s PN06 h=8     fold 2: F1=0.000 (1s)
ref 10s PN06 h=16    fold 2: F1=0.286 (1s)
ref 10s PN06 h=19    fold 2: F1=0.571 (0s)
ref 10s PN06 grouped fold 3: F1=0.000 (0s)
ref 10s PN06 h=1     fold 3: F1=0.800 (5s)
ref 10s PN06 h=4     fold 3: F1=0.462 (4s)
ref 10s PN06 h=8     fold 3: F1=0.571 (3s)
ref 10s PN06 h=16    fold 3: F1=0.600 (1s)
ref 10s PN06 h=19    fold 3: F1=0.000 (0s)
ref 10s PN06 grouped fold 4: F1=0.286 (1s)
ref 10s PN06 h=1     fold 4: F1=0.545 (5s)
ref 10s PN06 h=4     fold 4: F1=0.286 (4s)
ref 10s PN06 h=8     fold 4: F1=0.000 (3s)
ref 10s PN06 h=16    fold 4: F1=0.250 (1s)
ref 10s PN06 h=19    fold 4: F1=0.333 (0s)
ref 10s PN10 grouped fold 0: F1=0.143 (1s)
ref 10s PN10 h=1     fold 0: F1=0.750 (6s)
ref 10s PN10 h=4     fold 0: F1=0.375 (4s)
ref 10s PN10 h=8     fold 0: F1=0.143 (4s)
ref 10s PN10 h=16    fold 0: F1=0.316 (1s)
ref 10s PN10 h=19    fold 0: F1=0.400 (0s)
ref 10s PN10 grouped fold 1: F1=0.857 (1s)
ref 10s PN10 h=1     fold 1: F1=0.800 (6s)
ref 10s PN10 h=4     fold 1: F1=0.000 (1s)
ref 10s PN10 h=8     fold 1: F1=0.250 (2s)
ref 10s PN10 h=16    fold 1: F1=0.833 (1s)
ref 10s PN10 h=19    fold 1: F1=0.923 (1s)
ref 10s PN10 grouped fold 2: F1=0.375 (1s)
ref 10s PN10 h=1     fold 2: F1=0.286 (5s)
ref 10s PN10 h=4     fold 2: F1=0.324 (2s)
ref 10s PN10 h=8     fold 2: F1=0.333 (1s)
ref 10s PN10 h=16    fold 2: F1=0.375 (1s)
ref 10s PN10 h=19    fold 2: F1=0.375 (0s)
ref 10s PN10 grouped fold 3: F1=0.522 (1s)
ref 10s PN10 h=1     fold 3: F1=0.769 (4s)
ref 10s PN10 h=4     fold 3: F1=0.667 (4s)
ref 10s PN10 h=8     fold 3: F1=0.833 (3s)
ref 10s PN10 h=16    fold 3: F1=0.706 (1s)
ref 10s PN10 h=19    fold 3: F1=0.353 (0s)
ref 10s PN10 grouped fold 4: F1=0.909 (1s)
ref 10s PN10 h=1     fold 4: F1=0.833 (6s)
ref 10s PN10 h=4     fold 4: F1=0.727 (5s)
ref 10s PN10 h=8     fold 4: F1=0.400 (1s)
ref 10s PN10 h=16    fold 4: F1=0.600 (1s)
ref 10s PN10 h=19    fold 4: F1=0.727 (0s)
/home/gmarihuan/metapaper/datasets/recording_cv.py:87: UserWarning: Only 3 recordings; using leave-one-recording-out instead of 5-fold.
  warnings.warn(f"Only {n_rec} recordings; using leave-one-recording-out "
ref 10s PN12 grouped fold 0: F1=0.733 (1s)
ref 10s PN12 h=1     fold 0: F1=0.588 (3s)
ref 10s PN12 h=4     fold 0: F1=0.556 (3s)
ref 10s PN12 h=8     fold 0: F1=0.615 (3s)
ref 10s PN12 h=16    fold 0: F1=0.667 (1s)
ref 10s PN12 h=19    fold 0: F1=0.667 (0s)
ref 10s PN12 grouped fold 1: F1=0.333 (1s)
ref 10s PN12 h=1     fold 1: F1=0.783 (3s)
ref 10s PN12 h=4     fold 1: F1=0.500 (2s)
ref 10s PN12 h=8     fold 1: F1=0.500 (3s)
ref 10s PN12 h=16    fold 1: F1=0.500 (1s)
ref 10s PN12 h=19    fold 1: F1=0.276 (0s)
ref 10s PN12 grouped fold 2: F1=0.200 (1s)
ref 10s PN12 h=1     fold 2: F1=0.400 (2s)
ref 10s PN12 h=4     fold 2: F1=0.500 (4s)
ref 10s PN12 h=8     fold 2: F1=0.600 (2s)
ref 10s PN12 h=16    fold 2: F1=0.833 (1s)
ref 10s PN12 h=19    fold 2: F1=0.500 (0s)
/home/gmarihuan/metapaper/datasets/recording_cv.py:87: UserWarning: Only 4 recordings; using leave-one-recording-out instead of 5-fold.
  warnings.warn(f"Only {n_rec} recordings; using leave-one-recording-out "
ref 10s PN14 grouped fold 0: F1=0.667 (1s)
ref 10s PN14 h=1     fold 0: F1=0.000 (1s)
ref 10s PN14 h=4     fold 0: F1=0.000 (0s)
ref 10s PN14 h=8     fold 0: F1=0.000 (0s)
ref 10s PN14 h=16    fold 0: F1=0.000 (0s)
ref 10s PN14 h=19    fold 0: F1=0.000 (0s)
ref 10s PN14 grouped fold 1: F1=0.500 (1s)
ref 10s PN14 h=1     fold 1: F1=0.000 (2s)
ref 10s PN14 h=4     fold 1: F1=0.000 (2s)
ref 10s PN14 h=8     fold 1: F1=0.000 (3s)
ref 10s PN14 h=16    fold 1: F1=0.000 (1s)
ref 10s PN14 h=19    fold 1: F1=0.500 (0s)
ref 10s PN14 grouped fold 2: F1=0.667 (1s)
ref 10s PN14 h=1     fold 2: F1=0.667 (3s)
ref 10s PN14 h=4     fold 2: F1=0.600 (2s)
ref 10s PN14 h=8     fold 2: F1=0.600 (2s)
ref 10s PN14 h=16    fold 2: F1=0.571 (1s)
ref 10s PN14 h=19    fold 2: F1=0.667 (0s)
ref 10s PN14 grouped fold 3: F1=0.308 (1s)
ref 10s PN14 h=1     fold 3: F1=0.824 (2s)
ref 10s PN14 h=4     fold 3: F1=0.615 (1s)
ref 10s PN14 h=8     fold 3: F1=0.556 (1s)
ref 10s PN14 h=16    fold 3: F1=0.364 (0s)
ref 10s PN14 h=19    fold 3: F1=0.545 (0s)

# Experiment A on Siena Scalp: grouped kernel vs. kernel height

`SpatialNet`, recording CV (5 folds, leave-one-recording-out when a patient has fewer recordings), patients PN00, PN06, PN10, PN12, PN14, same folds, splits and seeds for every model. See `experiments/experiment_a_siena.md`.

Per-fold rows with all metrics: `a_siena_5p_folds.csv`. Generated by `experiments/experiment_a_siena.py`.

## Bipolar (21 channels)

Grouped chains: left_temporal [0, 1, 17, 2]; left_parasagittal [3, 4, 5, 6]; right_parasagittal [7, 8, 9, 10]; right_temporal [11, 12, 13, 14]; midline [15, 16]; transverse_temporal [18, 19, 20].

### F1, mean over patients

**Mean of the per-patient fold means ± variance across patients. Best mean per window in bold.**

| Window | grouped | h=1 | h=4 | h=8 | h=16 | h=21 |
|---|---|---|---|---|---|---|
| 1 s | 0.465 ± 0.031 | **0.671** ± 0.005 | 0.600 ± 0.009 | 0.525 ± 0.018 | 0.421 ± 0.028 | 0.382 ± 0.020 |
| 3 s | 0.437 ± 0.049 | **0.642** ± 0.005 | 0.499 ± 0.019 | 0.436 ± 0.032 | 0.338 ± 0.022 | 0.341 ± 0.018 |
| 5 s | 0.418 ± 0.052 | **0.640** ± 0.011 | 0.486 ± 0.020 | 0.378 ± 0.028 | 0.362 ± 0.017 | 0.391 ± 0.033 |
| 8 s | 0.466 ± 0.060 | **0.609** ± 0.017 | 0.497 ± 0.020 | 0.383 ± 0.036 | 0.285 ± 0.049 | 0.335 ± 0.044 |
| 10 s | 0.383 ± 0.037 | **0.526** ± 0.040 | 0.361 ± 0.020 | 0.299 ± 0.017 | 0.242 ± 0.010 | 0.341 ± 0.024 |

### Median F1 over patients

| Window | grouped | h=1 | h=4 | h=8 | h=16 | h=21 |
|---|---|---|---|---|---|---|
| 1 s | 0.536 | 0.677 | 0.565 | 0.571 | 0.469 | 0.406 |
| 3 s | 0.569 | 0.659 | 0.510 | 0.434 | 0.408 | 0.368 |
| 5 s | 0.541 | 0.606 | 0.515 | 0.368 | 0.381 | 0.408 |
| 8 s | 0.618 | 0.612 | 0.447 | 0.381 | 0.214 | 0.466 |
| 10 s | 0.305 | 0.603 | 0.386 | 0.355 | 0.267 | 0.302 |

### AUROC, mean over patients

| Window | grouped | h=1 | h=4 | h=8 | h=16 | h=21 |
|---|---|---|---|---|---|---|
| 1 s | 0.771 | 0.919 | 0.883 | 0.822 | 0.732 | 0.706 |
| 3 s | 0.734 | 0.911 | 0.833 | 0.788 | 0.696 | 0.674 |
| 5 s | 0.765 | 0.910 | 0.828 | 0.753 | 0.746 | 0.722 |
| 8 s | 0.757 | 0.901 | 0.831 | 0.756 | 0.732 | 0.725 |
| 10 s | 0.767 | 0.893 | 0.793 | 0.751 | 0.710 | 0.713 |

### Grouped vs. best kernel height

Best h = highest mean F1 per window, picked on the test folds (optimistic for h). Difference in mean F1 (positive = grouped better), patients where grouped is better, two-sided Wilcoxon signed-rank p over patients (little power with few patients).

| Window | Best h | grouped − best h | grouped wins | p |
|---|---|---|---|---|
| 1 s | h=1 | -0.207 | 0 / 5 | 0.062 |
| 3 s | h=1 | -0.204 | 1 / 5 | 0.125 |
| 5 s | h=1 | -0.222 | 1 / 5 | 0.125 |
| 8 s | h=1 | -0.143 | 2 / 5 | 0.312 |
| 10 s | h=1 | -0.144 | 1 / 5 | 0.312 |

### Per patient

F1 averaged over folds. Best model per patient and window in bold.

| Patient | Model | 1 s | 3 s | 5 s | 8 s | 10 s |
|---|---|---|---|---|---|---|
| PN00 | grouped | 0.536 | 0.600 | 0.556 | 0.626 | 0.242 |
| PN00 | h=1 | **0.760** | **0.738** | **0.794** | **0.779** | **0.662** |
| PN00 | h=4 | 0.711 | 0.664 | 0.615 | 0.585 | 0.386 |
| PN00 | h=8 | 0.687 | 0.690 | 0.633 | 0.576 | 0.381 |
| PN00 | h=16 | 0.469 | 0.472 | 0.501 | 0.513 | 0.257 |
| PN00 | h=21 | 0.465 | 0.464 | 0.495 | 0.466 | 0.361 |
| PN06 | grouped | 0.387 | 0.212 | 0.164 | 0.193 | 0.189 |
| PN06 | h=1 | **0.619** | **0.659** | **0.583** | **0.478** | **0.506** |
| PN06 | h=4 | 0.518 | 0.422 | 0.346 | 0.447 | 0.394 |
| PN06 | h=8 | 0.456 | 0.434 | 0.245 | 0.154 | 0.192 |
| PN06 | h=16 | 0.416 | 0.223 | 0.273 | 0.124 | 0.073 |
| PN06 | h=21 | 0.321 | 0.276 | 0.266 | 0.139 | 0.160 |
| PN10 | grouped | 0.589 | **0.625** | 0.541 | 0.691 | 0.587 |
| PN10 | h=1 | **0.677** | 0.595 | **0.690** | 0.687 | **0.671** |
| PN10 | h=4 | 0.565 | 0.586 | 0.620 | **0.698** | 0.565 |
| PN10 | h=8 | 0.577 | 0.454 | 0.368 | 0.566 | 0.132 |
| PN10 | h=16 | 0.511 | 0.408 | 0.381 | 0.526 | 0.284 |
| PN10 | h=21 | 0.406 | 0.368 | 0.408 | 0.521 | 0.300 |
| PN12 | grouped | 0.616 | 0.569 | **0.650** | **0.618** | 0.591 |
| PN12 | h=1 | **0.707** | **0.660** | 0.606 | 0.612 | **0.603** |
| PN12 | h=4 | 0.686 | 0.510 | 0.515 | 0.340 | 0.268 |
| PN12 | h=8 | 0.571 | 0.418 | 0.428 | 0.381 | 0.355 |
| PN12 | h=16 | 0.569 | 0.447 | 0.469 | 0.214 | 0.328 |
| PN12 | h=21 | 0.542 | 0.451 | 0.621 | 0.474 | 0.583 |
| PN14 | grouped | 0.195 | 0.180 | 0.181 | 0.204 | 0.305 |
| PN14 | h=1 | **0.592** | **0.556** | **0.526** | **0.489** | 0.191 |
| PN14 | h=4 | 0.519 | 0.312 | 0.332 | 0.417 | 0.194 |
| PN14 | h=8 | 0.333 | 0.182 | 0.218 | 0.236 | **0.435** |
| PN14 | h=16 | 0.140 | 0.140 | 0.187 | 0.050 | 0.267 |
| PN14 | h=21 | 0.176 | 0.144 | 0.164 | 0.077 | 0.302 |

## Referential (19 channels)

Grouped chains: left_temporal [0, 2, 7, 12, 17]; left_parasagittal [0, 3, 8, 13, 17]; right_parasagittal [1, 5, 10, 15, 18]; right_temporal [1, 6, 11, 16, 18]; midline [4, 9, 14].

### F1, mean over patients

**Mean of the per-patient fold means ± variance across patients. Best mean per window in bold.**

| Window | grouped | h=1 | h=4 | h=8 | h=16 | h=19 |
|---|---|---|---|---|---|---|
| 1 s | 0.449 ± 0.013 | **0.683** ± 0.005 | 0.673 ± 0.005 | 0.630 ± 0.005 | 0.530 ± 0.007 | 0.441 ± 0.015 |
| 3 s | 0.426 ± 0.008 | **0.700** ± 0.003 | 0.653 ± 0.004 | 0.590 ± 0.009 | 0.541 ± 0.003 | 0.439 ± 0.016 |
| 5 s | 0.499 ± 0.005 | **0.670** ± 0.007 | 0.563 ± 0.021 | 0.514 ± 0.026 | 0.436 ± 0.020 | 0.502 ± 0.007 |
| 8 s | 0.439 ± 0.030 | **0.517** ± 0.052 | 0.477 ± 0.028 | 0.486 ± 0.018 | 0.476 ± 0.013 | 0.404 ± 0.035 |
| 10 s | 0.471 ± 0.007 | **0.622** ± 0.029 | 0.487 ± 0.021 | 0.434 ± 0.022 | 0.485 ± 0.035 | 0.466 ± 0.009 |

### Median F1 over patients

| Window | grouped | h=1 | h=4 | h=8 | h=16 | h=19 |
|---|---|---|---|---|---|---|
| 1 s | 0.500 | 0.665 | 0.666 | 0.603 | 0.518 | 0.451 |
| 3 s | 0.391 | 0.690 | 0.666 | 0.560 | 0.532 | 0.408 |
| 5 s | 0.500 | 0.649 | 0.536 | 0.456 | 0.504 | 0.497 |
| 8 s | 0.354 | 0.473 | 0.517 | 0.539 | 0.514 | 0.455 |
| 10 s | 0.486 | 0.621 | 0.501 | 0.392 | 0.566 | 0.481 |

### AUROC, mean over patients

| Window | grouped | h=1 | h=4 | h=8 | h=16 | h=19 |
|---|---|---|---|---|---|---|
| 1 s | 0.777 | 0.919 | 0.905 | 0.873 | 0.798 | 0.755 |
| 3 s | 0.740 | 0.935 | 0.879 | 0.849 | 0.784 | 0.713 |
| 5 s | 0.801 | 0.927 | 0.898 | 0.867 | 0.796 | 0.778 |
| 8 s | 0.779 | 0.837 | 0.812 | 0.809 | 0.822 | 0.775 |
| 10 s | 0.768 | 0.902 | 0.863 | 0.810 | 0.797 | 0.742 |

### Grouped vs. best kernel height

Best h = highest mean F1 per window, picked on the test folds (optimistic for h). Difference in mean F1 (positive = grouped better), patients where grouped is better, two-sided Wilcoxon signed-rank p over patients (little power with few patients).

| Window | Best h | grouped − best h | grouped wins | p |
|---|---|---|---|---|
| 1 s | h=1 | -0.235 | 0 / 5 | 0.062 |
| 3 s | h=1 | -0.274 | 0 / 5 | 0.062 |
| 5 s | h=1 | -0.171 | 0 / 5 | 0.062 |
| 8 s | h=1 | -0.078 | 1 / 5 | 0.188 |
| 10 s | h=1 | -0.150 | 1 / 5 | 0.188 |

### Per patient

F1 averaged over folds. Best model per patient and window in bold.

| Patient | Model | 1 s | 3 s | 5 s | 8 s | 10 s |
|---|---|---|---|---|---|---|
| PN00 | grouped | 0.564 | 0.563 | 0.600 | 0.678 | 0.486 |
| PN00 | h=1 | **0.784** | **0.771** | **0.805** | **0.823** | **0.838** |
| PN00 | h=4 | 0.777 | 0.738 | 0.765 | 0.659 | 0.694 |
| PN00 | h=8 | 0.739 | 0.720 | 0.779 | 0.539 | 0.610 |
| PN00 | h=16 | 0.548 | 0.625 | 0.581 | 0.514 | 0.612 |
| PN00 | h=19 | 0.567 | 0.600 | 0.631 | 0.586 | 0.541 |
| PN06 | grouped | 0.381 | 0.357 | 0.431 | 0.311 | 0.353 |
| PN06 | h=1 | 0.598 | **0.735** | **0.649** | 0.473 | **0.621** |
| PN06 | h=4 | **0.666** | 0.682 | 0.626 | **0.517** | 0.501 |
| PN06 | h=8 | 0.566 | 0.558 | 0.456 | 0.372 | 0.305 |
| PN06 | h=16 | 0.485 | 0.473 | 0.342 | 0.353 | 0.345 |
| PN06 | h=19 | 0.424 | 0.342 | 0.407 | 0.307 | 0.326 |
| PN10 | grouped | 0.519 | 0.465 | 0.530 | 0.568 | 0.561 |
| PN10 | h=1 | **0.664** | **0.626** | **0.624** | 0.620 | **0.688** |
| PN10 | h=4 | 0.596 | 0.591 | 0.536 | 0.480 | 0.419 |
| PN10 | h=8 | 0.584 | 0.560 | 0.548 | **0.635** | 0.392 |
| PN10 | h=16 | 0.518 | 0.532 | 0.518 | 0.532 | 0.566 |
| PN10 | h=19 | 0.451 | 0.541 | 0.523 | 0.544 | 0.556 |
| PN12 | grouped | 0.500 | 0.357 | 0.437 | 0.354 | 0.422 |
| PN12 | h=1 | **0.706** | **0.690** | **0.597** | 0.468 | 0.590 |
| PN12 | h=4 | 0.700 | 0.666 | 0.368 | 0.528 | 0.519 |
| PN12 | h=8 | 0.661 | 0.646 | 0.364 | 0.563 | 0.572 |
| PN12 | h=16 | 0.659 | 0.569 | 0.236 | **0.620** | **0.667** |
| PN12 | h=19 | 0.514 | 0.408 | 0.455 | 0.455 | 0.481 |
| PN14 | grouped | 0.280 | 0.391 | 0.500 | 0.283 | **0.535** |
| PN14 | h=1 | **0.665** | **0.679** | **0.676** | 0.200 | 0.373 |
| PN14 | h=4 | 0.623 | 0.590 | 0.518 | 0.200 | 0.304 |
| PN14 | h=8 | 0.603 | 0.466 | 0.424 | 0.322 | 0.289 |
| PN14 | h=16 | 0.439 | 0.507 | 0.504 | **0.362** | 0.234 |
| PN14 | h=19 | 0.247 | 0.304 | 0.497 | 0.127 | 0.428 |

