 1s chb01 h=16 fold 0: F1=0.871 (5s)
 1s chb01 h=21 fold 0: F1=0.831 (2s)
 1s chb01 h=16 fold 1: F1=0.850 (2s)
 1s chb01 h=21 fold 1: F1=0.774 (2s)
 1s chb01 h=16 fold 2: F1=0.832 (3s)
 1s chb01 h=21 fold 2: F1=0.755 (2s)
 1s chb01 h=16 fold 3: F1=0.933 (3s)
 1s chb01 h=21 fold 3: F1=0.897 (2s)
 1s chb01 h=16 fold 4: F1=0.841 (3s)
 1s chb01 h=21 fold 4: F1=0.822 (1s)
 1s chb02 h=16 fold 0: F1=0.591 (1s)
 1s chb02 h=21 fold 0: F1=0.396 (0s)
 1s chb02 h=16 fold 1: F1=0.121 (1s)
 1s chb02 h=21 fold 1: F1=0.607 (1s)
 1s chb02 h=16 fold 2: F1=0.444 (1s)
 1s chb02 h=21 fold 2: F1=0.593 (1s)
 1s chb03 h=16 fold 0: F1=0.939 (3s)
 1s chb03 h=21 fold 0: F1=0.891 (1s)
 1s chb03 h=16 fold 1: F1=0.964 (3s)
 1s chb03 h=21 fold 1: F1=0.925 (1s)
 1s chb03 h=16 fold 2: F1=0.879 (3s)
 1s chb03 h=21 fold 2: F1=0.835 (1s)
 1s chb03 h=16 fold 3: F1=0.892 (2s)
 1s chb03 h=21 fold 3: F1=0.820 (1s)
 1s chb03 h=16 fold 4: F1=0.912 (2s)
 1s chb03 h=21 fold 4: F1=0.824 (1s)
 1s chb04 h=16 fold 0: F1=0.782 (3s)
 1s chb04 h=21 fold 0: F1=0.341 (1s)
 1s chb04 h=16 fold 1: F1=0.826 (3s)
 1s chb04 h=21 fold 1: F1=0.690 (1s)
 1s chb04 h=16 fold 2: F1=0.295 (1s)
 1s chb04 h=21 fold 2: F1=0.260 (1s)
 1s chb05 h=16 fold 0: F1=0.817 (4s)
 1s chb05 h=21 fold 0: F1=0.781 (3s)
 1s chb05 h=16 fold 1: F1=0.887 (4s)
 1s chb05 h=21 fold 1: F1=0.840 (2s)
 1s chb05 h=16 fold 2: F1=0.946 (7s)
 1s chb05 h=21 fold 2: F1=0.865 (2s)
 1s chb05 h=16 fold 3: F1=0.882 (5s)
 1s chb05 h=21 fold 3: F1=0.855 (2s)
 1s chb05 h=16 fold 4: F1=0.822 (4s)
 1s chb05 h=21 fold 4: F1=0.763 (2s)
 1s chb06 h=16 fold 0: F1=0.815 (1s)
 1s chb06 h=21 fold 0: F1=0.857 (1s)
 1s chb06 h=16 fold 1: F1=0.737 (1s)
 1s chb06 h=21 fold 1: F1=0.629 (1s)
 1s chb06 h=16 fold 2: F1=0.740 (1s)
 1s chb06 h=21 fold 2: F1=0.773 (1s)
 1s chb06 h=16 fold 3: F1=0.384 (1s)
 1s chb06 h=21 fold 3: F1=0.331 (1s)
 1s chb06 h=16 fold 4: F1=0.549 (1s)
 1s chb06 h=21 fold 4: F1=0.575 (0s)
 1s chb07 h=16 fold 0: F1=0.882 (3s)
 1s chb07 h=21 fold 0: F1=0.806 (1s)
 1s chb07 h=16 fold 1: F1=0.871 (2s)
 1s chb07 h=21 fold 1: F1=0.745 (1s)
 1s chb07 h=16 fold 2: F1=0.770 (1s)
 1s chb07 h=21 fold 2: F1=0.633 (2s)
 1s chb08 h=16 fold 0: F1=0.827 (11s)
 1s chb08 h=21 fold 0: F1=0.772 (6s)
 1s chb08 h=16 fold 1: F1=0.616 (5s)
 1s chb08 h=21 fold 1: F1=0.568 (2s)
 1s chb08 h=16 fold 2: F1=0.882 (7s)
 1s chb08 h=21 fold 2: F1=0.900 (3s)
 1s chb08 h=16 fold 3: F1=0.846 (4s)
 1s chb08 h=21 fold 3: F1=0.825 (3s)
 1s chb08 h=16 fold 4: F1=0.703 (5s)
 1s chb08 h=21 fold 4: F1=0.691 (3s)
 1s chb09 h=16 fold 0: F1=0.646 (3s)
 1s chb09 h=21 fold 0: F1=0.748 (1s)
 1s chb09 h=16 fold 1: F1=0.703 (1s)
 1s chb09 h=21 fold 1: F1=0.718 (1s)
 1s chb09 h=16 fold 2: F1=0.771 (2s)
 1s chb09 h=21 fold 2: F1=0.723 (1s)
 1s chb10 h=16 fold 0: F1=0.664 (1s)
 1s chb10 h=21 fold 0: F1=0.735 (1s)
 1s chb10 h=16 fold 1: F1=0.772 (3s)
 1s chb10 h=21 fold 1: F1=0.860 (1s)
 1s chb10 h=16 fold 2: F1=0.831 (3s)
 1s chb10 h=21 fold 2: F1=0.779 (1s)
 1s chb10 h=16 fold 3: F1=0.819 (3s)
 1s chb10 h=21 fold 3: F1=0.889 (1s)
 1s chb10 h=16 fold 4: F1=0.563 (2s)
 1s chb10 h=21 fold 4: F1=0.595 (1s)
 1s chb11 h=16 fold 0: F1=0.933 (4s)
 1s chb11 h=21 fold 0: F1=0.909 (2s)
 1s chb11 h=16 fold 1: F1=0.885 (4s)
 1s chb11 h=21 fold 1: F1=0.800 (1s)
 1s chb11 h=16 fold 2: F1=0.716 (1s)
 1s chb11 h=21 fold 2: F1=0.681 (1s)
 1s chb12 h=16 fold 0: F1=0.831 (8s)
 1s chb12 h=21 fold 0: F1=0.730 (4s)
 1s chb12 h=16 fold 1: F1=0.798 (12s)
 1s chb12 h=21 fold 1: F1=0.725 (4s)
 1s chb12 h=16 fold 2: F1=0.435 (3s)
 1s chb12 h=21 fold 2: F1=0.555 (3s)
 1s chb12 h=16 fold 3: F1=0.660 (5s)
 1s chb12 h=21 fold 3: F1=0.660 (2s)
 1s chb12 h=16 fold 4: F1=0.757 (9s)
 1s chb12 h=21 fold 4: F1=0.738 (4s)
 1s chb13 h=16 fold 0: F1=0.722 (4s)
 1s chb13 h=21 fold 0: F1=0.825 (2s)
 1s chb13 h=16 fold 1: F1=0.507 (2s)
 1s chb13 h=21 fold 1: F1=0.585 (3s)
 1s chb13 h=16 fold 2: F1=0.587 (1s)
 1s chb13 h=21 fold 2: F1=0.526 (1s)
 1s chb13 h=16 fold 3: F1=0.838 (2s)
 1s chb13 h=21 fold 3: F1=0.778 (1s)
 1s chb13 h=16 fold 4: F1=0.584 (3s)
 1s chb13 h=21 fold 4: F1=0.650 (2s)
 1s chb14 h=16 fold 0: F1=0.737 (1s)
 1s chb14 h=21 fold 0: F1=0.694 (1s)
 1s chb14 h=16 fold 1: F1=0.679 (1s)
 1s chb14 h=21 fold 1: F1=0.702 (1s)
 1s chb14 h=16 fold 2: F1=0.776 (1s)
 1s chb14 h=21 fold 2: F1=0.773 (0s)
 1s chb14 h=16 fold 3: F1=0.838 (1s)
 1s chb14 h=21 fold 3: F1=0.746 (0s)
 1s chb14 h=16 fold 4: F1=0.667 (1s)
 1s chb14 h=21 fold 4: F1=0.368 (1s)
 1s chb15 h=16 fold 0: F1=0.911 (14s)
 1s chb15 h=21 fold 0: F1=0.914 (6s)
 1s chb15 h=16 fold 1: F1=0.887 (10s)
 1s chb15 h=21 fold 1: F1=0.889 (7s)
 1s chb15 h=16 fold 2: F1=0.874 (8s)
 1s chb15 h=21 fold 2: F1=0.903 (6s)
 1s chb15 h=16 fold 3: F1=0.907 (23s)
 1s chb15 h=21 fold 3: F1=0.889 (7s)
 1s chb15 h=16 fold 4: F1=0.845 (16s)
 1s chb15 h=21 fold 4: F1=0.907 (9s)
 1s chb16 h=16 fold 0: F1=0.421 (1s)
 1s chb16 h=21 fold 0: F1=0.000 (0s)
 1s chb16 h=16 fold 1: F1=0.571 (1s)
 1s chb16 h=21 fold 1: F1=0.000 (0s)
 1s chb16 h=16 fold 2: F1=0.213 (1s)
 1s chb16 h=21 fold 2: F1=0.000 (0s)
 1s chb16 h=16 fold 3: F1=0.400 (1s)
 1s chb16 h=21 fold 3: F1=0.000 (0s)
 1s chb16 h=16 fold 4: F1=0.442 (0s)
 1s chb16 h=21 fold 4: F1=0.227 (0s)
 1s chb17 h=16 fold 0: F1=0.802 (1s)
 1s chb17 h=21 fold 0: F1=0.714 (1s)
 1s chb17 h=16 fold 1: F1=0.812 (2s)
 1s chb17 h=21 fold 1: F1=0.785 (1s)
 1s chb17 h=16 fold 2: F1=0.757 (1s)
 1s chb17 h=21 fold 2: F1=0.618 (1s)
 1s chb18 h=16 fold 0: F1=0.378 (2s)
 1s chb18 h=21 fold 0: F1=0.439 (1s)
 1s chb18 h=16 fold 1: F1=0.630 (2s)
 1s chb18 h=21 fold 1: F1=0.750 (1s)
 1s chb18 h=16 fold 2: F1=0.881 (2s)
 1s chb18 h=21 fold 2: F1=0.764 (1s)
 1s chb18 h=16 fold 3: F1=0.873 (3s)
 1s chb18 h=21 fold 3: F1=0.908 (1s)
 1s chb18 h=16 fold 4: F1=0.877 (1s)
 1s chb18 h=21 fold 4: F1=0.876 (1s)
 1s chb19 h=16 fold 0: F1=0.725 (1s)
 1s chb19 h=21 fold 0: F1=0.690 (1s)
 1s chb19 h=16 fold 1: F1=0.857 (1s)
 1s chb19 h=21 fold 1: F1=0.754 (1s)
 1s chb19 h=16 fold 2: F1=0.826 (1s)
 1s chb19 h=21 fold 2: F1=0.780 (1s)
 1s chb20 h=16 fold 0: F1=0.832 (1s)
 1s chb20 h=21 fold 0: F1=0.897 (1s)
 1s chb20 h=16 fold 1: F1=0.841 (1s)
 1s chb20 h=21 fold 1: F1=0.895 (1s)
 1s chb20 h=16 fold 2: F1=0.903 (1s)
 1s chb20 h=21 fold 2: F1=0.947 (1s)
 1s chb20 h=16 fold 3: F1=0.852 (2s)
 1s chb20 h=21 fold 3: F1=0.837 (1s)
 1s chb20 h=16 fold 4: F1=0.800 (2s)
 1s chb20 h=21 fold 4: F1=0.699 (1s)
 1s chb21 h=16 fold 0: F1=0.773 (1s)
 1s chb21 h=21 fold 0: F1=0.789 (1s)
 1s chb21 h=16 fold 1: F1=0.887 (2s)
 1s chb21 h=21 fold 1: F1=0.837 (1s)
 1s chb21 h=16 fold 2: F1=0.738 (1s)
 1s chb21 h=21 fold 2: F1=0.794 (0s)
 1s chb21 h=16 fold 3: F1=0.880 (2s)
 1s chb21 h=21 fold 3: F1=0.833 (1s)
 1s chb22 h=16 fold 0: F1=0.926 (1s)
 1s chb22 h=21 fold 0: F1=0.957 (1s)
 1s chb22 h=16 fold 1: F1=0.873 (1s)
 1s chb22 h=21 fold 1: F1=0.899 (2s)
 1s chb22 h=16 fold 2: F1=0.822 (2s)
 1s chb22 h=21 fold 2: F1=0.851 (1s)
 1s chb23 h=16 fold 0: F1=0.906 (2s)
 1s chb23 h=21 fold 0: F1=0.895 (1s)
 1s chb23 h=16 fold 1: F1=0.887 (3s)
 1s chb23 h=21 fold 1: F1=0.879 (1s)
 1s chb23 h=16 fold 2: F1=0.891 (1s)
 1s chb23 h=21 fold 2: F1=0.927 (1s)
 1s chb24 h=16 fold 0: F1=0.635 (2s)
 1s chb24 h=21 fold 0: F1=0.683 (1s)
 1s chb24 h=16 fold 1: F1=0.544 (2s)
 1s chb24 h=21 fold 1: F1=0.598 (1s)
 1s chb24 h=16 fold 2: F1=0.674 (4s)
 1s chb24 h=21 fold 2: F1=0.768 (1s)
 1s chb24 h=16 fold 3: F1=0.673 (6s)
 1s chb24 h=21 fold 3: F1=0.717 (3s)
 1s chb24 h=16 fold 4: F1=0.600 (4s)
 1s chb24 h=21 fold 4: F1=0.645 (1s)
 3s chb01 h=16 fold 0: F1=0.857 (2s)
 3s chb01 h=21 fold 0: F1=0.846 (1s)
 3s chb01 h=16 fold 1: F1=0.886 (2s)
 3s chb01 h=21 fold 1: F1=0.886 (1s)
 3s chb01 h=16 fold 2: F1=0.914 (3s)
 3s chb01 h=21 fold 2: F1=0.868 (1s)
 3s chb01 h=16 fold 3: F1=0.929 (3s)
 3s chb01 h=21 fold 3: F1=0.909 (1s)
 3s chb01 h=16 fold 4: F1=0.962 (3s)
 3s chb01 h=21 fold 4: F1=0.935 (1s)
 3s chb02 h=16 fold 0: F1=0.364 (1s)
 3s chb02 h=21 fold 0: F1=0.579 (0s)
 3s chb02 h=16 fold 1: F1=0.255 (1s)
 3s chb02 h=21 fold 1: F1=0.582 (0s)
 3s chb02 h=16 fold 2: F1=0.667 (2s)
 3s chb02 h=21 fold 2: F1=0.857 (1s)
 3s chb03 h=16 fold 0: F1=0.870 (2s)
 3s chb03 h=21 fold 0: F1=0.909 (1s)
 3s chb03 h=16 fold 1: F1=0.958 (2s)
 3s chb03 h=21 fold 1: F1=0.933 (1s)
 3s chb03 h=16 fold 2: F1=0.909 (2s)
 3s chb03 h=21 fold 2: F1=0.764 (1s)
 3s chb03 h=16 fold 3: F1=0.901 (2s)
 3s chb03 h=21 fold 3: F1=0.912 (1s)
 3s chb03 h=16 fold 4: F1=0.904 (2s)
 3s chb03 h=21 fold 4: F1=0.882 (2s)
 3s chb04 h=16 fold 0: F1=0.889 (2s)
 3s chb04 h=21 fold 0: F1=0.364 (1s)
 3s chb04 h=16 fold 1: F1=0.782 (1s)
 3s chb04 h=21 fold 1: F1=0.633 (0s)
 3s chb04 h=16 fold 2: F1=0.154 (1s)
 3s chb04 h=21 fold 2: F1=0.303 (1s)
 3s chb05 h=16 fold 0: F1=0.812 (2s)
 3s chb05 h=21 fold 0: F1=0.857 (1s)
 3s chb05 h=16 fold 1: F1=0.889 (2s)
 3s chb05 h=21 fold 1: F1=0.944 (1s)
 3s chb05 h=16 fold 2: F1=0.909 (2s)
 3s chb05 h=21 fold 2: F1=0.867 (1s)
 3s chb05 h=16 fold 3: F1=0.854 (2s)
 3s chb05 h=21 fold 3: F1=0.897 (1s)
 3s chb05 h=16 fold 4: F1=0.905 (3s)
 3s chb05 h=21 fold 4: F1=0.874 (1s)
 3s chb06 h=16 fold 0: F1=0.857 (1s)
 3s chb06 h=21 fold 0: F1=0.750 (0s)
 3s chb06 h=16 fold 1: F1=0.909 (1s)
 3s chb06 h=21 fold 1: F1=0.889 (0s)
 3s chb06 h=16 fold 2: F1=0.720 (1s)
 3s chb06 h=21 fold 2: F1=0.800 (0s)
 3s chb06 h=16 fold 3: F1=0.308 (1s)
 3s chb06 h=21 fold 3: F1=0.290 (1s)
 3s chb06 h=16 fold 4: F1=0.667 (1s)
 3s chb06 h=21 fold 4: F1=0.636 (0s)
 3s chb07 h=16 fold 0: F1=0.875 (1s)
 3s chb07 h=21 fold 0: F1=0.862 (1s)
 3s chb07 h=16 fold 1: F1=0.882 (1s)
 3s chb07 h=21 fold 1: F1=0.737 (0s)
 3s chb07 h=16 fold 2: F1=0.667 (2s)
 3s chb07 h=21 fold 2: F1=0.684 (1s)
 3s chb08 h=16 fold 0: F1=0.761 (2s)
 3s chb08 h=21 fold 0: F1=0.783 (1s)
 3s chb08 h=16 fold 1: F1=0.684 (5s)
 3s chb08 h=21 fold 1: F1=0.671 (1s)
 3s chb08 h=16 fold 2: F1=0.903 (4s)
 3s chb08 h=21 fold 2: F1=0.891 (1s)
 3s chb08 h=16 fold 3: F1=0.904 (4s)
 3s chb08 h=21 fold 3: F1=0.899 (1s)
 3s chb08 h=16 fold 4: F1=0.771 (4s)
 3s chb08 h=21 fold 4: F1=0.749 (1s)
 3s chb09 h=16 fold 0: F1=0.667 (2s)
 3s chb09 h=21 fold 0: F1=0.792 (1s)
 3s chb09 h=16 fold 1: F1=0.721 (1s)
 3s chb09 h=21 fold 1: F1=0.786 (0s)
 3s chb09 h=16 fold 2: F1=0.884 (1s)
 3s chb09 h=21 fold 2: F1=0.500 (0s)
 3s chb10 h=16 fold 0: F1=0.780 (3s)
 3s chb10 h=21 fold 0: F1=0.873 (1s)
 3s chb10 h=16 fold 1: F1=0.909 (3s)
 3s chb10 h=21 fold 1: F1=0.857 (1s)
 3s chb10 h=16 fold 2: F1=0.544 (1s)
 3s chb10 h=21 fold 2: F1=0.634 (1s)
 3s chb10 h=16 fold 3: F1=0.720 (1s)
 3s chb10 h=21 fold 3: F1=0.951 (1s)
 3s chb10 h=16 fold 4: F1=0.927 (2s)
 3s chb10 h=21 fold 4: F1=0.895 (1s)
 3s chb11 h=16 fold 0: F1=1.000 (3s)
 3s chb11 h=21 fold 0: F1=1.000 (3s)
 3s chb11 h=16 fold 1: F1=0.900 (3s)
 3s chb11 h=21 fold 1: F1=1.000 (1s)
 3s chb11 h=16 fold 2: F1=0.701 (1s)
 3s chb11 h=21 fold 2: F1=0.724 (0s)
 3s chb12 h=16 fold 0: F1=0.889 (4s)
 3s chb12 h=21 fold 0: F1=0.790 (2s)
 3s chb12 h=16 fold 1: F1=0.792 (4s)
 3s chb12 h=21 fold 1: F1=0.844 (1s)
 3s chb12 h=16 fold 2: F1=0.871 (4s)
 3s chb12 h=21 fold 2: F1=0.808 (1s)
 3s chb12 h=16 fold 3: F1=0.632 (4s)
 3s chb12 h=21 fold 3: F1=0.594 (1s)
 3s chb12 h=16 fold 4: F1=0.822 (3s)
 3s chb12 h=21 fold 4: F1=0.771 (1s)
 3s chb13 h=16 fold 0: F1=0.897 (2s)
 3s chb13 h=21 fold 0: F1=0.897 (1s)
 3s chb13 h=16 fold 1: F1=0.476 (2s)
 3s chb13 h=21 fold 1: F1=0.667 (1s)
 3s chb13 h=16 fold 2: F1=0.569 (2s)
 3s chb13 h=21 fold 2: F1=0.574 (1s)
 3s chb13 h=16 fold 3: F1=0.846 (3s)
 3s chb13 h=21 fold 3: F1=0.821 (1s)
 3s chb13 h=16 fold 4: F1=0.638 (1s)
 3s chb13 h=21 fold 4: F1=0.694 (1s)
 3s chb14 h=16 fold 0: F1=0.762 (1s)
 3s chb14 h=21 fold 0: F1=0.833 (1s)
 3s chb14 h=16 fold 1: F1=0.933 (1s)
 3s chb14 h=21 fold 1: F1=0.800 (0s)
 3s chb14 h=16 fold 2: F1=0.821 (1s)
 3s chb14 h=21 fold 2: F1=0.821 (0s)
 3s chb14 h=16 fold 3: F1=0.857 (0s)
 3s chb14 h=21 fold 3: F1=0.727 (0s)
 3s chb14 h=16 fold 4: F1=1.000 (1s)
 3s chb14 h=21 fold 4: F1=0.783 (0s)
 3s chb15 h=16 fold 0: F1=0.837 (8s)
 3s chb15 h=21 fold 0: F1=0.889 (4s)
 3s chb15 h=16 fold 1: F1=0.917 (6s)
 3s chb15 h=21 fold 1: F1=0.893 (2s)
 3s chb15 h=16 fold 2: F1=0.822 (5s)
 3s chb15 h=21 fold 2: F1=0.871 (3s)
 3s chb15 h=16 fold 3: F1=0.898 (5s)
 3s chb15 h=21 fold 3: F1=0.907 (2s)
 3s chb15 h=16 fold 4: F1=0.878 (5s)
 3s chb15 h=21 fold 4: F1=0.926 (3s)
 3s chb16 h=16 fold 0: F1=0.800 (1s)
 3s chb16 h=21 fold 0: F1=0.000 (0s)
 3s chb16 h=16 fold 1: F1=0.333 (0s)
 3s chb16 h=21 fold 1: F1=0.000 (0s)
 3s chb16 h=16 fold 2: F1=0.286 (1s)
 3s chb16 h=21 fold 2: F1=0.250 (0s)
 3s chb16 h=16 fold 3: F1=0.667 (1s)
 3s chb16 h=21 fold 3: F1=0.000 (0s)
 3s chb16 h=16 fold 4: F1=0.000 (0s)
 3s chb16 h=21 fold 4: F1=0.000 (0s)
 3s chb17 h=16 fold 0: F1=0.931 (2s)
 3s chb17 h=21 fold 0: F1=0.847 (1s)
 3s chb17 h=16 fold 1: F1=0.618 (1s)
 3s chb17 h=21 fold 1: F1=0.911 (0s)
 3s chb17 h=16 fold 2: F1=0.794 (2s)
 3s chb17 h=21 fold 2: F1=0.733 (1s)
 3s chb18 h=16 fold 0: F1=0.789 (2s)
 3s chb18 h=21 fold 0: F1=0.882 (1s)
 3s chb18 h=16 fold 1: F1=0.894 (1s)
 3s chb18 h=21 fold 1: F1=0.842 (1s)
 3s chb18 h=16 fold 2: F1=0.923 (1s)
 3s chb18 h=21 fold 2: F1=0.872 (0s)
 3s chb18 h=16 fold 3: F1=0.462 (2s)
 3s chb18 h=21 fold 3: F1=0.462 (1s)
 3s chb18 h=16 fold 4: F1=0.923 (1s)
 3s chb18 h=21 fold 4: F1=1.000 (1s)
 3s chb19 h=16 fold 0: F1=0.766 (1s)
 3s chb19 h=21 fold 0: F1=0.667 (0s)
 3s chb19 h=16 fold 1: F1=0.754 (0s)
 3s chb19 h=21 fold 1: F1=0.721 (0s)
 3s chb19 h=16 fold 2: F1=0.893 (1s)
 3s chb19 h=21 fold 2: F1=0.714 (0s)
 3s chb20 h=16 fold 0: F1=0.885 (1s)
 3s chb20 h=21 fold 0: F1=0.821 (1s)
 3s chb20 h=16 fold 1: F1=0.833 (1s)
 3s chb20 h=21 fold 1: F1=0.870 (1s)
 3s chb20 h=16 fold 2: F1=0.941 (1s)
 3s chb20 h=21 fold 2: F1=1.000 (1s)
 3s chb20 h=16 fold 3: F1=0.958 (1s)
 3s chb20 h=21 fold 3: F1=0.917 (0s)
 3s chb20 h=16 fold 4: F1=0.830 (1s)
 3s chb20 h=21 fold 4: F1=0.784 (1s)
 3s chb21 h=16 fold 0: F1=0.914 (1s)
 3s chb21 h=21 fold 0: F1=0.824 (1s)
 3s chb21 h=16 fold 1: F1=0.882 (1s)
 3s chb21 h=21 fold 1: F1=0.875 (1s)
 3s chb21 h=16 fold 2: F1=0.719 (1s)
 3s chb21 h=21 fold 2: F1=0.857 (0s)
 3s chb21 h=16 fold 3: F1=0.889 (2s)
 3s chb21 h=21 fold 3: F1=0.889 (0s)
 3s chb22 h=16 fold 0: F1=0.950 (0s)
 3s chb22 h=21 fold 0: F1=1.000 (0s)
 3s chb22 h=16 fold 1: F1=0.814 (1s)
 3s chb22 h=21 fold 1: F1=0.936 (0s)
 3s chb22 h=16 fold 2: F1=0.818 (1s)
 3s chb22 h=21 fold 2: F1=0.889 (1s)
 3s chb23 h=16 fold 0: F1=0.961 (1s)
 3s chb23 h=21 fold 0: F1=0.935 (0s)
 3s chb23 h=16 fold 1: F1=0.789 (1s)
 3s chb23 h=21 fold 1: F1=0.909 (1s)
 3s chb23 h=16 fold 2: F1=0.938 (1s)
 3s chb23 h=21 fold 2: F1=0.957 (1s)
 3s chb24 h=16 fold 0: F1=0.774 (3s)
 3s chb24 h=21 fold 0: F1=0.450 (1s)
 3s chb24 h=16 fold 1: F1=0.600 (1s)
 3s chb24 h=21 fold 1: F1=0.698 (1s)
 3s chb24 h=16 fold 2: F1=0.792 (2s)
 3s chb24 h=21 fold 2: F1=0.766 (1s)
 3s chb24 h=16 fold 3: F1=0.769 (2s)
 3s chb24 h=21 fold 3: F1=0.818 (1s)
 3s chb24 h=16 fold 4: F1=0.611 (1s)
 3s chb24 h=21 fold 4: F1=0.684 (1s)
 5s chb01 h=16 fold 0: F1=1.000 (3s)
 5s chb01 h=21 fold 0: F1=0.933 (1s)
 5s chb01 h=16 fold 1: F1=0.895 (2s)
 5s chb01 h=21 fold 1: F1=0.900 (1s)
 5s chb01 h=16 fold 2: F1=0.927 (3s)
 5s chb01 h=21 fold 2: F1=0.927 (1s)
 5s chb01 h=16 fold 3: F1=0.944 (3s)
 5s chb01 h=21 fold 3: F1=0.909 (1s)
 5s chb01 h=16 fold 4: F1=0.936 (2s)
 5s chb01 h=21 fold 4: F1=0.939 (1s)
 5s chb02 h=16 fold 0: F1=0.545 (1s)
 5s chb02 h=21 fold 0: F1=0.720 (0s)
 5s chb02 h=16 fold 1: F1=0.154 (1s)
 5s chb02 h=21 fold 1: F1=0.549 (1s)
 5s chb02 h=16 fold 2: F1=1.000 (1s)
 5s chb02 h=21 fold 2: F1=0.667 (0s)
 5s chb03 h=16 fold 0: F1=0.929 (2s)
 5s chb03 h=21 fold 0: F1=0.923 (1s)
 5s chb03 h=16 fold 1: F1=0.905 (2s)
 5s chb03 h=21 fold 1: F1=0.950 (1s)
 5s chb03 h=16 fold 2: F1=0.960 (1s)
 5s chb03 h=21 fold 2: F1=0.960 (1s)
 5s chb03 h=16 fold 3: F1=0.889 (2s)
 5s chb03 h=21 fold 3: F1=0.923 (1s)
 5s chb03 h=16 fold 4: F1=0.930 (2s)
 5s chb03 h=21 fold 4: F1=0.905 (0s)
 5s chb04 h=16 fold 0: F1=0.353 (2s)
 5s chb04 h=21 fold 0: F1=0.360 (1s)
 5s chb04 h=16 fold 1: F1=0.800 (1s)
 5s chb04 h=21 fold 1: F1=0.957 (1s)
 5s chb04 h=16 fold 2: F1=0.240 (1s)
 5s chb04 h=21 fold 2: F1=0.189 (1s)
 5s chb05 h=16 fold 0: F1=0.722 (3s)
 5s chb05 h=21 fold 0: F1=0.732 (2s)
 5s chb05 h=16 fold 1: F1=0.927 (3s)
 5s chb05 h=21 fold 1: F1=0.957 (1s)
 5s chb05 h=16 fold 2: F1=0.914 (3s)
 5s chb05 h=21 fold 2: F1=0.914 (1s)
 5s chb05 h=16 fold 3: F1=0.889 (3s)
 5s chb05 h=21 fold 3: F1=0.933 (1s)
 5s chb05 h=16 fold 4: F1=0.979 (3s)
 5s chb05 h=21 fold 4: F1=0.885 (1s)
 5s chb06 h=16 fold 0: F1=0.500 (1s)
 5s chb06 h=21 fold 0: F1=0.667 (0s)
 5s chb06 h=16 fold 1: F1=0.667 (1s)
 5s chb06 h=21 fold 1: F1=0.667 (0s)
 5s chb06 h=16 fold 2: F1=0.615 (1s)
 5s chb06 h=21 fold 2: F1=0.640 (0s)
 5s chb06 h=16 fold 3: F1=0.294 (1s)
 5s chb06 h=21 fold 3: F1=0.235 (1s)
 5s chb06 h=16 fold 4: F1=0.615 (1s)
 5s chb06 h=21 fold 4: F1=0.857 (1s)
 5s chb07 h=16 fold 0: F1=0.694 (1s)
 5s chb07 h=21 fold 0: F1=0.773 (1s)
 5s chb07 h=16 fold 1: F1=0.824 (2s)
 5s chb07 h=21 fold 1: F1=0.882 (1s)
 5s chb07 h=16 fold 2: F1=0.783 (1s)
 5s chb07 h=21 fold 2: F1=0.667 (1s)
 5s chb08 h=16 fold 0: F1=0.795 (4s)
 5s chb08 h=21 fold 0: F1=0.753 (1s)
 5s chb08 h=16 fold 1: F1=0.589 (3s)
 5s chb08 h=21 fold 1: F1=0.682 (1s)
 5s chb08 h=16 fold 2: F1=0.893 (5s)
 5s chb08 h=21 fold 2: F1=0.857 (1s)
 5s chb08 h=16 fold 3: F1=0.952 (6s)
 5s chb08 h=21 fold 3: F1=0.889 (1s)
 5s chb08 h=16 fold 4: F1=0.653 (2s)
 5s chb08 h=21 fold 4: F1=0.752 (1s)
 5s chb09 h=16 fold 0: F1=0.516 (2s)
 5s chb09 h=21 fold 0: F1=0.720 (1s)
 5s chb09 h=16 fold 1: F1=0.587 (1s)
 5s chb09 h=21 fold 1: F1=0.794 (0s)
 5s chb09 h=16 fold 2: F1=0.818 (2s)
 5s chb09 h=21 fold 2: F1=0.769 (1s)
 5s chb10 h=16 fold 0: F1=0.903 (3s)
 5s chb10 h=21 fold 0: F1=0.867 (1s)
 5s chb10 h=16 fold 1: F1=0.960 (2s)
 5s chb10 h=21 fold 1: F1=0.870 (2s)
 5s chb10 h=16 fold 2: F1=0.750 (2s)
 5s chb10 h=21 fold 2: F1=1.000 (1s)
 5s chb10 h=16 fold 3: F1=0.500 (2s)
 5s chb10 h=21 fold 3: F1=0.624 (1s)
 5s chb10 h=16 fold 4: F1=0.759 (3s)
 5s chb10 h=21 fold 4: F1=1.000 (1s)
 5s chb11 h=16 fold 0: F1=1.000 (3s)
 5s chb11 h=21 fold 0: F1=1.000 (1s)
 5s chb11 h=16 fold 1: F1=1.000 (2s)
 5s chb11 h=21 fold 1: F1=1.000 (1s)
 5s chb11 h=16 fold 2: F1=0.754 (0s)
 5s chb11 h=21 fold 2: F1=0.728 (0s)
 5s chb12 h=16 fold 0: F1=0.867 (7s)
 5s chb12 h=21 fold 0: F1=0.741 (1s)
 5s chb12 h=16 fold 1: F1=0.549 (4s)
 5s chb12 h=21 fold 1: F1=0.672 (1s)
 5s chb12 h=16 fold 2: F1=0.900 (6s)
 5s chb12 h=21 fold 2: F1=0.852 (2s)
 5s chb12 h=16 fold 3: F1=0.814 (5s)
 5s chb12 h=21 fold 3: F1=0.824 (1s)
 5s chb12 h=16 fold 4: F1=0.829 (4s)
 5s chb12 h=21 fold 4: F1=0.788 (2s)
 5s chb13 h=16 fold 0: F1=1.000 (2s)
 5s chb13 h=21 fold 0: F1=0.941 (1s)
 5s chb13 h=16 fold 1: F1=0.400 (3s)
 5s chb13 h=21 fold 1: F1=0.600 (1s)
 5s chb13 h=16 fold 2: F1=0.646 (1s)
 5s chb13 h=21 fold 2: F1=0.639 (0s)
 5s chb13 h=16 fold 3: F1=0.800 (3s)
 5s chb13 h=21 fold 3: F1=0.800 (1s)
 5s chb13 h=16 fold 4: F1=0.727 (3s)
 5s chb13 h=21 fold 4: F1=0.462 (2s)
 5s chb14 h=16 fold 0: F1=0.545 (1s)
 5s chb14 h=21 fold 0: F1=0.857 (0s)
 5s chb14 h=16 fold 1: F1=1.000 (1s)
 5s chb14 h=21 fold 1: F1=0.889 (0s)
 5s chb14 h=16 fold 2: F1=1.000 (1s)
 5s chb14 h=21 fold 2: F1=1.000 (0s)
 5s chb14 h=16 fold 3: F1=0.769 (1s)
 5s chb14 h=21 fold 3: F1=0.727 (1s)
 5s chb14 h=16 fold 4: F1=0.952 (1s)
 5s chb14 h=21 fold 4: F1=0.857 (1s)
 5s chb15 h=16 fold 0: F1=0.808 (10s)
 5s chb15 h=21 fold 0: F1=0.933 (2s)
 5s chb15 h=16 fold 1: F1=0.909 (3s)
 5s chb15 h=21 fold 1: F1=0.916 (2s)
 5s chb15 h=16 fold 2: F1=0.912 (9s)
 5s chb15 h=21 fold 2: F1=0.963 (2s)
 5s chb15 h=16 fold 3: F1=0.915 (4s)
 5s chb15 h=21 fold 3: F1=0.936 (2s)
 5s chb15 h=16 fold 4: F1=0.922 (6s)
 5s chb15 h=21 fold 4: F1=0.873 (2s)
 5s chb16 h=16 fold 0: F1=1.000 (0s)
 5s chb16 h=21 fold 0: F1=0.667 (0s)
 5s chb16 h=16 fold 1: F1=0.500 (0s)
 5s chb16 h=21 fold 1: F1=1.000 (0s)
 5s chb16 h=16 fold 2: F1=0.333 (0s)
 5s chb16 h=21 fold 2: F1=0.000 (0s)
 5s chb16 h=16 fold 3: F1=0.667 (0s)
 5s chb16 h=21 fold 3: F1=0.000 (0s)
 5s chb16 h=16 fold 4: F1=0.000 (0s)
 5s chb16 h=21 fold 4: F1=0.000 (0s)
 5s chb17 h=16 fold 0: F1=0.821 (1s)
 5s chb17 h=21 fold 0: F1=0.865 (0s)
 5s chb17 h=16 fold 1: F1=0.836 (1s)
 5s chb17 h=21 fold 1: F1=0.957 (0s)
 5s chb17 h=16 fold 2: F1=0.759 (2s)
 5s chb17 h=21 fold 2: F1=0.684 (1s)
 5s chb18 h=16 fold 0: F1=0.450 (2s)
 5s chb18 h=21 fold 0: F1=0.818 (0s)
 5s chb18 h=16 fold 1: F1=1.000 (1s)
 5s chb18 h=21 fold 1: F1=1.000 (0s)
 5s chb18 h=16 fold 2: F1=0.960 (1s)
 5s chb18 h=21 fold 2: F1=0.833 (0s)
 5s chb18 h=16 fold 3: F1=0.667 (2s)
 5s chb18 h=21 fold 3: F1=0.500 (1s)
 5s chb18 h=16 fold 4: F1=1.000 (2s)
 5s chb18 h=21 fold 4: F1=0.917 (0s)
 5s chb19 h=16 fold 0: F1=0.824 (1s)
 5s chb19 h=21 fold 0: F1=0.786 (0s)
 5s chb19 h=16 fold 1: F1=0.875 (1s)
 5s chb19 h=21 fold 1: F1=0.903 (1s)
 5s chb19 h=16 fold 2: F1=0.875 (1s)
 5s chb19 h=21 fold 2: F1=0.909 (1s)
 5s chb20 h=16 fold 0: F1=0.867 (1s)
 5s chb20 h=21 fold 0: F1=0.839 (0s)
 5s chb20 h=16 fold 1: F1=1.000 (1s)
 5s chb20 h=21 fold 1: F1=0.923 (0s)
 5s chb20 h=16 fold 2: F1=0.846 (1s)
 5s chb20 h=21 fold 2: F1=0.857 (0s)
 5s chb20 h=16 fold 3: F1=0.929 (2s)
 5s chb20 h=21 fold 3: F1=0.857 (0s)
 5s chb20 h=16 fold 4: F1=0.769 (1s)
 5s chb20 h=21 fold 4: F1=0.769 (1s)
 5s chb21 h=16 fold 0: F1=0.857 (1s)
 5s chb21 h=21 fold 0: F1=0.952 (1s)
 5s chb21 h=16 fold 1: F1=1.000 (1s)
 5s chb21 h=21 fold 1: F1=1.000 (0s)
 5s chb21 h=16 fold 2: F1=0.667 (1s)
 5s chb21 h=21 fold 2: F1=0.800 (1s)
 5s chb21 h=16 fold 3: F1=1.000 (1s)
 5s chb21 h=21 fold 3: F1=1.000 (1s)
 5s chb22 h=16 fold 0: F1=1.000 (1s)
 5s chb22 h=21 fold 0: F1=1.000 (1s)
 5s chb22 h=16 fold 1: F1=0.848 (1s)
 5s chb22 h=21 fold 1: F1=0.889 (1s)
 5s chb22 h=16 fold 2: F1=0.923 (1s)
 5s chb22 h=21 fold 2: F1=0.880 (1s)
 5s chb23 h=16 fold 0: F1=0.917 (2s)
 5s chb23 h=21 fold 0: F1=1.000 (1s)
 5s chb23 h=16 fold 1: F1=0.846 (3s)
 5s chb23 h=21 fold 1: F1=0.857 (1s)
 5s chb23 h=16 fold 2: F1=0.925 (1s)
 5s chb23 h=21 fold 2: F1=0.925 (0s)
 5s chb24 h=16 fold 0: F1=0.880 (3s)
 5s chb24 h=21 fold 0: F1=0.963 (1s)
 5s chb24 h=16 fold 1: F1=0.714 (3s)
 5s chb24 h=21 fold 1: F1=0.815 (1s)
 5s chb24 h=16 fold 2: F1=0.667 (3s)
 5s chb24 h=21 fold 2: F1=0.846 (1s)
 5s chb24 h=16 fold 3: F1=0.721 (2s)
 5s chb24 h=21 fold 3: F1=0.510 (0s)
 5s chb24 h=16 fold 4: F1=0.667 (2s)
 5s chb24 h=21 fold 4: F1=0.698 (1s)
 8s chb01 h=16 fold 0: F1=1.000 (3s)
 8s chb01 h=21 fold 0: F1=0.750 (1s)
 8s chb01 h=16 fold 1: F1=0.957 (2s)
 8s chb01 h=21 fold 1: F1=0.957 (2s)
 8s chb01 h=16 fold 2: F1=0.960 (3s)
 8s chb01 h=21 fold 2: F1=0.923 (2s)
 8s chb01 h=16 fold 3: F1=0.857 (3s)
 8s chb01 h=21 fold 3: F1=0.952 (1s)
 8s chb01 h=16 fold 4: F1=1.000 (3s)
 8s chb01 h=21 fold 4: F1=1.000 (1s)
 8s chb02 h=16 fold 0: F1=0.000 (0s)
 8s chb02 h=21 fold 0: F1=0.462 (0s)
 8s chb02 h=16 fold 1: F1=0.240 (1s)
 8s chb02 h=21 fold 1: F1=0.500 (0s)
 8s chb02 h=16 fold 2: F1=0.667 (1s)
 8s chb02 h=21 fold 2: F1=0.667 (0s)
 8s chb03 h=16 fold 0: F1=0.933 (3s)
 8s chb03 h=21 fold 0: F1=1.000 (1s)
 8s chb03 h=16 fold 1: F1=0.889 (3s)
 8s chb03 h=21 fold 1: F1=0.875 (1s)
 8s chb03 h=16 fold 2: F1=0.941 (3s)
 8s chb03 h=21 fold 2: F1=0.737 (1s)
 8s chb03 h=16 fold 3: F1=0.909 (2s)
 8s chb03 h=21 fold 3: F1=1.000 (1s)
 8s chb03 h=16 fold 4: F1=0.815 (2s)
 8s chb03 h=21 fold 4: F1=0.917 (1s)
 8s chb04 h=16 fold 0: F1=0.750 (3s)
 8s chb04 h=21 fold 0: F1=1.000 (1s)
 8s chb04 h=16 fold 1: F1=0.750 (2s)
 8s chb04 h=21 fold 1: F1=0.897 (1s)
 8s chb04 h=16 fold 2: F1=0.258 (1s)
 8s chb04 h=21 fold 2: F1=0.258 (1s)
 8s chb05 h=16 fold 0: F1=0.000 (1s)
 8s chb05 h=21 fold 0: F1=0.923 (2s)
 8s chb05 h=16 fold 1: F1=0.960 (4s)
 8s chb05 h=21 fold 1: F1=1.000 (1s)
 8s chb05 h=16 fold 2: F1=0.818 (3s)
 8s chb05 h=21 fold 2: F1=0.909 (2s)
 8s chb05 h=16 fold 3: F1=0.812 (2s)
 8s chb05 h=21 fold 3: F1=0.824 (1s)
 8s chb05 h=16 fold 4: F1=1.000 (4s)
 8s chb05 h=21 fold 4: F1=0.875 (1s)
 8s chb06 h=16 fold 0: F1=0.000 (0s)
 8s chb06 h=21 fold 0: F1=0.667 (0s)
 8s chb06 h=16 fold 1: F1=1.000 (1s)
 8s chb06 h=21 fold 1: F1=1.000 (0s)
 8s chb06 h=16 fold 2: F1=0.571 (1s)
 8s chb06 h=21 fold 2: F1=0.600 (0s)
 8s chb06 h=16 fold 3: F1=0.462 (1s)
 8s chb06 h=21 fold 3: F1=0.333 (0s)
 8s chb06 h=16 fold 4: F1=0.800 (1s)
 8s chb06 h=21 fold 4: F1=1.000 (0s)
 8s chb07 h=16 fold 0: F1=0.741 (2s)
 8s chb07 h=21 fold 0: F1=0.833 (1s)
 8s chb07 h=16 fold 1: F1=0.353 (2s)
 8s chb07 h=21 fold 1: F1=0.800 (1s)
 8s chb07 h=16 fold 2: F1=0.714 (1s)
 8s chb07 h=21 fold 2: F1=0.741 (0s)
 8s chb08 h=16 fold 0: F1=0.857 (6s)
 8s chb08 h=21 fold 0: F1=0.824 (2s)
 8s chb08 h=16 fold 1: F1=0.596 (5s)
 8s chb08 h=21 fold 1: F1=0.720 (1s)
 8s chb08 h=16 fold 2: F1=0.909 (6s)
 8s chb08 h=21 fold 2: F1=0.938 (1s)
 8s chb08 h=16 fold 3: F1=0.976 (6s)
 8s chb08 h=21 fold 3: F1=0.950 (2s)
 8s chb08 h=16 fold 4: F1=0.646 (3s)
 8s chb08 h=21 fold 4: F1=0.795 (1s)
 8s chb09 h=16 fold 0: F1=0.571 (2s)
 8s chb09 h=21 fold 0: F1=0.750 (0s)
 8s chb09 h=16 fold 1: F1=0.375 (1s)
 8s chb09 h=21 fold 1: F1=0.889 (1s)
 8s chb09 h=16 fold 2: F1=0.800 (2s)
 8s chb09 h=21 fold 2: F1=0.800 (0s)
 8s chb10 h=16 fold 0: F1=0.778 (3s)
 8s chb10 h=21 fold 0: F1=0.900 (1s)
 8s chb10 h=16 fold 1: F1=0.923 (3s)
 8s chb10 h=21 fold 1: F1=1.000 (1s)
 8s chb10 h=16 fold 2: F1=0.557 (2s)
 8s chb10 h=21 fold 2: F1=0.723 (1s)
 8s chb10 h=16 fold 3: F1=0.933 (3s)
 8s chb10 h=21 fold 3: F1=0.933 (1s)
 8s chb10 h=16 fold 4: F1=0.842 (3s)
 8s chb10 h=21 fold 4: F1=1.000 (1s)
 8s chb11 h=16 fold 0: F1=1.000 (4s)
 8s chb11 h=21 fold 0: F1=1.000 (2s)
 8s chb11 h=16 fold 1: F1=0.857 (2s)
 8s chb11 h=21 fold 1: F1=1.000 (1s)
 8s chb11 h=16 fold 2: F1=0.678 (0s)
 8s chb11 h=21 fold 2: F1=0.701 (0s)
 8s chb12 h=16 fold 0: F1=0.800 (3s)
 8s chb12 h=21 fold 0: F1=0.750 (2s)
 8s chb12 h=16 fold 1: F1=0.850 (6s)
 8s chb12 h=21 fold 1: F1=0.696 (1s)
 8s chb12 h=16 fold 2: F1=0.738 (5s)
 8s chb12 h=21 fold 2: F1=0.769 (2s)
 8s chb12 h=16 fold 3: F1=0.865 (6s)
 8s chb12 h=21 fold 3: F1=0.875 (1s)
 8s chb12 h=16 fold 4: F1=0.301 (3s)
 8s chb12 h=21 fold 4: F1=0.633 (1s)
 8s chb13 h=16 fold 0: F1=1.000 (3s)
 8s chb13 h=21 fold 0: F1=1.000 (1s)
 8s chb13 h=16 fold 1: F1=0.571 (1s)
 8s chb13 h=21 fold 1: F1=0.500 (0s)
 8s chb13 h=16 fold 2: F1=0.583 (2s)
 8s chb13 h=21 fold 2: F1=0.596 (1s)
 8s chb13 h=16 fold 3: F1=0.778 (2s)
 8s chb13 h=21 fold 3: F1=0.783 (0s)
 8s chb13 h=16 fold 4: F1=0.571 (3s)
 8s chb13 h=21 fold 4: F1=0.333 (1s)
 8s chb14 h=16 fold 0: F1=0.571 (1s)
 8s chb14 h=21 fold 0: F1=0.750 (0s)
 8s chb14 h=16 fold 1: F1=1.000 (1s)
 8s chb14 h=21 fold 1: F1=1.000 (0s)
 8s chb14 h=16 fold 2: F1=1.000 (1s)
 8s chb14 h=21 fold 2: F1=0.909 (0s)
 8s chb14 h=16 fold 3: F1=1.000 (1s)
 8s chb14 h=21 fold 3: F1=0.857 (0s)
 8s chb14 h=16 fold 4: F1=0.000 (1s)
 8s chb14 h=21 fold 4: F1=1.000 (1s)
 8s chb15 h=16 fold 0: F1=0.839 (5s)
 8s chb15 h=21 fold 0: F1=0.897 (2s)
 8s chb15 h=16 fold 1: F1=0.941 (8s)
 8s chb15 h=21 fold 1: F1=0.867 (2s)
 8s chb15 h=16 fold 2: F1=0.881 (11s)
 8s chb15 h=21 fold 2: F1=0.917 (3s)
 8s chb15 h=16 fold 3: F1=0.928 (10s)
 8s chb15 h=21 fold 3: F1=0.941 (2s)
 8s chb15 h=16 fold 4: F1=0.951 (10s)
 8s chb15 h=21 fold 4: F1=0.950 (3s)
 8s chb16 h=16 fold 0: F1=0.000 (0s)
 8s chb16 h=21 fold 0: F1=0.000 (0s)
 8s chb16 h=16 fold 1: F1=0.000 (0s)
 8s chb16 h=21 fold 1: F1=0.667 (0s)
 8s chb16 h=16 fold 2: F1=0.000 (0s)
 8s chb16 h=21 fold 2: F1=0.286 (0s)
 8s chb16 h=16 fold 3: F1=0.000 (0s)
 8s chb16 h=21 fold 3: F1=0.000 (0s)
 8s chb17 h=16 fold 0: F1=0.769 (2s)
 8s chb17 h=21 fold 0: F1=0.783 (0s)
 8s chb17 h=16 fold 1: F1=0.800 (1s)
 8s chb17 h=21 fold 1: F1=0.963 (0s)
 8s chb17 h=16 fold 2: F1=0.778 (2s)
 8s chb17 h=21 fold 2: F1=0.870 (1s)
 8s chb18 h=16 fold 0: F1=0.500 (2s)
 8s chb18 h=21 fold 0: F1=0.500 (1s)
 8s chb18 h=16 fold 1: F1=0.455 (2s)
 8s chb18 h=21 fold 1: F1=0.909 (1s)
 8s chb18 h=16 fold 2: F1=0.857 (2s)
 8s chb18 h=21 fold 2: F1=1.000 (1s)
 8s chb18 h=16 fold 3: F1=0.769 (2s)
 8s chb18 h=21 fold 3: F1=0.857 (1s)
 8s chb18 h=16 fold 4: F1=0.848 (1s)
 8s chb18 h=21 fold 4: F1=0.929 (1s)
 8s chb19 h=16 fold 0: F1=0.941 (1s)
 8s chb19 h=21 fold 0: F1=0.706 (1s)
 8s chb19 h=16 fold 1: F1=0.783 (1s)
 8s chb19 h=21 fold 1: F1=0.762 (0s)
 8s chb19 h=16 fold 2: F1=0.625 (1s)
 8s chb19 h=21 fold 2: F1=0.667 (0s)
 8s chb20 h=16 fold 0: F1=0.824 (2s)
 8s chb20 h=21 fold 0: F1=0.889 (0s)
 8s chb20 h=16 fold 1: F1=0.857 (1s)
 8s chb20 h=21 fold 1: F1=1.000 (1s)
 8s chb20 h=16 fold 2: F1=0.737 (1s)
 8s chb20 h=21 fold 2: F1=0.737 (1s)
 8s chb20 h=16 fold 3: F1=1.000 (1s)
 8s chb20 h=21 fold 3: F1=1.000 (0s)
 8s chb20 h=16 fold 4: F1=0.750 (2s)
 8s chb20 h=21 fold 4: F1=0.857 (1s)
 8s chb21 h=16 fold 0: F1=0.714 (1s)
 8s chb21 h=21 fold 0: F1=1.000 (1s)
 8s chb21 h=16 fold 1: F1=1.000 (1s)
 8s chb21 h=21 fold 1: F1=1.000 (0s)
 8s chb21 h=16 fold 2: F1=0.000 (1s)
 8s chb21 h=21 fold 2: F1=0.833 (1s)
 8s chb21 h=16 fold 3: F1=1.000 (2s)
 8s chb21 h=21 fold 3: F1=1.000 (1s)
 8s chb22 h=16 fold 0: F1=1.000 (1s)
 8s chb22 h=21 fold 0: F1=1.000 (1s)
 8s chb22 h=16 fold 1: F1=0.947 (1s)
 8s chb22 h=21 fold 1: F1=0.947 (1s)
 8s chb22 h=16 fold 2: F1=0.824 (1s)
 8s chb22 h=21 fold 2: F1=0.941 (1s)
 8s chb23 h=16 fold 0: F1=0.933 (2s)
 8s chb23 h=21 fold 0: F1=1.000 (1s)
 8s chb23 h=16 fold 1: F1=0.923 (3s)
 8s chb23 h=21 fold 1: F1=1.000 (1s)
 8s chb23 h=16 fold 2: F1=0.964 (1s)
 8s chb23 h=21 fold 2: F1=0.945 (1s)
 8s chb24 h=16 fold 0: F1=0.857 (1s)
 8s chb24 h=21 fold 0: F1=0.880 (1s)
 8s chb24 h=16 fold 1: F1=0.933 (1s)
 8s chb24 h=21 fold 1: F1=0.933 (1s)
 8s chb24 h=16 fold 2: F1=1.000 (3s)
 8s chb24 h=21 fold 2: F1=1.000 (1s)
 8s chb24 h=16 fold 3: F1=0.812 (2s)
 8s chb24 h=21 fold 3: F1=0.788 (1s)
 8s chb24 h=16 fold 4: F1=0.667 (3s)
 8s chb24 h=21 fold 4: F1=0.692 (1s)
10s chb01 h=16 fold 0: F1=0.947 (3s)
10s chb01 h=21 fold 0: F1=1.000 (1s)
10s chb01 h=16 fold 1: F1=0.952 (3s)
10s chb01 h=21 fold 1: F1=1.000 (1s)
10s chb01 h=16 fold 2: F1=1.000 (3s)
10s chb01 h=21 fold 2: F1=1.000 (1s)
10s chb01 h=16 fold 3: F1=0.875 (3s)
10s chb01 h=21 fold 3: F1=0.941 (1s)
10s chb01 h=16 fold 4: F1=1.000 (3s)
10s chb01 h=21 fold 4: F1=1.000 (1s)
10s chb02 h=16 fold 0: F1=0.000 (0s)
10s chb02 h=21 fold 0: F1=0.000 (0s)
10s chb02 h=16 fold 1: F1=0.222 (1s)
10s chb02 h=21 fold 1: F1=0.356 (0s)
10s chb03 h=16 fold 0: F1=1.000 (2s)
10s chb03 h=21 fold 0: F1=0.923 (1s)
10s chb03 h=16 fold 1: F1=1.000 (3s)
10s chb03 h=21 fold 1: F1=1.000 (1s)
10s chb03 h=16 fold 2: F1=0.857 (3s)
10s chb03 h=21 fold 2: F1=0.818 (1s)
10s chb03 h=16 fold 3: F1=0.800 (2s)
10s chb03 h=21 fold 3: F1=0.615 (1s)
10s chb03 h=16 fold 4: F1=0.588 (3s)
10s chb03 h=21 fold 4: F1=0.909 (1s)
10s chb04 h=16 fold 0: F1=0.348 (3s)
10s chb04 h=21 fold 0: F1=0.364 (1s)
10s chb04 h=16 fold 1: F1=0.571 (1s)
10s chb04 h=21 fold 1: F1=0.741 (0s)
10s chb04 h=16 fold 2: F1=0.250 (1s)
10s chb04 h=21 fold 2: F1=0.320 (1s)
10s chb05 h=16 fold 0: F1=0.706 (4s)
10s chb05 h=21 fold 0: F1=0.952 (1s)
10s chb05 h=16 fold 1: F1=1.000 (4s)
10s chb05 h=21 fold 1: F1=0.917 (1s)
10s chb05 h=16 fold 2: F1=0.941 (4s)
10s chb05 h=21 fold 2: F1=0.875 (2s)
10s chb05 h=16 fold 3: F1=0.917 (2s)
10s chb05 h=21 fold 3: F1=0.880 (1s)
10s chb05 h=16 fold 4: F1=0.710 (4s)
10s chb05 h=21 fold 4: F1=0.846 (1s)
10s chb06 h=16 fold 0: F1=0.000 (0s)
10s chb06 h=21 fold 0: F1=1.000 (0s)
10s chb06 h=16 fold 1: F1=1.000 (1s)
10s chb06 h=21 fold 1: F1=1.000 (0s)
10s chb06 h=16 fold 2: F1=0.000 (0s)
10s chb06 h=21 fold 2: F1=1.000 (0s)
10s chb06 h=16 fold 3: F1=0.000 (0s)
10s chb06 h=21 fold 3: F1=0.222 (0s)
10s chb06 h=16 fold 4: F1=0.000 (1s)
10s chb06 h=21 fold 4: F1=1.000 (0s)
10s chb07 h=16 fold 0: F1=0.600 (1s)
10s chb07 h=21 fold 0: F1=0.824 (0s)
10s chb07 h=16 fold 1: F1=0.824 (1s)
10s chb07 h=21 fold 1: F1=0.750 (1s)
10s chb07 h=16 fold 2: F1=0.783 (1s)
10s chb07 h=21 fold 2: F1=0.526 (1s)
10s chb08 h=16 fold 0: F1=0.780 (3s)
10s chb08 h=21 fold 0: F1=0.872 (1s)
10s chb08 h=16 fold 1: F1=0.650 (6s)
10s chb08 h=21 fold 1: F1=0.647 (1s)
10s chb08 h=16 fold 2: F1=0.960 (5s)
10s chb08 h=21 fold 2: F1=0.960 (1s)
10s chb08 h=16 fold 3: F1=0.970 (6s)
10s chb08 h=21 fold 3: F1=0.889 (1s)
10s chb08 h=16 fold 4: F1=0.685 (5s)
10s chb08 h=21 fold 4: F1=0.821 (1s)
10s chb09 h=16 fold 0: F1=0.769 (1s)
10s chb09 h=21 fold 0: F1=0.857 (1s)
10s chb09 h=16 fold 1: F1=0.000 (0s)
10s chb09 h=21 fold 1: F1=0.714 (0s)
10s chb09 h=16 fold 2: F1=0.500 (2s)
10s chb09 h=21 fold 2: F1=0.500 (1s)
10s chb10 h=16 fold 0: F1=0.833 (3s)
10s chb10 h=21 fold 0: F1=1.000 (1s)
10s chb10 h=16 fold 1: F1=0.909 (3s)
10s chb10 h=21 fold 1: F1=1.000 (1s)
10s chb10 h=16 fold 2: F1=0.800 (3s)
10s chb10 h=21 fold 2: F1=0.933 (1s)
10s chb10 h=16 fold 3: F1=0.560 (2s)
10s chb10 h=21 fold 3: F1=0.667 (1s)
10s chb10 h=16 fold 4: F1=0.875 (2s)
10s chb10 h=21 fold 4: F1=1.000 (1s)
10s chb11 h=16 fold 0: F1=1.000 (2s)
10s chb11 h=21 fold 0: F1=1.000 (1s)
10s chb11 h=16 fold 1: F1=1.000 (4s)
10s chb11 h=21 fold 1: F1=1.000 (1s)
10s chb11 h=16 fold 2: F1=0.709 (0s)
10s chb11 h=21 fold 2: F1=0.697 (0s)
10s chb12 h=16 fold 0: F1=0.774 (6s)
10s chb12 h=21 fold 0: F1=0.667 (1s)
10s chb12 h=16 fold 1: F1=0.824 (7s)
10s chb12 h=21 fold 1: F1=0.769 (1s)
10s chb12 h=16 fold 2: F1=0.458 (5s)
10s chb12 h=21 fold 2: F1=0.615 (1s)
10s chb12 h=16 fold 3: F1=0.844 (5s)
10s chb12 h=21 fold 3: F1=0.698 (1s)
10s chb12 h=16 fold 4: F1=0.900 (6s)
10s chb12 h=21 fold 4: F1=0.842 (1s)
10s chb13 h=16 fold 0: F1=1.000 (3s)
10s chb13 h=21 fold 0: F1=1.000 (1s)
10s chb13 h=16 fold 1: F1=0.333 (2s)
10s chb13 h=21 fold 1: F1=0.571 (0s)
10s chb13 h=16 fold 2: F1=0.667 (1s)
10s chb13 h=21 fold 2: F1=0.690 (1s)
10s chb13 h=16 fold 3: F1=0.800 (2s)
10s chb13 h=21 fold 3: F1=0.800 (1s)
10s chb13 h=16 fold 4: F1=0.714 (2s)
10s chb13 h=21 fold 4: F1=0.875 (0s)
10s chb14 h=16 fold 0: F1=0.667 (1s)
10s chb14 h=21 fold 0: F1=0.667 (1s)
10s chb14 h=16 fold 1: F1=0.857 (1s)
10s chb14 h=21 fold 1: F1=0.667 (0s)
10s chb14 h=16 fold 2: F1=0.857 (1s)
10s chb14 h=21 fold 2: F1=1.000 (0s)
10s chb14 h=16 fold 3: F1=1.000 (1s)
10s chb14 h=21 fold 3: F1=1.000 (0s)
10s chb14 h=16 fold 4: F1=1.000 (1s)
10s chb14 h=21 fold 4: F1=1.000 (0s)
10s chb15 h=16 fold 0: F1=0.909 (14s)
10s chb15 h=21 fold 0: F1=1.000 (3s)
10s chb15 h=16 fold 1: F1=0.958 (8s)
10s chb15 h=21 fold 1: F1=0.949 (5s)
10s chb15 h=16 fold 2: F1=0.883 (6s)
10s chb15 h=21 fold 2: F1=0.904 (2s)
10s chb15 h=16 fold 3: F1=0.964 (13s)
10s chb15 h=21 fold 3: F1=0.964 (2s)
10s chb15 h=16 fold 4: F1=0.928 (13s)
10s chb15 h=21 fold 4: F1=0.939 (4s)
10s chb17 h=16 fold 0: F1=0.875 (2s)
10s chb17 h=21 fold 0: F1=0.824 (1s)
10s chb17 h=16 fold 1: F1=0.952 (1s)
10s chb17 h=21 fold 1: F1=1.000 (1s)
10s chb17 h=16 fold 2: F1=0.769 (2s)
10s chb17 h=21 fold 2: F1=0.750 (1s)
10s chb18 h=16 fold 0: F1=0.500 (2s)
10s chb18 h=21 fold 0: F1=0.500 (1s)
10s chb18 h=16 fold 1: F1=0.800 (2s)
10s chb18 h=21 fold 1: F1=0.727 (1s)
10s chb18 h=16 fold 2: F1=0.909 (2s)
10s chb18 h=21 fold 2: F1=0.909 (1s)
10s chb18 h=16 fold 3: F1=0.909 (2s)
10s chb18 h=21 fold 3: F1=0.909 (1s)
10s chb18 h=16 fold 4: F1=0.957 (1s)
10s chb18 h=21 fold 4: F1=0.957 (1s)
10s chb19 h=16 fold 0: F1=0.857 (1s)
10s chb19 h=21 fold 0: F1=0.769 (1s)
10s chb19 h=16 fold 1: F1=0.933 (1s)
10s chb19 h=21 fold 1: F1=0.933 (0s)
10s chb19 h=16 fold 2: F1=0.824 (1s)
10s chb19 h=21 fold 2: F1=0.750 (1s)
10s chb20 h=16 fold 0: F1=0.833 (1s)
10s chb20 h=21 fold 0: F1=0.833 (1s)
10s chb20 h=16 fold 1: F1=0.667 (1s)
10s chb20 h=21 fold 1: F1=1.000 (1s)
10s chb20 h=16 fold 2: F1=0.909 (1s)
10s chb20 h=21 fold 2: F1=0.889 (0s)
10s chb20 h=16 fold 3: F1=0.923 (1s)
10s chb20 h=21 fold 3: F1=0.923 (1s)
10s chb20 h=16 fold 4: F1=0.750 (2s)
10s chb20 h=21 fold 4: F1=0.571 (1s)
10s chb21 h=16 fold 0: F1=0.000 (1s)
10s chb21 h=21 fold 0: F1=0.889 (1s)
10s chb21 h=16 fold 1: F1=0.600 (1s)
10s chb21 h=21 fold 1: F1=0.909 (1s)
10s chb21 h=16 fold 2: F1=0.857 (1s)
10s chb21 h=21 fold 2: F1=0.875 (0s)
10s chb21 h=16 fold 3: F1=1.000 (1s)
10s chb21 h=21 fold 3: F1=1.000 (1s)
10s chb22 h=16 fold 0: F1=1.000 (1s)
10s chb22 h=21 fold 0: F1=1.000 (1s)
10s chb22 h=16 fold 1: F1=0.875 (1s)
10s chb22 h=21 fold 1: F1=0.800 (0s)
10s chb22 h=16 fold 2: F1=0.833 (1s)
10s chb22 h=21 fold 2: F1=0.833 (0s)
10s chb23 h=16 fold 0: F1=1.000 (2s)
10s chb23 h=21 fold 0: F1=1.000 (1s)
10s chb23 h=16 fold 1: F1=0.800 (2s)
10s chb23 h=21 fold 1: F1=1.000 (1s)
10s chb23 h=16 fold 2: F1=0.939 (1s)
10s chb23 h=21 fold 2: F1=0.939 (1s)
10s chb24 h=16 fold 0: F1=1.000 (1s)
10s chb24 h=21 fold 0: F1=0.933 (1s)
10s chb24 h=16 fold 1: F1=0.692 (2s)
10s chb24 h=21 fold 1: F1=0.833 (1s)
10s chb24 h=16 fold 2: F1=1.000 (2s)
10s chb24 h=21 fold 2: F1=1.000 (1s)
10s chb24 h=16 fold 3: F1=0.857 (3s)
10s chb24 h=21 fold 3: F1=0.857 (1s)
10s chb24 h=16 fold 4: F1=0.690 (1s)
10s chb24 h=21 fold 4: F1=0.480 (0s)

Mean F1 (folds averaged per patient, then across patients):
kernel_height     16     21
window_sec                 
1              0.749  0.716
3              0.778  0.763
5              0.781  0.796
8              0.716  0.812
10             0.736  0.805
