chb01 fold 0 (11s) F1/FA: none=0.69/26  13sc avg=0.90/0  13snc avg=0.94/4  29sc avg=0.71/0  29snc avg=0.93/2  61sc avg=0.40/0  61snc avg=0.81/0  125sc avg=0.14/1  125snc avg=0.67/0  13sc=0.87/1  13snc=0.90/4  29sc=0.88/1  29snc=0.91/4  61sc=0.92/1  61snc=0.92/3  125sc=0.95/2  125snc=0.94/3
chb01 fold 1 (8s) F1/FA: none=0.54/18  13sc avg=0.62/4  13snc avg=0.74/3  29sc avg=0.53/1  29snc avg=0.74/2  61sc avg=0.35/0  61snc avg=0.71/0  125sc avg=0.21/2  125snc avg=0.60/0  13sc=0.73/4  13snc=0.73/4  29sc=0.74/3  29snc=0.73/6  61sc=0.64/4  61snc=0.79/1  125sc=0.70/3  125snc=0.86/2
chb01 fold 2 (15s) F1/FA: none=0.30/5  13sc avg=0.64/0  13snc avg=0.76/0  29sc avg=0.45/0  29snc avg=0.89/0  61sc avg=0.00/0  61snc avg=0.74/0  125sc avg=0.00/0  125snc avg=0.00/0  13sc=0.62/8  13snc=0.76/0  29sc=0.51/3  29snc=0.58/0  61sc=0.53/2  61snc=0.58/0  125sc=0.60/3  125snc=0.60/0
chb01 fold 3 (15s) F1/FA: none=0.63/15  13sc avg=0.65/0  13snc avg=0.80/0  29sc avg=0.13/0  29snc avg=0.81/0  61sc avg=0.00/0  61snc avg=0.14/0  125sc avg=0.00/0  125snc avg=0.00/0  13sc=0.87/1  13snc=0.89/0  29sc=0.71/11  29snc=0.87/0  61sc=0.81/8  61snc=0.84/0  125sc=0.92/1  125snc=0.87/0
chb01 fold 4 (9s) F1/FA: none=0.68/18  13sc avg=0.92/0  13snc avg=0.95/0  29sc avg=0.82/0  29snc avg=0.96/0  61sc avg=0.58/0  61snc avg=0.91/0  125sc avg=0.39/1  125snc avg=0.85/0  13sc=0.94/2  13snc=0.98/0  29sc=0.92/1  29snc=0.98/0  61sc=0.91/0  61snc=0.97/0  125sc=0.95/0  125snc=0.98/0
chb02 fold 0 (5s) F1/FA: none=0.01/661  13sc avg=0.01/228  13snc avg=0.02/260  29sc avg=0.01/119  29snc avg=0.02/120  61sc avg=0.00/59  61snc avg=0.01/57  125sc avg=0.00/34  125snc avg=0.01/38  13sc=0.01/396  13snc=0.00/255  29sc=0.00/128  29snc=0.01/395  61sc=0.01/234  61snc=0.01/321  125sc=0.01/240  125snc=0.01/327
chb02 fold 1 (3s) F1/FA: none=0.05/188  13sc avg=0.27/0  13snc avg=0.27/11  29sc avg=0.09/0  29snc avg=0.33/1  61sc avg=0.00/0  61snc avg=0.00/0  125sc avg=0.01/47  125snc avg=0.00/1  13sc=0.02/777  13snc=0.02/753  29sc=0.04/452  29snc=0.02/717  61sc=0.05/416  61snc=0.02/691  125sc=0.00/17  125snc=0.01/149
chb02 fold 2 (4s) F1/FA: none=0.04/193  13sc avg=0.33/1  13snc avg=0.33/1  29sc avg=0.00/0  29snc avg=0.00/0  61sc avg=0.00/0  61snc avg=0.00/0  125sc avg=0.00/44  125snc avg=0.00/4  13sc=0.29/17  13snc=0.12/51  29sc=0.28/18  29snc=0.08/24  61sc=0.23/20  61snc=0.11/41  125sc=0.40/7  125snc=0.08/11
chb03 fold 0 (9s) F1/FA: none=0.50/62  13sc avg=0.82/1  13snc avg=0.88/1  29sc avg=0.69/0  29snc avg=0.87/0  61sc avg=0.40/0  61snc avg=0.83/0  125sc avg=0.18/3  125snc avg=0.61/0  13sc=0.78/2  13snc=0.79/4  29sc=0.81/6  29snc=0.85/3  61sc=0.79/4  61snc=0.88/1  125sc=0.79/9  125snc=0.90/2
chb03 fold 1 (6s) F1/FA: none=0.73/31  13sc avg=0.81/1  13snc avg=0.89/0  29sc avg=0.63/1  29snc avg=0.86/0  61sc avg=0.38/1  61snc avg=0.81/0  125sc avg=0.16/1  125snc avg=0.55/0  13sc=0.88/1  13snc=0.90/2  29sc=0.88/1  29snc=0.92/0  61sc=0.90/0  61snc=0.95/0  125sc=0.92/0  125snc=0.93/0
chb03 fold 2 (7s) F1/FA: none=0.32/64  13sc avg=0.42/1  13snc avg=0.40/5  29sc avg=0.27/1  29snc avg=0.60/0  61sc avg=0.12/11  61snc avg=0.18/11  125sc avg=0.03/5  125snc avg=0.34/1  13sc=0.44/11  13snc=0.44/17  29sc=0.39/12  29snc=0.39/18  61sc=0.47/8  61snc=0.40/11  125sc=0.49/6  125snc=0.45/9
chb03 fold 3 (11s) F1/FA: none=0.64/17  13sc avg=0.55/4  13snc avg=0.62/4  29sc avg=0.54/0  29snc avg=0.82/0  61sc avg=0.12/2  61snc avg=0.28/1  125sc avg=0.04/2  125snc avg=0.29/1  13sc=0.78/5  13snc=0.85/2  29sc=0.83/4  29snc=0.79/3  61sc=0.79/8  61snc=0.87/1  125sc=0.77/10  125snc=0.82/4
chb03 fold 4 (8s) F1/FA: none=0.59/6  13sc avg=0.69/0  13snc avg=0.77/0  29sc avg=0.55/0  29snc avg=0.74/0  61sc avg=0.36/0  61snc avg=0.68/0  125sc avg=0.29/0  125snc avg=0.64/0  13sc=0.81/0  13snc=0.84/0  29sc=0.70/2  29snc=0.77/3  61sc=0.76/0  61snc=0.84/0  125sc=0.91/1  125snc=0.81/0
chb04 fold 0 (9s) F1/FA: none=0.15/265  13sc avg=0.56/8  13snc avg=0.65/7  29sc avg=0.30/7  29snc avg=0.23/15  61sc avg=0.20/3  61snc avg=0.67/2  125sc avg=0.00/3  125snc avg=0.00/2  13sc=0.58/16  13snc=0.47/43  29sc=0.35/26  29snc=0.39/29  61sc=0.48/18  61snc=0.33/46  125sc=0.34/17  125snc=0.29/35
chb04 fold 1 (8s) F1/FA: none=0.06/872  13sc avg=0.50/17  13snc avg=0.50/17  29sc avg=0.61/7  29snc avg=0.61/7  61sc avg=0.46/3  61snc avg=0.58/3  125sc avg=0.22/2  125snc avg=0.51/2  13sc=0.40/20  13snc=0.32/50  29sc=0.51/23  29snc=0.40/57  61sc=0.55/17  61snc=0.39/38  125sc=0.53/15  125snc=0.42/22
chb04 fold 2 (8s) F1/FA: none=0.00/108  13sc avg=0.00/0  13snc avg=0.00/0  29sc avg=0.00/0  29snc avg=0.00/0  61sc avg=0.00/0  61snc avg=0.00/0  125sc avg=0.00/0  125snc avg=0.00/0  13sc=0.00/1  13snc=0.00/2  29sc=0.00/0  29snc=0.00/0  61sc=0.00/0  61snc=0.00/0  125sc=0.00/3  125snc=0.00/0
chb05 fold 0 (19s) F1/FA: none=0.47/44  13sc avg=0.78/0  13snc avg=0.76/1  29sc avg=0.73/0  29snc avg=0.91/1  61sc avg=0.59/0  61snc avg=0.92/0  125sc avg=0.39/0  125snc avg=0.92/0  13sc=0.86/4  13snc=0.91/1  29sc=0.91/3  29snc=0.98/1  61sc=0.90/2  61snc=0.97/1  125sc=0.91/4  125snc=0.97/1
chb05 fold 1 (8s) F1/FA: none=0.35/21  13sc avg=0.63/11  13snc avg=0.67/10  29sc avg=0.72/3  29snc avg=0.78/3  61sc avg=0.61/2  61snc avg=0.87/0  125sc avg=0.32/2  125snc avg=0.82/0  13sc=0.79/10  13snc=0.90/1  29sc=0.63/18  29snc=0.77/3  61sc=0.74/5  61snc=0.88/0  125sc=0.78/11  125snc=0.93/0
chb05 fold 2 (14s) F1/FA: none=0.73/24  13sc avg=0.82/0  13snc avg=0.93/1  29sc avg=0.80/0  29snc avg=0.93/0  61sc avg=0.53/0  61snc avg=0.92/0  125sc avg=0.31/0  125snc avg=0.89/0  13sc=0.91/0  13snc=0.92/0  29sc=0.91/0  29snc=0.95/0  61sc=0.92/0  61snc=0.97/0  125sc=0.93/0  125snc=0.96/0
chb05 fold 3 (12s) F1/FA: none=0.68/13  13sc avg=0.80/0  13snc avg=0.81/0  29sc avg=0.81/0  29snc avg=0.93/0  61sc avg=0.66/0  61snc avg=0.89/0  125sc avg=0.46/0  125snc avg=0.88/0  13sc=0.83/1  13snc=0.87/0  29sc=0.78/1  29snc=0.94/0  61sc=0.83/1  61snc=0.96/0  125sc=0.76/0  125snc=0.97/0
chb05 fold 4 (9s) F1/FA: none=0.41/71  13sc avg=0.32/39  13snc avg=0.55/13  29sc avg=0.85/1  29snc avg=0.65/7  61sc avg=0.73/0  61snc avg=0.91/0  125sc avg=0.27/4  125snc avg=0.71/0  13sc=0.79/11  13snc=0.83/10  29sc=0.81/14  29snc=0.60/13  61sc=0.90/6  61snc=0.64/11  125sc=0.77/19  125snc=0.87/4
chb06 fold 0 (12s) F1/FA: none=0.09/201  13sc avg=0.23/3  13snc avg=0.57/3  29sc avg=0.04/35  29snc avg=0.39/1  61sc avg=0.00/158  61snc avg=0.07/24  125sc avg=0.00/226  125snc avg=0.02/65  13sc=0.34/16  13snc=0.51/7  29sc=0.33/16  29snc=0.56/7  61sc=0.36/17  61snc=0.54/11  125sc=0.34/14  125snc=0.60/8
chb06 fold 1 (8s) F1/FA: none=0.02/344  13sc avg=0.09/12  13snc avg=0.12/11  29sc avg=0.04/63  29snc avg=0.04/62  61sc avg=0.02/52  61snc avg=0.01/116  125sc avg=0.01/78  125snc avg=0.01/76  13sc=0.05/100  13snc=0.08/80  29sc=0.03/87  29snc=0.08/91  61sc=0.07/108  61snc=0.09/85  125sc=0.04/113  125snc=0.07/130
chb06 fold 2 (8s) F1/FA: none=0.15/17  13sc avg=0.23/5  13snc avg=0.48/5  29sc avg=0.01/27  29snc avg=0.12/26  61sc avg=0.00/36  61snc avg=0.00/12  125sc avg=0.00/43  125snc avg=0.00/13  13sc=0.32/3  13snc=0.73/6  29sc=0.43/3  29snc=0.87/3  61sc=0.51/6  61snc=0.79/6  125sc=0.59/5  125snc=0.80/5
chb06 fold 3 (12s) F1/FA: none=0.05/62  13sc avg=0.18/13  13snc avg=0.22/13  29sc avg=0.01/59  29snc avg=0.04/43  61sc avg=0.00/12  61snc avg=0.01/30  125sc avg=0.00/12  125snc avg=0.00/4  13sc=0.37/4  13snc=0.55/4  29sc=0.09/2  29snc=0.48/4  61sc=0.00/0  61snc=0.45/4  125sc=0.05/0  125snc=0.48/2
chb06 fold 4 (10s) F1/FA: none=0.17/31  13sc avg=0.24/3  13snc avg=0.59/1  29sc avg=0.03/3  29snc avg=0.21/1  61sc avg=0.00/3  61snc avg=0.00/2  125sc avg=0.00/6  125snc avg=0.10/1  13sc=0.40/4  13snc=0.57/2  29sc=0.36/6  29snc=0.61/2  61sc=0.39/3  61snc=0.59/1  125sc=0.47/4  125snc=0.61/1
chb07 fold 0 (7s) F1/FA: none=0.26/185  13sc avg=0.88/2  13snc avg=0.81/5  29sc avg=0.81/0  29snc avg=0.90/0  61sc avg=0.48/0  61snc avg=0.81/0  125sc avg=0.00/0  125snc avg=0.00/0  13sc=0.75/13  13snc=0.55/41  29sc=0.80/9  29snc=0.76/12  61sc=0.75/12  61snc=0.81/10  125sc=0.88/0  125snc=0.84/6
chb07 fold 1 (5s) F1/FA: none=0.06/597  13sc avg=0.05/239  13snc avg=0.40/6  29sc avg=0.08/98  29snc avg=0.10/98  61sc avg=0.14/33  61snc avg=0.21/33  125sc avg=0.01/3  125snc avg=0.33/8  13sc=0.13/244  13snc=0.18/195  29sc=0.11/230  29snc=0.14/296  61sc=0.15/138  61snc=0.13/204  125sc=0.31/52  125snc=0.24/133
chb07 fold 2 (5s) F1/FA: none=0.04/236  13sc avg=0.14/3  13snc avg=0.14/3  29sc avg=0.06/2  29snc avg=0.06/1  61sc avg=0.00/1  61snc avg=0.00/0  125sc avg=0.10/3  125snc avg=0.00/1  13sc=0.19/20  13snc=0.14/26  29sc=0.11/7  29snc=0.16/29  61sc=0.14/15  61snc=0.14/23  125sc=0.10/13  125snc=0.12/23
chb08 fold 0 (16s) F1/FA: none=0.49/73  13sc avg=0.51/25  13snc avg=0.53/25  29sc avg=0.14/51  29snc avg=0.46/14  61sc avg=0.05/41  61snc avg=0.33/17  125sc avg=0.03/13  125snc avg=0.67/1  13sc=0.62/24  13snc=0.72/12  29sc=0.69/11  29snc=0.68/8  61sc=0.70/11  61snc=0.60/20  125sc=0.87/5  125snc=0.72/3
chb08 fold 1 (18s) F1/FA: none=0.44/36  13sc avg=0.61/11  13snc avg=0.61/11  29sc avg=0.58/0  29snc avg=0.66/5  61sc avg=0.57/0  61snc avg=0.73/3  125sc avg=0.35/3  125snc avg=0.52/0  13sc=0.70/4  13snc=0.76/1  29sc=0.41/3  29snc=0.84/1  61sc=0.76/3  61snc=0.86/0  125sc=0.78/2  125snc=0.85/0
chb08 fold 2 (17s) F1/FA: none=0.68/28  13sc avg=0.78/4  13snc avg=0.89/3  29sc avg=0.51/6  29snc avg=0.70/0  61sc avg=0.10/22  61snc avg=0.68/0  125sc avg=0.03/22  125snc avg=0.72/0  13sc=0.85/3  13snc=0.89/1  29sc=0.82/2  29snc=0.85/1  61sc=0.95/2  61snc=0.78/3  125sc=0.91/2  125snc=0.83/1
chb08 fold 3 (20s) F1/FA: none=0.62/32  13sc avg=0.92/2  13snc avg=0.92/2  29sc avg=0.84/0  29snc avg=0.95/0  61sc avg=0.80/0  61snc avg=0.90/0  125sc avg=0.39/4  125snc avg=0.93/0  13sc=0.85/3  13snc=0.85/5  29sc=0.86/3  29snc=0.92/1  61sc=0.89/5  61snc=0.93/0  125sc=0.85/2  125snc=0.95/0
chb08 fold 4 (13s) F1/FA: none=0.44/49  13sc avg=0.62/2  13snc avg=0.62/2  29sc avg=0.51/0  29snc avg=0.62/0  61sc avg=0.41/0  61snc avg=0.68/0  125sc avg=0.49/1  125snc avg=0.55/0  13sc=0.61/3  13snc=0.63/3  29sc=0.58/2  29snc=0.63/2  61sc=0.54/2  61snc=0.66/1  125sc=0.50/2  125snc=0.64/0
chb09 fold 0 (6s) F1/FA: none=0.07/503  13sc avg=0.56/10  13snc avg=0.59/10  29sc avg=0.55/1  29snc avg=0.64/1  61sc avg=0.12/6  61snc avg=0.24/6  125sc avg=0.01/20  125snc avg=0.04/18  13sc=0.57/18  13snc=0.62/19  29sc=0.47/16  29snc=0.50/15  61sc=0.41/31  61snc=0.42/20  125sc=0.54/18  125snc=0.29/49
chb09 fold 1 (5s) F1/FA: none=0.11/274  13sc avg=0.65/13  13snc avg=0.66/12  29sc avg=0.76/2  29snc avg=0.78/4  61sc avg=0.54/1  61snc avg=0.79/0  125sc avg=0.05/41  125snc avg=0.56/5  13sc=0.32/50  13snc=0.22/120  29sc=0.40/49  29snc=0.29/95  61sc=0.44/28  61snc=0.41/36  125sc=0.40/19  125snc=0.30/161
chb09 fold 2 (7s) F1/FA: none=0.22/108  13sc avg=0.79/3  13snc avg=0.79/2  29sc avg=0.73/1  29snc avg=0.73/0  61sc avg=0.47/1  61snc avg=0.64/0  125sc avg=0.14/6  125snc avg=0.21/1  13sc=0.73/10  13snc=0.64/15  29sc=0.76/7  29snc=0.78/6  61sc=0.79/6  61snc=0.77/7  125sc=0.74/12  125snc=0.66/9
chb10 fold 0 (7s) F1/FA: none=0.34/184  13sc avg=0.31/33  13snc avg=0.33/32  29sc avg=0.33/18  29snc avg=0.22/19  61sc avg=0.12/16  61snc avg=0.16/14  125sc avg=0.05/20  125snc avg=0.12/6  13sc=0.28/65  13snc=0.61/25  29sc=0.29/59  29snc=0.36/53  61sc=0.35/47  61snc=0.35/49  125sc=0.26/52  125snc=0.43/33
chb10 fold 1 (14s) F1/FA: none=0.43/31  13sc avg=0.59/0  13snc avg=0.80/0  29sc avg=0.67/0  29snc avg=0.85/0  61sc avg=0.47/0  61snc avg=0.75/0  125sc avg=0.20/2  125snc avg=0.00/0  13sc=0.93/3  13snc=0.91/1  29sc=0.93/1  29snc=0.95/0  61sc=0.90/7  61snc=0.95/0  125sc=0.91/6  125snc=0.93/0
chb10 fold 2 (9s) F1/FA: none=0.54/48  13sc avg=0.84/2  13snc avg=0.88/2  29sc avg=0.77/0  29snc avg=0.92/0  61sc avg=0.45/0  61snc avg=0.91/0  125sc avg=0.10/3  125snc avg=0.89/0  13sc=0.80/8  13snc=0.83/5  29sc=0.73/10  29snc=0.86/2  61sc=0.80/4  61snc=0.88/2  125sc=0.78/10  125snc=0.86/2
chb10 fold 3 (10s) F1/FA: none=0.75/7  13sc avg=0.89/0  13snc avg=0.95/0  29sc avg=0.76/0  29snc avg=0.94/0  61sc avg=0.52/1  61snc avg=0.88/0  125sc avg=0.24/1  125snc avg=0.73/0  13sc=0.89/1  13snc=0.86/5  29sc=0.89/0  29snc=0.93/1  61sc=0.88/0  61snc=0.94/1  125sc=0.91/0  125snc=0.93/0
chb10 fold 4 (9s) F1/FA: none=0.46/36  13sc avg=0.63/2  13snc avg=0.64/2  29sc avg=0.57/3  29snc avg=0.62/2  61sc avg=0.40/2  61snc avg=0.45/1  125sc avg=0.08/2  125snc avg=0.23/1  13sc=0.81/2  13snc=0.87/2  29sc=0.83/4  29snc=0.75/3  61sc=0.81/3  61snc=0.68/4  125sc=0.79/3  125snc=0.67/5
chb11 fold 0 (11s) F1/FA: none=0.36/9  13sc avg=0.80/0  13snc avg=0.90/0  29sc avg=0.49/0  29snc avg=0.83/0  61sc avg=0.00/0  61snc avg=0.00/0  125sc avg=0.00/0  125snc avg=0.00/0  13sc=0.82/0  13snc=0.87/0  29sc=0.91/0  29snc=0.91/0  61sc=0.62/0  61snc=0.93/0  125sc=0.53/0  125snc=0.91/0
chb11 fold 1 (13s) F1/FA: none=0.34/37  13sc avg=0.76/2  13snc avg=0.93/0  29sc avg=0.63/0  29snc avg=0.93/0  61sc avg=0.39/1  61snc avg=0.95/0  125sc avg=0.00/2  125snc avg=0.00/0  13sc=0.81/2  13snc=0.92/0  29sc=0.71/6  29snc=0.95/0  61sc=0.81/3  61snc=0.95/0  125sc=0.84/0  125snc=0.94/0
chb11 fold 2 (4s) F1/FA: none=0.57/42  13sc avg=0.88/1  13snc avg=0.90/5  29sc avg=0.95/3  29snc avg=0.93/1  61sc avg=0.70/7  61snc avg=0.95/0  125sc avg=0.71/3  125snc avg=0.72/2  13sc=0.64/0  13snc=0.85/12  29sc=0.86/5  29snc=0.89/22  61sc=0.72/0  61snc=0.88/26  125sc=0.70/0  125snc=0.81/9
chb12 fold 0 (20s) F1/FA: none=0.48/19  13sc avg=0.58/4  13snc avg=0.64/3  29sc avg=0.51/2  29snc avg=0.65/3  61sc avg=0.28/1  61snc avg=0.66/1  125sc avg=0.09/2  125snc avg=0.23/0  13sc=0.60/6  13snc=0.64/6  29sc=0.63/4  29snc=0.64/5  61sc=0.62/5  61snc=0.65/3  125sc=0.63/5  125snc=0.64/3
chb12 fold 1 (19s) F1/FA: none=0.56/22  13sc avg=0.66/0  13snc avg=0.88/1  29sc avg=0.50/1  29snc avg=0.87/0  61sc avg=0.28/0  61snc avg=0.59/0  125sc avg=0.24/2  125snc avg=0.00/0  13sc=0.80/3  13snc=0.88/1  29sc=0.80/2  29snc=0.88/1  61sc=0.83/3  61snc=0.91/0  125sc=0.80/6  125snc=0.89/0
chb12 fold 2 (41s) F1/FA: none=0.52/7  13sc avg=0.58/0  13snc avg=0.60/0  29sc avg=0.65/0  29snc avg=0.66/0  61sc avg=0.43/1  61snc avg=0.69/0  125sc avg=0.25/4  125snc avg=0.52/0  13sc=0.47/0  13snc=0.72/0  29sc=0.52/0  29snc=0.67/0  61sc=0.72/1  61snc=0.61/0  125sc=0.61/0  125snc=0.38/0
chb12 fold 3 (32s) F1/FA: none=0.59/28  13sc avg=0.54/2  13snc avg=0.69/2  29sc avg=0.40/2  29snc avg=0.74/2  61sc avg=0.22/2  61snc avg=0.48/1  125sc avg=0.10/3  125snc avg=0.34/2  13sc=0.71/3  13snc=0.74/3  29sc=0.71/3  29snc=0.73/3  61sc=0.69/2  61snc=0.76/4  125sc=0.72/3  125snc=0.75/3
chb12 fold 4 (25s) F1/FA: none=0.32/26  13sc avg=0.39/7  13snc avg=0.38/6  29sc avg=0.23/8  29snc avg=0.35/4  61sc avg=0.12/9  61snc avg=0.27/4  125sc avg=0.06/10  125snc avg=0.00/3  13sc=0.37/12  13snc=0.40/10  29sc=0.44/8  29snc=0.38/8  61sc=0.39/19  61snc=0.39/6  125sc=0.39/16  125snc=0.38/5
chb13 fold 0 (6s) F1/FA: none=0.27/38  13sc avg=0.31/3  13snc avg=0.56/3  29sc avg=0.00/2  29snc avg=0.31/0  61sc avg=0.00/0  61snc avg=0.00/0  125sc avg=0.00/3  125snc avg=0.00/0  13sc=0.26/16  13snc=0.28/14  29sc=0.22/27  29snc=0.24/27  61sc=0.16/9  61snc=0.37/11  125sc=0.18/15  125snc=0.45/4
chb13 fold 1 (12s) F1/FA: none=0.34/35  13sc avg=0.53/0  13snc avg=0.53/0  29sc avg=0.31/4  29snc avg=0.37/0  61sc avg=0.08/2  61snc avg=0.57/1  125sc avg=0.06/1  125snc avg=0.11/3  13sc=0.44/1  13snc=0.48/3  29sc=0.64/2  29snc=0.26/0  61sc=0.35/1  61snc=0.57/2  125sc=0.71/1  125snc=0.60/2
chb13 fold 2 (7s) F1/FA: none=0.21/0  13sc avg=0.59/0  13snc avg=0.59/0  29sc avg=0.43/1  29snc avg=0.53/0  61sc avg=0.02/1  61snc avg=0.47/1  125sc avg=0.02/1  125snc avg=0.51/1  13sc=0.55/4  13snc=0.53/3  29sc=0.51/6  29snc=0.47/8  61sc=0.47/1  61snc=0.42/1  125sc=0.51/4  125snc=0.18/0
chb13 fold 3 (20s) F1/FA: none=0.62/4  13sc avg=0.60/0  13snc avg=0.68/0  29sc avg=0.48/0  29snc avg=0.63/0  61sc avg=0.14/0  61snc avg=0.59/0  125sc avg=0.06/0  125snc avg=0.39/0  13sc=0.58/3  13snc=0.74/4  29sc=0.57/4  29snc=0.78/2  61sc=0.58/8  61snc=0.81/2  125sc=0.77/10  125snc=0.79/2
chb13 fold 4 (7s) F1/FA: none=0.52/15  13sc avg=0.53/1  13snc avg=0.59/1  29sc avg=0.28/4  29snc avg=0.57/0  61sc avg=0.20/4  61snc avg=0.37/1  125sc avg=0.10/12  125snc avg=0.38/1  13sc=0.58/8  13snc=0.62/4  29sc=0.60/6  29snc=0.63/2  61sc=0.60/3  61snc=0.63/2  125sc=0.62/2  125snc=0.63/2
chb14 fold 0 (4s) F1/FA: none=0.10/236  13sc avg=0.03/180  13snc avg=0.03/179  29sc avg=0.02/116  29snc avg=0.03/115  61sc avg=0.01/4  61snc avg=0.01/4  125sc avg=0.01/4  125snc avg=0.01/4  13sc=0.23/53  13snc=0.38/40  29sc=0.07/180  29snc=0.23/49  61sc=0.07/151  61snc=0.17/65  125sc=0.07/146  125snc=0.13/86
chb14 fold 1 (9s) F1/FA: none=0.05/4  13sc avg=0.35/0  13snc avg=0.52/0  29sc avg=0.11/3  29snc avg=0.26/0  61sc avg=0.00/7  61snc avg=0.22/5  125sc avg=0.01/33  125snc avg=0.03/29  13sc=0.33/0  13snc=0.45/0  29sc=0.21/0  29snc=0.58/0  61sc=0.26/0  61snc=0.58/0  125sc=0.44/0  125snc=0.58/0
chb14 fold 2 (9s) F1/FA: none=0.33/9  13sc avg=0.00/0  13snc avg=0.00/0  29sc avg=0.00/2  29snc avg=0.53/1  61sc avg=0.01/12  61snc avg=0.06/11  125sc avg=0.01/15  125snc avg=0.02/14  13sc=0.53/0  13snc=0.67/0  29sc=0.44/0  29snc=0.44/0  61sc=0.53/0  61snc=0.44/0  125sc=0.53/0  125snc=0.35/0
chb14 fold 3 (12s) F1/FA: none=0.20/22  13sc avg=0.00/1  13snc avg=0.00/1  29sc avg=0.00/0  29snc avg=0.00/0  61sc avg=0.00/26  61snc avg=0.00/8  125sc avg=0.00/11  125snc avg=0.00/19  13sc=0.38/1  13snc=0.52/2  29sc=0.43/4  29snc=0.48/2  61sc=0.44/3  61snc=0.35/2  125sc=0.35/2  125snc=0.38/1
chb14 fold 4 (10s) F1/FA: none=0.00/11  13sc avg=0.56/1  13snc avg=0.58/0  29sc avg=0.13/7  29snc avg=0.57/1  61sc avg=0.02/22  61snc avg=0.19/7  125sc avg=0.01/15  125snc avg=0.02/16  13sc=0.62/4  13snc=0.73/1  29sc=0.46/3  29snc=0.79/1  61sc=0.49/4  61snc=0.74/0  125sc=0.62/4  125snc=0.78/0
chb15 fold 0 (35s) F1/FA: none=0.80/24  13sc avg=0.93/3  13snc avg=0.89/8  29sc avg=0.90/1  29snc avg=0.84/6  61sc avg=0.67/3  61snc avg=0.88/1  125sc avg=0.47/6  125snc avg=0.78/2  13sc=0.91/7  13snc=0.92/2  29sc=0.93/1  29snc=0.94/1  61sc=0.94/1  61snc=0.96/2  125sc=0.95/1  125snc=0.96/0
chb15 fold 1 (16s) F1/FA: none=0.79/75  13sc avg=0.86/14  13snc avg=0.84/14  29sc avg=0.89/2  29snc avg=0.87/4  61sc avg=0.60/0  61snc avg=0.87/1  125sc avg=0.47/0  125snc avg=0.72/1  13sc=0.86/34  13snc=0.86/21  29sc=0.85/25  29snc=0.82/37  61sc=0.82/46  61snc=0.80/55  125sc=0.88/14  125snc=0.85/18
chb15 fold 2 (32s) F1/FA: none=0.79/48  13sc avg=0.95/1  13snc avg=0.86/10  29sc avg=0.91/1  29snc avg=0.91/1  61sc avg=0.60/10  61snc avg=0.92/0  125sc avg=0.58/7  125snc avg=0.85/0  13sc=0.95/4  13snc=0.93/7  29sc=0.95/3  29snc=0.94/2  61sc=0.95/0  61snc=0.92/3  125sc=0.96/1  125snc=0.93/4
chb15 fold 3 (34s) F1/FA: none=0.47/33  13sc avg=0.48/4  13snc avg=0.48/6  29sc avg=0.44/3  29snc avg=0.48/3  61sc avg=0.35/4  61snc avg=0.43/3  125sc avg=0.26/4  125snc avg=0.41/3  13sc=0.48/9  13snc=0.49/6  29sc=0.49/5  29snc=0.49/3  61sc=0.49/6  61snc=0.49/3  125sc=0.49/3  125snc=0.49/4
chb15 fold 4 (26s) F1/FA: none=0.65/40  13sc avg=0.81/5  13snc avg=0.79/8  29sc avg=0.80/2  29snc avg=0.82/2  61sc avg=0.69/1  61snc avg=0.79/2  125sc avg=0.56/0  125snc avg=0.83/1  13sc=0.76/11  13snc=0.83/4  29sc=0.79/6  29snc=0.84/3  61sc=0.79/4  61snc=0.85/3  125sc=0.79/6  125snc=0.86/3
chb16 fold 0 (6s) F1/FA: none=0.00/25  13sc avg=0.01/55  13snc avg=0.00/15  29sc avg=0.00/44  29snc avg=0.00/18  61sc avg=0.00/19  61snc avg=0.00/18  125sc avg=0.00/9  125snc avg=0.00/9  13sc=0.01/53  13snc=0.00/28  29sc=0.02/26  29snc=0.01/35  61sc=0.02/28  61snc=0.02/37  125sc=0.01/51  125snc=0.00/32
chb16 fold 1 (6s) F1/FA: none=0.00/27  13sc avg=0.00/3  13snc avg=0.00/3  29sc avg=0.00/11  29snc avg=0.00/2  61sc avg=0.00/5  61snc avg=0.00/0  125sc avg=0.00/1  125snc avg=0.00/0  13sc=0.00/5  13snc=0.00/3  29sc=0.04/12  29snc=0.00/4  61sc=0.00/5  61snc=0.00/4  125sc=0.00/13  125snc=0.00/4
chb16 fold 2 (7s) F1/FA: none=0.00/0  13sc avg=0.00/0  13snc avg=0.00/0  29sc avg=0.00/0  29snc avg=0.00/0  61sc avg=0.00/0  61snc avg=0.00/0  125sc avg=0.00/0  125snc avg=0.00/0  13sc=0.00/0  13snc=0.00/0  29sc=0.12/2  29snc=0.00/0  61sc=0.00/2  61snc=0.00/0  125sc=0.12/1  125snc=0.00/0
chb16 fold 3 (6s) F1/FA: none=0.00/21  13sc avg=0.00/15  13snc avg=0.00/7  29sc avg=0.00/6  29snc avg=0.00/6  61sc avg=0.00/16  61snc avg=0.00/3  125sc avg=0.00/8  125snc avg=0.00/1  13sc=0.00/12  13snc=0.00/7  29sc=0.00/14  29snc=0.00/2  61sc=0.00/12  61snc=0.00/3  125sc=0.00/13  125snc=0.00/3
chb16 fold 4 (3s) F1/FA: none=0.01/196  13sc avg=0.01/2  13snc avg=0.01/2  29sc avg=0.01/2  29snc avg=0.01/2  61sc avg=0.01/2  61snc avg=0.01/2  125sc avg=0.01/2  125snc avg=0.01/2  13sc=0.01/35  13snc=0.01/21  29sc=0.01/2  29snc=0.01/2  61sc=0.01/2  61snc=0.01/2  125sc=0.01/2  125snc=0.01/2
chb17 fold 0 (3s) F1/FA: none=0.18/290  13sc avg=0.52/12  13snc avg=0.39/24  29sc avg=0.16/20  29snc avg=0.18/19  61sc avg=0.10/21  61snc avg=0.40/4  125sc avg=0.05/14  125snc avg=0.26/4  13sc=0.35/53  13snc=0.29/87  29sc=0.36/40  29snc=0.32/62  61sc=0.40/31  61snc=0.34/66  125sc=0.20/46  125snc=0.42/29
chb17 fold 1 (4s) F1/FA: none=0.46/3  13sc avg=0.65/0  13snc avg=0.65/0  29sc avg=0.82/0  29snc avg=0.82/0  61sc avg=0.71/0  61snc avg=0.87/0  125sc avg=0.42/0  125snc avg=0.97/0  13sc=0.66/0  13snc=0.64/0  29sc=0.70/2  29snc=0.65/0  61sc=0.69/0  61snc=0.72/0  125sc=0.67/0  125snc=0.76/0
chb17 fold 2 (3s) F1/FA: none=0.04/6  13sc avg=0.47/0  13snc avg=0.47/0  29sc avg=0.36/0  29snc avg=0.36/0  61sc avg=0.00/0  61snc avg=0.60/0  125sc avg=0.00/0  125snc avg=0.00/0  13sc=0.65/8  13snc=0.32/0  29sc=0.36/2  29snc=0.15/0  61sc=0.40/1  61snc=0.31/0  125sc=0.40/5  125snc=0.31/0
chb18 fold 0 (8s) F1/FA: none=0.41/12  13sc avg=0.38/0  13snc avg=0.50/0  29sc avg=0.32/0  29snc avg=0.49/0  61sc avg=0.41/2  61snc avg=0.25/0  125sc avg=0.16/6  125snc avg=0.70/0  13sc=0.54/1  13snc=0.57/0  29sc=0.53/2  29snc=0.60/0  61sc=0.49/0  61snc=0.60/0  125sc=0.61/3  125snc=0.61/0
chb18 fold 1 (12s) F1/FA: none=0.40/9  13sc avg=0.40/1  13snc avg=0.38/2  29sc avg=0.26/1  29snc avg=0.38/1  61sc avg=0.09/1  61snc avg=0.34/1  125sc avg=0.04/1  125snc avg=0.15/1  13sc=0.54/4  13snc=0.57/3  29sc=0.59/5  29snc=0.55/3  61sc=0.62/3  61snc=0.50/1  125sc=0.62/1  125snc=0.55/2
chb18 fold 2 (11s) F1/FA: none=0.37/47  13sc avg=0.44/0  13snc avg=0.44/0  29sc avg=0.52/0  29snc avg=0.52/0  61sc avg=0.43/0  61snc avg=0.36/0  125sc avg=0.01/14  125snc avg=0.65/0  13sc=0.51/2  13snc=0.54/0  29sc=0.50/4  29snc=0.58/0  61sc=0.53/7  61snc=0.52/0  125sc=0.68/5  125snc=0.61/0
chb18 fold 3 (7s) F1/FA: none=0.66/22  13sc avg=0.71/0  13snc avg=0.80/0  29sc avg=0.60/0  29snc avg=0.76/0  61sc avg=0.37/1  61snc avg=0.78/0  125sc avg=0.04/6  125snc avg=0.56/0  13sc=0.83/1  13snc=0.86/3  29sc=0.86/8  29snc=0.83/2  61sc=0.73/19  61snc=0.89/0  125sc=0.92/0  125snc=0.80/3
chb18 fold 4 (13s) F1/FA: none=0.44/37  13sc avg=0.46/3  13snc avg=0.54/3  29sc avg=0.33/3  29snc avg=0.51/3  61sc avg=0.11/4  61snc avg=0.28/0  125sc avg=0.03/20  125snc avg=0.21/1  13sc=0.70/5  13snc=0.51/4  29sc=0.59/11  29snc=0.52/4  61sc=0.80/4  61snc=0.47/2  125sc=0.83/7  125snc=0.51/2
chb19 fold 0 (4s) F1/FA: none=0.13/130  13sc avg=0.22/32  13snc avg=0.22/31  29sc avg=0.16/26  29snc avg=0.30/7  61sc avg=0.14/10  61snc avg=0.32/5  125sc avg=0.06/5  125snc avg=0.29/1  13sc=0.19/36  13snc=0.20/40  29sc=0.18/36  29snc=0.16/61  61sc=0.20/40  61snc=0.18/55  125sc=0.17/50  125snc=0.21/38
chb19 fold 1 (3s) F1/FA: none=0.41/37  13sc avg=0.48/12  13snc avg=0.52/12  29sc avg=0.16/20  29snc avg=0.19/19  61sc avg=0.17/4  61snc avg=0.26/3  125sc avg=0.06/16  125snc avg=0.50/0  13sc=0.34/43  13snc=0.36/45  29sc=0.40/24  29snc=0.43/24  61sc=0.42/18  61snc=0.36/35  125sc=0.32/28  125snc=0.35/39
chb19 fold 2 (6s) F1/FA: none=0.15/38  13sc avg=0.00/2  13snc avg=0.00/2  29sc avg=0.00/1  29snc avg=0.00/1  61sc avg=0.00/0  61snc avg=0.00/0  125sc avg=0.26/2  125snc avg=0.44/0  13sc=0.52/1  13snc=0.11/17  29sc=0.68/0  29snc=0.13/8  61sc=0.41/0  61snc=0.14/5  125sc=0.80/2  125snc=0.17/1
chb20 fold 0 (6s) F1/FA: none=0.12/132  13sc avg=0.20/23  13snc avg=0.24/23  29sc avg=0.14/17  29snc avg=0.29/16  61sc avg=0.04/27  61snc avg=0.18/10  125sc avg=0.02/42  125snc avg=0.00/5  13sc=0.19/42  13snc=0.13/106  29sc=0.18/35  29snc=0.20/44  61sc=0.19/31  61snc=0.27/24  125sc=0.20/20  125snc=0.31/16
chb20 fold 1 (9s) F1/FA: none=0.40/15  13sc avg=0.68/1  13snc avg=0.86/0  29sc avg=0.41/2  29snc avg=0.80/0  61sc avg=0.20/2  61snc avg=0.59/0  125sc avg=0.06/4  125snc avg=0.46/1  13sc=0.79/3  13snc=0.86/0  29sc=0.78/2  29snc=0.76/0  61sc=0.72/2  61snc=0.76/0  125sc=0.81/0  125snc=0.88/0
chb20 fold 2 (7s) F1/FA: none=0.23/121  13sc avg=0.61/1  13snc avg=0.75/1  29sc avg=0.44/0  29snc avg=0.81/0  61sc avg=0.31/0  61snc avg=0.82/0  125sc avg=0.06/11  125snc avg=0.52/0  13sc=0.58/5  13snc=0.58/11  29sc=0.64/3  29snc=0.72/3  61sc=0.55/8  61snc=0.83/2  125sc=0.64/4  125snc=0.71/3
chb20 fold 3 (8s) F1/FA: none=0.09/41  13sc avg=0.27/4  13snc avg=0.27/4  29sc avg=0.14/0  29snc avg=0.47/0  61sc avg=0.00/1  61snc avg=0.41/0  125sc avg=0.00/8  125snc avg=0.55/0  13sc=0.12/13  13snc=0.14/9  29sc=0.13/11  29snc=0.16/8  61sc=0.16/11  61snc=0.24/7  125sc=0.20/8  125snc=0.26/11
chb20 fold 4 (7s) F1/FA: none=0.31/69  13sc avg=0.43/2  13snc avg=0.48/2  29sc avg=0.33/3  29snc avg=0.51/1  61sc avg=0.22/4  61snc avg=0.55/1  125sc avg=0.11/6  125snc avg=0.43/1  13sc=0.49/7  13snc=0.45/11  29sc=0.47/4  29snc=0.51/4  61sc=0.46/4  61snc=0.49/2  125sc=0.45/5  125snc=0.48/7
chb21 fold 0 (7s) F1/FA: none=0.21/86  13sc avg=0.69/3  13snc avg=0.89/1  29sc avg=0.47/4  29snc avg=0.82/1  61sc avg=0.28/6  61snc avg=0.68/1  125sc avg=0.14/5  125snc avg=0.51/2  13sc=0.60/1  13snc=0.81/1  29sc=0.47/2  29snc=0.87/2  61sc=0.71/8  61snc=0.84/3  125sc=0.82/4  125snc=0.88/1
chb21 fold 1 (6s) F1/FA: none=0.22/92  13sc avg=0.64/2  13snc avg=0.74/1  29sc avg=0.37/3  29snc avg=0.76/0  61sc avg=0.23/3  61snc avg=0.48/2  125sc avg=0.09/3  125snc avg=0.67/0  13sc=0.59/5  13snc=0.66/8  29sc=0.61/5  29snc=0.72/2  61sc=0.63/3  61snc=0.75/1  125sc=0.64/5  125snc=0.71/3
chb21 fold 2 (6s) F1/FA: none=0.36/145  13sc avg=0.90/1  13snc avg=0.98/0  29sc avg=0.64/5  29snc avg=0.94/0  61sc avg=0.43/5  61snc avg=0.85/0  125sc avg=0.25/5  125snc avg=0.52/1  13sc=0.92/2  13snc=0.96/0  29sc=0.88/1  29snc=0.91/0  61sc=0.90/1  61snc=0.98/0  125sc=0.47/0  125snc=0.97/0
chb21 fold 3 (5s) F1/FA: none=0.01/154  13sc avg=0.49/4  13snc avg=0.49/4  29sc avg=0.12/2  29snc avg=0.71/2  61sc avg=0.00/2  61snc avg=0.52/0  125sc avg=0.00/5  125snc avg=0.00/0  13sc=0.33/4  13snc=0.30/7  29sc=0.39/6  29snc=0.56/1  61sc=0.69/4  61snc=0.65/1  125sc=0.60/6  125snc=0.48/2
chb22 fold 0 (3s) F1/FA: none=0.37/89  13sc avg=0.80/2  13snc avg=0.90/2  29sc avg=0.64/0  29snc avg=0.87/0  61sc avg=0.32/0  61snc avg=0.82/0  125sc avg=0.17/1  125snc avg=0.70/0  13sc=0.88/2  13snc=0.88/3  29sc=0.85/0  29snc=0.89/4  61sc=0.85/0  61snc=0.91/3  125sc=0.86/0  125snc=0.93/1
chb22 fold 1 (4s) F1/FA: none=0.32/103  13sc avg=0.71/0  13snc avg=0.75/0  29sc avg=0.52/0  29snc avg=0.70/0  61sc avg=0.19/4  61snc avg=0.80/0  125sc avg=0.10/7  125snc avg=0.77/0  13sc=0.70/2  13snc=0.68/5  29sc=0.69/2  29snc=0.71/3  61sc=0.67/0  61snc=0.77/0  125sc=0.74/2  125snc=0.76/0
chb22 fold 2 (4s) F1/FA: none=0.55/41  13sc avg=0.82/0  13snc avg=0.91/0  29sc avg=0.69/2  29snc avg=0.86/2  61sc avg=0.45/1  61snc avg=0.85/0  125sc avg=0.17/10  125snc avg=0.73/0  13sc=0.85/1  13snc=0.87/0  29sc=0.86/0  29snc=0.91/0  61sc=0.81/6  61snc=0.92/0  125sc=0.85/3  125snc=0.94/0
chb23 fold 0 (7s) F1/FA: none=0.44/77  13sc avg=0.80/7  13snc avg=0.81/7  29sc avg=0.87/2  29snc avg=0.78/4  61sc avg=0.72/0  61snc avg=0.58/2  125sc avg=0.23/2  125snc avg=0.77/1  13sc=0.75/8  13snc=0.67/9  29sc=0.73/8  29snc=0.72/6  61sc=0.73/8  61snc=0.77/6  125sc=0.70/8  125snc=0.65/5
chb23 fold 1 (8s) F1/FA: none=0.15/267  13sc avg=0.51/1  13snc avg=0.61/1  29sc avg=0.27/2  29snc avg=0.56/1  61sc avg=0.14/5  61snc avg=0.24/1  125sc avg=0.01/21  125snc avg=0.00/1  13sc=0.53/2  13snc=0.58/4  29sc=0.52/4  29snc=0.58/1  61sc=0.53/6  61snc=0.62/1  125sc=0.55/8  125snc=0.62/1
chb23 fold 2 (6s) F1/FA: none=0.58/54  13sc avg=0.74/3  13snc avg=0.77/2  29sc avg=0.57/3  29snc avg=0.76/1  61sc avg=0.46/1  61snc avg=0.80/1  125sc avg=0.32/2  125snc avg=0.83/0  13sc=0.75/3  13snc=0.77/3  29sc=0.76/3  29snc=0.75/2  61sc=0.76/3  61snc=0.78/1  125sc=0.76/2  125snc=0.77/1
chb24 fold 0 (8s) F1/FA: none=0.57/21  13sc avg=0.50/2  13snc avg=0.70/3  29sc avg=0.28/4  29snc avg=0.72/3  61sc avg=0.09/13  61snc avg=0.28/10  125sc avg=0.02/32  125snc avg=0.00/1  13sc=0.54/27  13snc=0.63/2  29sc=0.62/5  29snc=0.60/19  61sc=0.52/8  61snc=0.65/2  125sc=0.61/8  125snc=0.64/5
chb24 fold 1 (17s) F1/FA: none=0.30/11  13sc avg=0.38/5  13snc avg=0.38/5  29sc avg=0.46/5  29snc avg=0.66/4  61sc avg=0.25/5  61snc avg=0.37/3  125sc avg=0.03/11  125snc avg=0.07/12  13sc=0.56/6  13snc=0.61/5  29sc=0.53/6  29snc=0.56/5  61sc=0.53/6  61snc=0.65/3  125sc=0.44/6  125snc=0.65/3
chb24 fold 2 (17s) F1/FA: none=0.26/0  13sc avg=0.54/0  13snc avg=0.57/0  29sc avg=0.54/1  29snc avg=0.74/0  61sc avg=0.38/2  61snc avg=0.74/0  125sc avg=0.03/22  125snc avg=0.16/3  13sc=0.63/0  13snc=0.72/0  29sc=0.58/0  29snc=0.63/0  61sc=0.57/1  61snc=0.53/0  125sc=0.47/0  125snc=0.61/0
chb24 fold 3 (12s) F1/FA: none=0.58/17  13sc avg=0.51/8  13snc avg=0.61/8  29sc avg=0.33/4  29snc avg=0.65/4  61sc avg=0.06/15  61snc avg=0.11/15  125sc avg=0.02/14  125snc avg=0.03/12  13sc=0.59/13  13snc=0.68/7  29sc=0.64/12  29snc=0.65/6  61sc=0.64/11  61snc=0.65/8  125sc=0.56/18  125snc=0.66/8
chb24 fold 4 (8s) F1/FA: none=0.62/20  13sc avg=0.77/0  13snc avg=0.85/0  29sc avg=0.50/1  29snc avg=0.87/1  61sc avg=0.09/0  61snc avg=0.50/0  125sc avg=0.02/15  125snc avg=0.13/10  13sc=0.47/43  13snc=0.66/12  29sc=0.60/27  29snc=0.46/43  61sc=0.72/4  61snc=0.75/3  125sc=0.73/5  125snc=0.72/6

# Experiment B3: Long temporal context, continuous EEG

Frozen grouped spatial encoder (per-second classifier, its own output = **none**, no context). **avg** rows: non-learned moving average of the `none` probabilities over the same window (control). TCN rows: `TemporalHead` TCN over the per-second embeddings with receptive field 13/29/61/125 s, causal (past only) and non-causal (both sides). Evaluated on whole test recordings, seizure-free ones included: 24 patients, 952 test hours. Threshold per model and fold = best per-second F1 on validation seconds. See `experiments/experiment_b3_long_context.md`.

Events: positive seconds, gaps < 10 s merged. A seizure is detected if an event overlaps it; latency = first detected second − onset; an event overlapping no seizure is a false alarm. Boundary seconds: within ±2 s of an onset or offset. Per-fold rows: `b3_long_context_folds.csv`.

## Pooled over patients and folds

| Model | F1 (all s) | F1 (boundary s) | Seizures detected | False alarms / h | Median latency (s) |
|---|---|---|---|---|---|
| none | 0.302 | 0.335 | 93.9 % | 9.50 | 3 |
| 13s causal avg | 0.241 | 0.446 | 91.7 % | 1.19 | 10 |
| 13s non-causal avg | 0.339 | 0.396 | 91.7 % | 0.95 | 4 |
| 29s causal avg | 0.200 | 0.445 | 86.2 % | 0.91 | 15 |
| 29s non-causal avg | 0.316 | 0.491 | 90.6 % | 0.73 | 4 |
| 61s causal avg | 0.093 | 0.440 | 75.7 % | 0.80 | 22 |
| 61s non-causal avg | 0.168 | 0.489 | 78.5 % | 0.49 | 0 |
| 125s causal avg | 0.040 | 0.462 | 74.0 % | 1.18 | 20 |
| 125s non-causal avg | 0.132 | 0.465 | 57.5 % | 0.44 | 0 |
| 13s causal | 0.378 | 0.404 | 96.1 % | 2.64 | 5 |
| 13s non-causal | 0.465 | 0.443 | 95.6 % | 2.50 | 2 |
| 29s causal | 0.385 | 0.426 | 95.6 % | 1.97 | 5 |
| 29s non-causal | 0.368 | 0.470 | 94.5 % | 2.57 | 2 |
| 61s causal | 0.305 | 0.429 | 95.0 % | 1.86 | 5 |
| 61s non-causal | 0.349 | 0.498 | 94.5 % | 2.23 | 2 |
| 125s causal | 0.208 | 0.463 | 96.1 % | 1.34 | 5 |
| 125s non-causal | 0.242 | 0.505 | 92.8 % | 1.59 | 2 |

## Paired comparison with no context

Per-patient F1 (all seconds) and false alarms per hour: mean difference, patients improved, two-sided Wilcoxon signed-rank p-value (— with fewer than 5 patients). No correction for multiple comparisons.

| Model | F1 − none | wins | p | FA/h − none | fewer FA | p |
|---|---|---|---|---|---|---|
| 13s causal avg | +0.163 | 21 / 24 | <0.001 | -8.24 | 24 / 24 | <0.001 |
| 13s non-causal avg | +0.221 | 22 / 24 | <0.001 | -8.44 | 24 / 24 | <0.001 |
| 29s causal avg | +0.075 | 13 / 24 | 0.169 | -8.53 | 24 / 24 | <0.001 |
| 29s non-causal avg | +0.190 | 21 / 24 | <0.001 | -8.84 | 24 / 24 | <0.001 |
| 61s causal avg | -0.090 | 7 / 24 | 0.031 | -8.70 | 24 / 24 | <0.001 |
| 61s non-causal avg | +0.122 | 16 / 24 | 0.018 | -9.13 | 24 / 24 | <0.001 |
| 125s causal avg | -0.203 | 2 / 24 | <0.001 | -8.29 | 23 / 24 | <0.001 |
| 125s non-causal avg | +0.049 | 13 / 24 | 0.252 | -9.16 | 24 / 24 | <0.001 |
| 13s causal | +0.184 | 23 / 24 | <0.001 | -6.55 | 22 / 24 | <0.001 |
| 13s non-causal | +0.221 | 23 / 24 | <0.001 | -6.86 | 23 / 24 | <0.001 |
| 29s causal | +0.177 | 22 / 24 | <0.001 | -7.33 | 24 / 24 | <0.001 |
| 29s non-causal | +0.207 | 23 / 24 | <0.001 | -6.82 | 22 / 24 | <0.001 |
| 61s causal | +0.189 | 22 / 24 | <0.001 | -7.50 | 24 / 24 | <0.001 |
| 61s non-causal | +0.223 | 23 / 24 | <0.001 | -7.20 | 23 / 24 | <0.001 |
| 125s causal | +0.188 | 21 / 24 | <0.001 | -7.94 | 24 / 24 | <0.001 |
| 125s non-causal | +0.225 | 22 / 24 | <0.001 | -8.02 | 24 / 24 | <0.001 |

## TCN vs. moving average with the same context

Same comparison, each TCN against the non-learned moving average of the no-context probabilities over the same window (`avg` rows). Positive F1 / fewer FA = the learned temporal layer does more than averaging.

| TCN | F1 − avg | wins | p | FA/h − avg | fewer FA | p |
|---|---|---|---|---|---|---|
| 13s causal | +0.021 | 16 / 24 | 0.241 | +1.69 | 4 / 24 | 0.002 |
| 13s non-causal | +0.000 | 11 / 24 | 0.623 | +1.58 | 4 / 24 | 0.004 |
| 29s causal | +0.102 | 21 / 24 | <0.001 | +1.20 | 3 / 24 | 0.004 |
| 29s non-causal | +0.017 | 12 / 24 | 0.747 | +2.02 | 3 / 24 | <0.001 |
| 61s causal | +0.278 | 24 / 24 | <0.001 | +1.19 | 4 / 24 | 0.006 |
| 61s non-causal | +0.100 | 18 / 24 | 0.005 | +1.93 | 2 / 24 | <0.001 |
| 125s causal | +0.391 | 24 / 24 | <0.001 | +0.35 | 10 / 24 | 0.317 |
| 125s non-causal | +0.176 | 21 / 24 | <0.001 | +1.14 | 2 / 24 | <0.001 |

## Per patient

F1 over all test seconds, best per row in bold.

| Patient | Hours | Seizures | F1 none | F1 13s causal avg | F1 13s non-causal avg | F1 29s causal avg | F1 29s non-causal avg | F1 61s causal avg | F1 61s non-causal avg | F1 125s causal avg | F1 125s non-causal avg | F1 13s causal | F1 13s non-causal | F1 29s causal | F1 29s non-causal | F1 61s causal | F1 61s non-causal | F1 125s causal | F1 125s non-causal |
|---|---|---|---|---|---|---|---|---|---|---|---|---|---|---|---|---|---|---|---|
| chb01 | 40.6 | 7 | 0.606 | 0.763 | 0.847 | 0.609 | 0.857 | 0.400 | 0.769 | 0.232 | 0.620 | 0.810 | 0.847 | 0.797 | 0.835 | 0.772 | 0.854 | 0.827 | **0.889** |
| chb02 | 35.3 | 3 | 0.015 | 0.009 | 0.023 | 0.007 | 0.024 | 0.005 | 0.008 | 0.002 | 0.010 | 0.017 | 0.020 | **0.029** | 0.016 | 0.017 | 0.020 | 0.007 | 0.006 |
| chb03 | 38.0 | 7 | 0.551 | 0.696 | 0.717 | 0.539 | **0.801** | 0.239 | 0.452 | 0.082 | 0.445 | 0.746 | 0.765 | 0.719 | 0.737 | 0.756 | 0.771 | 0.791 | 0.787 |
| chb04 | 156.1 | 4 | 0.070 | 0.369 | 0.384 | 0.334 | 0.293 | 0.255 | **0.401** | 0.110 | 0.251 | 0.294 | 0.261 | 0.311 | 0.292 | 0.367 | 0.291 | 0.321 | 0.292 |
| chb05 | 39.0 | 5 | 0.523 | 0.548 | 0.701 | 0.785 | 0.813 | 0.631 | 0.902 | 0.344 | 0.847 | 0.830 | 0.881 | 0.790 | 0.811 | 0.849 | 0.853 | 0.826 | **0.938** |
| chb06 | 66.7 | 10 | 0.057 | 0.195 | **0.376** | 0.017 | 0.072 | 0.005 | 0.010 | 0.003 | 0.007 | 0.197 | 0.361 | 0.178 | 0.331 | 0.195 | 0.356 | 0.212 | 0.287 |
| chb07 | 67.1 | 3 | 0.103 | 0.103 | **0.454** | 0.145 | 0.172 | 0.160 | 0.261 | 0.010 | 0.202 | 0.234 | 0.285 | 0.201 | 0.250 | 0.256 | 0.227 | 0.367 | 0.316 |
| chb08 | 20.0 | 5 | 0.522 | 0.650 | 0.669 | 0.304 | 0.633 | 0.113 | 0.562 | 0.063 | 0.678 | 0.707 | 0.756 | 0.629 | 0.764 | 0.751 | 0.738 | 0.773 | **0.783** |
| chb09 | 67.9 | 4 | 0.105 | 0.651 | 0.664 | 0.695 | **0.739** | 0.286 | 0.454 | 0.044 | 0.124 | 0.470 | 0.390 | 0.494 | 0.434 | 0.498 | 0.490 | 0.526 | 0.335 |
| chb10 | 50.0 | 7 | 0.444 | 0.503 | 0.545 | 0.497 | 0.433 | 0.212 | 0.308 | 0.079 | 0.246 | 0.526 | **0.782** | 0.533 | 0.607 | 0.588 | 0.597 | 0.498 | 0.644 |
| chb11 | 34.8 | 3 | 0.547 | 0.871 | 0.903 | 0.921 | 0.932 | 0.682 | **0.932** | 0.679 | 0.701 | 0.656 | 0.851 | 0.856 | 0.891 | 0.725 | 0.883 | 0.708 | 0.822 |
| chb12 | 20.7 | 27 | 0.495 | 0.547 | 0.619 | 0.432 | 0.635 | 0.253 | 0.528 | 0.131 | 0.252 | 0.577 | **0.659** | 0.616 | 0.636 | 0.633 | 0.648 | 0.618 | 0.602 |
| chb13 | 11.0 | 10 | 0.419 | 0.519 | **0.597** | 0.313 | 0.529 | 0.045 | 0.420 | 0.040 | 0.349 | 0.476 | 0.522 | 0.468 | 0.485 | 0.454 | 0.580 | 0.463 | 0.592 |
| chb14 | 26.0 | 8 | 0.104 | 0.031 | 0.034 | 0.027 | 0.035 | 0.008 | 0.013 | 0.007 | 0.011 | 0.289 | **0.448** | 0.084 | 0.307 | 0.089 | 0.235 | 0.093 | 0.173 |
| chb15 | 39.0 | 20 | 0.707 | 0.798 | 0.772 | 0.788 | 0.785 | 0.570 | 0.777 | 0.450 | 0.698 | 0.790 | 0.795 | 0.800 | 0.789 | 0.785 | 0.784 | **0.812** | 0.804 |
| chb16 | 17.0 | 8 | **0.009** | 0.006 | 0.006 | 0.005 | 0.005 | 0.005 | 0.005 | 0.005 | 0.005 | 0.006 | 0.006 | 0.006 | 0.006 | 0.006 | 0.006 | 0.006 | 0.006 |
| chb17 | 20.0 | 3 | 0.208 | 0.549 | 0.461 | 0.269 | 0.286 | 0.162 | **0.555** | 0.075 | 0.396 | 0.472 | 0.357 | 0.442 | 0.373 | 0.471 | 0.420 | 0.294 | 0.491 |
| chb18 | 34.6 | 6 | 0.450 | 0.473 | 0.518 | 0.373 | 0.512 | 0.253 | 0.383 | 0.036 | 0.376 | 0.622 | 0.600 | 0.614 | 0.608 | 0.629 | 0.577 | **0.714** | 0.605 |
| chb19 | 28.9 | 3 | 0.186 | 0.282 | 0.297 | 0.151 | 0.207 | 0.145 | 0.266 | 0.080 | **0.378** | 0.304 | 0.240 | 0.328 | 0.232 | 0.291 | 0.237 | 0.305 | 0.258 |
| chb20 | 27.6 | 8 | 0.220 | 0.382 | 0.447 | 0.262 | 0.480 | 0.094 | 0.352 | 0.029 | 0.318 | 0.396 | 0.312 | 0.381 | 0.410 | 0.365 | 0.461 | 0.428 | **0.492** |
| chb21 | 32.8 | 4 | 0.224 | 0.730 | 0.837 | 0.479 | 0.842 | 0.300 | 0.651 | 0.141 | 0.541 | 0.707 | 0.778 | 0.670 | 0.816 | 0.753 | **0.851** | 0.639 | 0.827 |
| chb22 | 31.0 | 3 | 0.391 | 0.781 | 0.855 | 0.629 | 0.819 | 0.286 | 0.824 | 0.141 | 0.737 | 0.811 | 0.809 | 0.800 | 0.834 | 0.777 | 0.868 | 0.817 | **0.882** |
| chb23 | 26.6 | 7 | 0.364 | 0.709 | **0.748** | 0.591 | 0.723 | 0.415 | 0.650 | 0.097 | 0.722 | 0.706 | 0.699 | 0.700 | 0.705 | 0.702 | 0.744 | 0.698 | 0.699 |
| chb24 | 21.3 | 16 | 0.462 | 0.523 | 0.604 | 0.415 | **0.712** | 0.108 | 0.233 | 0.019 | 0.057 | 0.557 | 0.663 | 0.591 | 0.584 | 0.586 | 0.639 | 0.547 | 0.654 |

False alarms per hour, lowest per row in bold.

| Patient | FA/h none | FA/h 13s causal avg | FA/h 13s non-causal avg | FA/h 29s causal avg | FA/h 29s non-causal avg | FA/h 61s causal avg | FA/h 61s non-causal avg | FA/h 125s causal avg | FA/h 125s non-causal avg | FA/h 13s causal | FA/h 13s non-causal | FA/h 29s causal | FA/h 29s non-causal | FA/h 61s causal | FA/h 61s non-causal | FA/h 125s causal | FA/h 125s non-causal |
|---|---|---|---|---|---|---|---|---|---|---|---|---|---|---|---|---|---|
| chb01 | 2.02 | 0.10 | 0.17 | 0.02 | 0.10 | **0.00** | **0.00** | 0.10 | **0.00** | 0.39 | 0.20 | 0.47 | 0.25 | 0.37 | 0.10 | 0.22 | 0.12 |
| chb02 | 29.55 | 6.49 | 7.71 | 3.37 | 3.43 | 1.67 | 1.62 | 3.54 | **1.22** | 33.74 | 30.03 | 16.96 | 32.21 | 19.00 | 29.86 | 7.49 | 13.81 |
| chb03 | 4.74 | 0.18 | 0.26 | 0.05 | **0.00** | 0.37 | 0.32 | 0.29 | 0.05 | 0.50 | 0.66 | 0.66 | 0.71 | 0.53 | 0.34 | 0.68 | 0.39 |
| chb04 | 7.98 | 0.16 | 0.15 | 0.09 | 0.14 | 0.04 | 0.03 | 0.03 | **0.03** | 0.24 | 0.61 | 0.31 | 0.55 | 0.22 | 0.54 | 0.22 | 0.37 |
| chb05 | 4.44 | 1.28 | 0.64 | 0.10 | 0.28 | 0.05 | **0.00** | 0.15 | **0.00** | 0.67 | 0.31 | 0.92 | 0.44 | 0.36 | 0.31 | 0.87 | 0.13 |
| chb06 | 9.81 | 0.54 | **0.49** | 2.80 | 1.99 | 3.91 | 2.76 | 5.47 | 2.38 | 1.90 | 1.48 | 1.71 | 1.60 | 2.01 | 1.60 | 2.04 | 2.19 |
| chb07 | 15.18 | 3.64 | 0.21 | 1.49 | 1.48 | 0.51 | 0.49 | **0.09** | 0.13 | 4.13 | 3.91 | 3.67 | 5.03 | 2.46 | 3.53 | 0.97 | 2.42 |
| chb08 | 10.90 | 2.20 | 2.15 | 2.85 | 0.95 | 3.15 | 1.00 | 2.15 | **0.05** | 1.85 | 1.10 | 1.05 | 0.65 | 1.15 | 1.20 | 0.65 | 0.20 |
| chb09 | 13.04 | 0.38 | 0.35 | **0.06** | 0.07 | 0.12 | 0.09 | 0.99 | 0.35 | 1.15 | 2.27 | 1.06 | 1.71 | 0.96 | 0.93 | 0.72 | 3.23 |
| chb10 | 6.12 | 0.74 | 0.72 | 0.42 | 0.42 | 0.38 | 0.30 | 0.56 | **0.14** | 1.58 | 0.76 | 1.48 | 1.18 | 1.22 | 1.12 | 1.42 | 0.80 |
| chb11 | 2.53 | 0.09 | 0.14 | 0.09 | 0.03 | 0.23 | **0.00** | 0.14 | 0.06 | 0.06 | 0.34 | 0.32 | 0.63 | 0.09 | 0.75 | **0.00** | 0.26 |
| chb12 | 4.93 | 0.63 | 0.58 | 0.63 | 0.44 | 0.63 | 0.29 | 1.02 | **0.24** | 1.16 | 0.97 | 0.82 | 0.82 | 1.45 | 0.63 | 1.45 | 0.53 |
| chb13 | 8.36 | 0.36 | 0.36 | 1.00 | **0.00** | 0.64 | 0.27 | 1.55 | 0.45 | 2.91 | 2.55 | 4.09 | 3.55 | 2.00 | 1.64 | 2.91 | 0.91 |
| chb14 | 10.85 | 7.00 | 6.92 | 4.92 | 4.50 | 2.73 | **1.35** | 3.00 | 3.15 | 2.23 | 1.65 | 7.19 | 2.00 | 6.08 | 2.58 | 5.85 | 3.35 |
| chb15 | 5.64 | 0.69 | 1.18 | 0.23 | 0.41 | 0.46 | **0.18** | 0.44 | **0.18** | 1.67 | 1.03 | 1.03 | 1.18 | 1.46 | 1.69 | 0.64 | 0.74 |
| chb16 | 15.82 | 4.41 | 1.59 | 3.71 | 1.65 | 2.47 | 1.35 | 1.18 | **0.71** | 6.18 | 3.47 | 3.29 | 2.53 | 2.88 | 2.71 | 4.71 | 2.41 |
| chb17 | 14.95 | 0.60 | 1.20 | 1.00 | 0.95 | 1.05 | **0.20** | 0.70 | **0.20** | 3.05 | 4.35 | 2.20 | 3.10 | 1.60 | 3.30 | 2.55 | 1.45 |
| chb18 | 3.67 | 0.12 | 0.14 | 0.12 | 0.12 | 0.23 | **0.03** | 1.36 | 0.06 | 0.38 | 0.29 | 0.87 | 0.26 | 0.95 | 0.09 | 0.46 | 0.20 |
| chb19 | 7.09 | 1.59 | 1.56 | 1.62 | 0.93 | 0.48 | 0.28 | 0.80 | **0.03** | 2.77 | 3.53 | 2.07 | 3.21 | 2.00 | 3.28 | 2.77 | 2.70 |
| chb20 | 13.69 | 1.12 | 1.09 | 0.80 | 0.62 | 1.23 | 0.40 | 2.57 | **0.25** | 2.54 | 4.96 | 1.99 | 2.14 | 2.03 | 1.27 | 1.34 | 1.34 |
| chb21 | 14.53 | 0.30 | 0.18 | 0.43 | **0.09** | 0.49 | **0.09** | 0.55 | **0.09** | 0.37 | 0.49 | 0.43 | 0.15 | 0.49 | 0.15 | 0.46 | 0.18 |
| chb22 | 7.52 | 0.06 | 0.06 | 0.06 | 0.06 | 0.16 | **0.00** | 0.58 | **0.00** | 0.16 | 0.26 | 0.06 | 0.23 | 0.19 | 0.10 | 0.16 | 0.03 |
| chb23 | 14.99 | 0.41 | 0.38 | 0.26 | 0.23 | 0.23 | 0.15 | 0.94 | **0.08** | 0.49 | 0.60 | 0.56 | 0.34 | 0.64 | 0.30 | 0.68 | 0.26 |
| chb24 | 3.24 | 0.70 | 0.75 | 0.70 | **0.56** | 1.64 | 1.31 | 4.41 | 1.78 | 4.18 | 1.22 | 2.35 | 3.43 | 1.41 | 0.75 | 1.74 | 1.03 |

