 1s chb01 h=16 fold 0: F1=0.892 (6s)
 1s chb01 h=21 fold 0: F1=0.800 (1s)
 1s chb01 h=16 fold 1: F1=0.853 (2s)
 1s chb01 h=21 fold 1: F1=0.729 (1s)
 1s chb01 h=16 fold 2: F1=0.832 (3s)
 1s chb01 h=21 fold 2: F1=0.811 (2s)
 1s chb01 h=16 fold 3: F1=0.941 (3s)
 1s chb01 h=21 fold 3: F1=0.900 (1s)
 1s chb01 h=16 fold 4: F1=0.847 (3s)
 1s chb01 h=21 fold 4: F1=0.826 (1s)
 1s chb18 h=16 fold 0: F1=0.378 (2s)
 1s chb18 h=21 fold 0: F1=0.419 (1s)
 1s chb18 h=16 fold 1: F1=0.639 (2s)
 1s chb18 h=21 fold 1: F1=0.789 (1s)
 1s chb18 h=16 fold 2: F1=0.881 (2s)
 1s chb18 h=21 fold 2: F1=0.810 (1s)
 1s chb18 h=16 fold 3: F1=0.873 (3s)
 1s chb18 h=21 fold 3: F1=0.924 (1s)
 1s chb18 h=16 fold 4: F1=0.877 (1s)
 1s chb18 h=21 fold 4: F1=0.872 (1s)
 1s chb06 h=16 fold 0: F1=0.815 (1s)
 1s chb06 h=21 fold 0: F1=0.815 (1s)
 1s chb06 h=16 fold 1: F1=0.718 (1s)
 1s chb06 h=21 fold 1: F1=0.611 (1s)
 1s chb06 h=16 fold 2: F1=0.729 (1s)
 1s chb06 h=21 fold 2: F1=0.730 (0s)
 1s chb06 h=16 fold 3: F1=0.389 (1s)
 1s chb06 h=21 fold 3: F1=0.322 (1s)
 1s chb06 h=16 fold 4: F1=0.549 (1s)
 1s chb06 h=21 fold 4: F1=0.583 (0s)
 3s chb01 h=16 fold 0: F1=0.857 (2s)
 3s chb01 h=21 fold 0: F1=0.846 (1s)
 3s chb01 h=16 fold 1: F1=0.912 (2s)
 3s chb01 h=21 fold 1: F1=0.886 (1s)
 3s chb01 h=16 fold 2: F1=0.914 (3s)
 3s chb01 h=21 fold 2: F1=0.868 (1s)
 3s chb01 h=16 fold 3: F1=0.929 (3s)
 3s chb01 h=21 fold 3: F1=0.909 (1s)
 3s chb01 h=16 fold 4: F1=0.962 (3s)
 3s chb01 h=21 fold 4: F1=0.935 (1s)
 3s chb18 h=16 fold 0: F1=0.789 (2s)
 3s chb18 h=21 fold 0: F1=0.882 (1s)
 3s chb18 h=16 fold 1: F1=0.894 (1s)
 3s chb18 h=21 fold 1: F1=0.900 (0s)
 3s chb18 h=16 fold 2: F1=0.923 (1s)
 3s chb18 h=21 fold 2: F1=0.872 (0s)
 3s chb18 h=16 fold 3: F1=0.462 (2s)
 3s chb18 h=21 fold 3: F1=0.462 (1s)
 3s chb18 h=16 fold 4: F1=0.923 (1s)
 3s chb18 h=21 fold 4: F1=1.000 (1s)
 3s chb06 h=16 fold 0: F1=0.857 (1s)
 3s chb06 h=21 fold 0: F1=0.750 (0s)
 3s chb06 h=16 fold 1: F1=0.909 (1s)
 3s chb06 h=21 fold 1: F1=0.889 (1s)
 3s chb06 h=16 fold 2: F1=0.750 (1s)
 3s chb06 h=21 fold 2: F1=0.800 (0s)
 3s chb06 h=16 fold 3: F1=0.314 (1s)
 3s chb06 h=21 fold 3: F1=0.290 (1s)
 3s chb06 h=16 fold 4: F1=0.667 (1s)
 3s chb06 h=21 fold 4: F1=0.636 (0s)
 5s chb01 h=16 fold 0: F1=1.000 (3s)
 5s chb01 h=21 fold 0: F1=0.933 (1s)
 5s chb01 h=16 fold 1: F1=0.895 (2s)
 5s chb01 h=21 fold 1: F1=0.900 (1s)
 5s chb01 h=16 fold 2: F1=0.927 (3s)
 5s chb01 h=21 fold 2: F1=0.927 (1s)
 5s chb01 h=16 fold 3: F1=0.944 (3s)
 5s chb01 h=21 fold 3: F1=0.909 (1s)
 5s chb01 h=16 fold 4: F1=0.936 (2s)
 5s chb01 h=21 fold 4: F1=0.939 (1s)
 5s chb18 h=16 fold 0: F1=0.439 (2s)
 5s chb18 h=21 fold 0: F1=0.818 (0s)
 5s chb18 h=16 fold 1: F1=1.000 (1s)
 5s chb18 h=21 fold 1: F1=1.000 (0s)
 5s chb18 h=16 fold 2: F1=0.960 (1s)
 5s chb18 h=21 fold 2: F1=0.833 (0s)
 5s chb18 h=16 fold 3: F1=0.667 (2s)
 5s chb18 h=21 fold 3: F1=0.500 (1s)
 5s chb18 h=16 fold 4: F1=1.000 (1s)
 5s chb18 h=21 fold 4: F1=0.917 (0s)
 5s chb06 h=16 fold 0: F1=0.500 (1s)
 5s chb06 h=21 fold 0: F1=0.667 (0s)
 5s chb06 h=16 fold 1: F1=0.667 (1s)
 5s chb06 h=21 fold 1: F1=0.667 (0s)
 5s chb06 h=16 fold 2: F1=0.640 (1s)
 5s chb06 h=21 fold 2: F1=0.640 (0s)
 5s chb06 h=16 fold 3: F1=0.294 (1s)
 5s chb06 h=21 fold 3: F1=0.235 (1s)
 5s chb06 h=16 fold 4: F1=0.615 (1s)
 5s chb06 h=21 fold 4: F1=0.857 (1s)
 8s chb01 h=16 fold 0: F1=1.000 (3s)
 8s chb01 h=21 fold 0: F1=0.750 (2s)
 8s chb01 h=16 fold 1: F1=0.957 (3s)
 8s chb01 h=21 fold 1: F1=0.957 (1s)
 8s chb01 h=16 fold 2: F1=0.960 (3s)
 8s chb01 h=21 fold 2: F1=0.923 (1s)
 8s chb01 h=16 fold 3: F1=0.857 (3s)
 8s chb01 h=21 fold 3: F1=0.952 (1s)
 8s chb01 h=16 fold 4: F1=1.000 (3s)
 8s chb01 h=21 fold 4: F1=1.000 (1s)
 8s chb18 h=16 fold 0: F1=0.500 (2s)
 8s chb18 h=21 fold 0: F1=0.500 (1s)
 8s chb18 h=16 fold 1: F1=0.455 (2s)
 8s chb18 h=21 fold 1: F1=0.909 (1s)
 8s chb18 h=16 fold 2: F1=0.857 (2s)
 8s chb18 h=21 fold 2: F1=1.000 (0s)
 8s chb18 h=16 fold 3: F1=0.769 (2s)
 8s chb18 h=21 fold 3: F1=0.857 (1s)
 8s chb18 h=16 fold 4: F1=0.848 (1s)
 8s chb18 h=21 fold 4: F1=0.929 (1s)
 8s chb06 h=16 fold 0: F1=0.000 (0s)
 8s chb06 h=21 fold 0: F1=0.667 (0s)
 8s chb06 h=16 fold 1: F1=1.000 (1s)
 8s chb06 h=21 fold 1: F1=1.000 (1s)
 8s chb06 h=16 fold 2: F1=0.571 (1s)
 8s chb06 h=21 fold 2: F1=0.600 (0s)
 8s chb06 h=16 fold 3: F1=0.462 (1s)
 8s chb06 h=21 fold 3: F1=0.333 (0s)
 8s chb06 h=16 fold 4: F1=0.667 (1s)
 8s chb06 h=21 fold 4: F1=1.000 (0s)
10s chb01 h=16 fold 0: F1=0.947 (3s)
10s chb01 h=21 fold 0: F1=1.000 (1s)
10s chb01 h=16 fold 1: F1=0.952 (3s)
10s chb01 h=21 fold 1: F1=1.000 (2s)
10s chb01 h=16 fold 2: F1=1.000 (3s)
10s chb01 h=21 fold 2: F1=1.000 (2s)
10s chb01 h=16 fold 3: F1=0.875 (3s)
10s chb01 h=21 fold 3: F1=0.941 (1s)
10s chb01 h=16 fold 4: F1=1.000 (3s)
10s chb01 h=21 fold 4: F1=1.000 (1s)
10s chb18 h=16 fold 0: F1=0.500 (2s)
10s chb18 h=21 fold 0: F1=0.500 (1s)
10s chb18 h=16 fold 1: F1=0.800 (2s)
10s chb18 h=21 fold 1: F1=0.727 (1s)
10s chb18 h=16 fold 2: F1=0.909 (2s)
10s chb18 h=21 fold 2: F1=0.909 (1s)
10s chb18 h=16 fold 3: F1=0.909 (2s)
10s chb18 h=21 fold 3: F1=0.909 (1s)
10s chb18 h=16 fold 4: F1=0.957 (1s)
10s chb18 h=21 fold 4: F1=0.957 (1s)
10s chb06 h=16 fold 0: F1=0.000 (0s)
10s chb06 h=21 fold 0: F1=1.000 (0s)
10s chb06 h=16 fold 1: F1=1.000 (1s)
10s chb06 h=21 fold 1: F1=1.000 (0s)
10s chb06 h=16 fold 2: F1=0.000 (0s)
10s chb06 h=21 fold 2: F1=1.000 (0s)
10s chb06 h=16 fold 3: F1=0.000 (0s)
10s chb06 h=21 fold 3: F1=0.222 (0s)
10s chb06 h=16 fold 4: F1=0.000 (1s)
10s chb06 h=21 fold 4: F1=1.000 (0s)

Mean F1 (folds averaged per patient, then across patients):
kernel_height     16     21
window_sec                 
1              0.748  0.729
3              0.804  0.795
5              0.766  0.783
8              0.727  0.825
10             0.657  0.878
