 1s chb01 h=1  fold 0: F1=0.923 (9s)
 1s chb01 h=4  fold 0: F1=0.900 (8s)
 1s chb01 h=8  fold 0: F1=0.900 (6s)
 1s chb01 h=16 fold 0: F1=0.889 (5s)
 1s chb01 h=21 fold 0: F1=0.795 (2s)
 1s chb01 h=1  fold 1: F1=0.942 (8s)
 1s chb01 h=4  fold 1: F1=0.926 (7s)
 1s chb01 h=8  fold 1: F1=0.870 (7s)
 1s chb01 h=16 fold 1: F1=0.852 (3s)
 1s chb01 h=21 fold 1: F1=0.760 (2s)
 1s chb01 h=1  fold 2: F1=0.776 (6s)
 1s chb01 h=4  fold 2: F1=0.779 (6s)
 1s chb01 h=8  fold 2: F1=0.857 (4s)
 1s chb01 h=16 fold 2: F1=0.832 (3s)
 1s chb01 h=21 fold 2: F1=0.775 (2s)
 1s chb01 h=1  fold 3: F1=0.966 (6s)
 1s chb01 h=4  fold 3: F1=0.970 (7s)
 1s chb01 h=8  fold 3: F1=0.983 (6s)
 1s chb01 h=16 fold 3: F1=0.941 (3s)
 1s chb01 h=21 fold 3: F1=0.881 (2s)
 1s chb01 h=1  fold 4: F1=0.901 (4s)
 1s chb01 h=4  fold 4: F1=0.889 (5s)
 1s chb01 h=8  fold 4: F1=0.889 (6s)
 1s chb01 h=16 fold 4: F1=0.816 (3s)
 1s chb01 h=21 fold 4: F1=0.822 (1s)
 1s chb18 h=1  fold 0: F1=0.250 (4s)
 1s chb18 h=4  fold 0: F1=0.326 (5s)
 1s chb18 h=8  fold 0: F1=0.400 (4s)
 1s chb18 h=16 fold 0: F1=0.512 (2s)
 1s chb18 h=21 fold 0: F1=0.410 (1s)
 1s chb18 h=1  fold 1: F1=0.605 (6s)
 1s chb18 h=4  fold 1: F1=0.514 (6s)
 1s chb18 h=8  fold 1: F1=0.529 (5s)
 1s chb18 h=16 fold 1: F1=0.629 (2s)
 1s chb18 h=21 fold 1: F1=0.726 (2s)
 1s chb18 h=1  fold 2: F1=0.784 (5s)
 1s chb18 h=4  fold 2: F1=0.770 (5s)
 1s chb18 h=8  fold 2: F1=0.887 (5s)
 1s chb18 h=16 fold 2: F1=0.857 (2s)
 1s chb18 h=21 fold 2: F1=0.752 (1s)
 1s chb18 h=1  fold 3: F1=0.797 (6s)
 1s chb18 h=4  fold 3: F1=0.581 (5s)
 1s chb18 h=8  fold 3: F1=0.909 (3s)
 1s chb18 h=16 fold 3: F1=0.853 (2s)
 1s chb18 h=21 fold 3: F1=0.893 (1s)
 1s chb18 h=1  fold 4: F1=0.862 (4s)
 1s chb18 h=4  fold 4: F1=0.895 (4s)
 1s chb18 h=8  fold 4: F1=0.869 (2s)
 1s chb18 h=16 fold 4: F1=0.877 (1s)
 1s chb18 h=21 fold 4: F1=0.876 (1s)
 1s chb06 h=1  fold 0: F1=0.382 (3s)
 1s chb06 h=4  fold 0: F1=0.686 (3s)
 1s chb06 h=8  fold 0: F1=0.727 (3s)
 1s chb06 h=16 fold 0: F1=0.815 (1s)
 1s chb06 h=21 fold 0: F1=0.857 (1s)
 1s chb06 h=1  fold 1: F1=0.812 (3s)
 1s chb06 h=4  fold 1: F1=0.733 (3s)
 1s chb06 h=8  fold 1: F1=0.605 (3s)
 1s chb06 h=16 fold 1: F1=0.700 (1s)
 1s chb06 h=21 fold 1: F1=0.611 (1s)
 1s chb06 h=1  fold 2: F1=0.402 (2s)
 1s chb06 h=4  fold 2: F1=0.397 (2s)
 1s chb06 h=8  fold 2: F1=0.632 (2s)
 1s chb06 h=16 fold 2: F1=0.746 (1s)
 1s chb06 h=21 fold 2: F1=0.730 (1s)
 1s chb06 h=1  fold 3: F1=0.554 (2s)
 1s chb06 h=4  fold 3: F1=0.565 (2s)
 1s chb06 h=8  fold 3: F1=0.489 (2s)
 1s chb06 h=16 fold 3: F1=0.366 (1s)
 1s chb06 h=21 fold 3: F1=0.337 (1s)
 1s chb06 h=1  fold 4: F1=0.481 (1s)
 1s chb06 h=4  fold 4: F1=0.618 (2s)
 1s chb06 h=8  fold 4: F1=0.517 (1s)
 1s chb06 h=16 fold 4: F1=0.549 (1s)
 1s chb06 h=21 fold 4: F1=0.575 (1s)
 3s chb01 h=1  fold 0: F1=0.960 (9s)
 3s chb01 h=4  fold 0: F1=0.960 (7s)
 3s chb01 h=8  fold 0: F1=0.889 (7s)
 3s chb01 h=16 fold 0: F1=0.857 (2s)
 3s chb01 h=21 fold 0: F1=0.846 (1s)
 3s chb01 h=1  fold 1: F1=0.923 (4s)
 3s chb01 h=4  fold 1: F1=0.968 (7s)
 3s chb01 h=8  fold 1: F1=0.886 (5s)
 3s chb01 h=16 fold 1: F1=0.873 (2s)
 3s chb01 h=21 fold 1: F1=0.873 (1s)
 3s chb01 h=1  fold 2: F1=0.914 (7s)
 3s chb01 h=4  fold 2: F1=0.939 (7s)
 3s chb01 h=8  fold 2: F1=0.955 (6s)
 3s chb01 h=16 fold 2: F1=0.914 (3s)
 3s chb01 h=21 fold 2: F1=0.868 (1s)
 3s chb01 h=1  fold 3: F1=0.906 (8s)
 3s chb01 h=4  fold 3: F1=0.909 (7s)
 3s chb01 h=8  fold 3: F1=0.968 (6s)
 3s chb01 h=16 fold 3: F1=0.909 (2s)
 3s chb01 h=21 fold 3: F1=0.909 (1s)
 3s chb01 h=1  fold 4: F1=0.974 (5s)
 3s chb01 h=4  fold 4: F1=1.000 (6s)
 3s chb01 h=8  fold 4: F1=0.963 (5s)
 3s chb01 h=16 fold 4: F1=0.962 (3s)
 3s chb01 h=21 fold 4: F1=0.935 (1s)
 3s chb18 h=1  fold 0: F1=0.732 (6s)
 3s chb18 h=4  fold 0: F1=0.682 (5s)
 3s chb18 h=8  fold 0: F1=0.600 (4s)
 3s chb18 h=16 fold 0: F1=0.857 (2s)
 3s chb18 h=21 fold 0: F1=0.882 (1s)
 3s chb18 h=1  fold 1: F1=0.809 (5s)
 3s chb18 h=4  fold 1: F1=0.792 (5s)
 3s chb18 h=8  fold 1: F1=0.824 (3s)
 3s chb18 h=16 fold 1: F1=0.913 (2s)
 3s chb18 h=21 fold 1: F1=0.842 (1s)
 3s chb18 h=1  fold 2: F1=0.771 (2s)
 3s chb18 h=4  fold 2: F1=0.813 (3s)
 3s chb18 h=8  fold 2: F1=0.824 (2s)
 3s chb18 h=16 fold 2: F1=0.923 (1s)
 3s chb18 h=21 fold 2: F1=0.872 (0s)
 3s chb18 h=1  fold 3: F1=0.167 (4s)
 3s chb18 h=4  fold 3: F1=0.333 (4s)
 3s chb18 h=8  fold 3: F1=0.462 (3s)
 3s chb18 h=16 fold 3: F1=0.462 (2s)
 3s chb18 h=21 fold 3: F1=0.462 (1s)
 3s chb18 h=1  fold 4: F1=0.900 (4s)
 3s chb18 h=4  fold 4: F1=0.973 (5s)
 3s chb18 h=8  fold 4: F1=0.947 (3s)
 3s chb18 h=16 fold 4: F1=0.923 (1s)
 3s chb18 h=21 fold 4: F1=1.000 (1s)
 3s chb06 h=1  fold 0: F1=0.444 (3s)
 3s chb06 h=4  fold 0: F1=0.571 (3s)
 3s chb06 h=8  fold 0: F1=0.857 (2s)
 3s chb06 h=16 fold 0: F1=0.857 (1s)
 3s chb06 h=21 fold 0: F1=0.857 (0s)
 3s chb06 h=1  fold 1: F1=0.667 (3s)
 3s chb06 h=4  fold 1: F1=0.333 (3s)
 3s chb06 h=8  fold 1: F1=0.909 (2s)
 3s chb06 h=16 fold 1: F1=0.909 (1s)
 3s chb06 h=21 fold 1: F1=0.889 (1s)
 3s chb06 h=1  fold 2: F1=0.520 (2s)
 3s chb06 h=4  fold 2: F1=0.264 (2s)
 3s chb06 h=8  fold 2: F1=0.654 (2s)
 3s chb06 h=16 fold 2: F1=0.735 (1s)
 3s chb06 h=21 fold 2: F1=0.800 (0s)
 3s chb06 h=1  fold 3: F1=0.500 (3s)
 3s chb06 h=4  fold 3: F1=0.075 (2s)
 3s chb06 h=8  fold 3: F1=0.409 (2s)
 3s chb06 h=16 fold 3: F1=0.340 (1s)
 3s chb06 h=21 fold 3: F1=0.290 (1s)
 3s chb06 h=1  fold 4: F1=0.571 (3s)
 3s chb06 h=4  fold 4: F1=0.526 (2s)
 3s chb06 h=8  fold 4: F1=0.556 (2s)
 3s chb06 h=16 fold 4: F1=0.667 (1s)
 3s chb06 h=21 fold 4: F1=0.636 (0s)
 5s chb01 h=1  fold 0: F1=0.875 (9s)
 5s chb01 h=4  fold 0: F1=0.824 (8s)
 5s chb01 h=8  fold 0: F1=0.875 (6s)
 5s chb01 h=16 fold 0: F1=1.000 (3s)
 5s chb01 h=21 fold 0: F1=0.933 (1s)
 5s chb01 h=1  fold 1: F1=0.941 (5s)
 5s chb01 h=4  fold 1: F1=0.914 (7s)
 5s chb01 h=8  fold 1: F1=0.857 (5s)
 5s chb01 h=16 fold 1: F1=0.895 (2s)
 5s chb01 h=21 fold 1: F1=0.900 (1s)
 5s chb01 h=1  fold 2: F1=0.950 (8s)
 5s chb01 h=4  fold 2: F1=0.000 (2s)
 5s chb01 h=8  fold 2: F1=0.895 (6s)
 5s chb01 h=16 fold 2: F1=0.927 (3s)
 5s chb01 h=21 fold 2: F1=0.927 (1s)
 5s chb01 h=1  fold 3: F1=0.571 (8s)
 5s chb01 h=4  fold 3: F1=0.514 (7s)
 5s chb01 h=8  fold 3: F1=0.643 (6s)
 5s chb01 h=16 fold 3: F1=0.944 (3s)
 5s chb01 h=21 fold 3: F1=0.909 (1s)
 5s chb01 h=1  fold 4: F1=0.978 (8s)
 5s chb01 h=4  fold 4: F1=1.000 (7s)
 5s chb01 h=8  fold 4: F1=0.958 (5s)
 5s chb01 h=16 fold 4: F1=0.936 (2s)
 5s chb01 h=21 fold 4: F1=0.939 (1s)
 5s chb18 h=1  fold 0: F1=0.500 (6s)
 5s chb18 h=4  fold 0: F1=0.486 (5s)
 5s chb18 h=8  fold 0: F1=0.529 (4s)
 5s chb18 h=16 fold 0: F1=0.500 (2s)
 5s chb18 h=21 fold 0: F1=0.818 (1s)
 5s chb18 h=1  fold 1: F1=0.917 (6s)
 5s chb18 h=4  fold 1: F1=0.917 (4s)
 5s chb18 h=8  fold 1: F1=0.957 (3s)
 5s chb18 h=16 fold 1: F1=1.000 (1s)
 5s chb18 h=21 fold 1: F1=1.000 (0s)
 5s chb18 h=1  fold 2: F1=0.846 (4s)
 5s chb18 h=4  fold 2: F1=0.815 (5s)
 5s chb18 h=8  fold 2: F1=0.846 (3s)
 5s chb18 h=16 fold 2: F1=0.960 (1s)
 5s chb18 h=21 fold 2: F1=0.833 (0s)
 5s chb18 h=1  fold 3: F1=0.286 (6s)
 5s chb18 h=4  fold 3: F1=0.286 (6s)
 5s chb18 h=8  fold 3: F1=0.500 (5s)
 5s chb18 h=16 fold 3: F1=0.667 (2s)
 5s chb18 h=21 fold 3: F1=0.500 (1s)
 5s chb18 h=1  fold 4: F1=0.939 (2s)
 5s chb18 h=4  fold 4: F1=0.958 (4s)
 5s chb18 h=8  fold 4: F1=0.979 (3s)
 5s chb18 h=16 fold 4: F1=1.000 (2s)
 5s chb18 h=21 fold 4: F1=0.917 (0s)
 5s chb06 h=1  fold 0: F1=0.571 (3s)
 5s chb06 h=4  fold 0: F1=0.571 (3s)
 5s chb06 h=8  fold 0: F1=0.571 (2s)
 5s chb06 h=16 fold 0: F1=0.500 (1s)
 5s chb06 h=21 fold 0: F1=0.667 (0s)
 5s chb06 h=1  fold 1: F1=0.800 (3s)
 5s chb06 h=4  fold 1: F1=0.000 (3s)
 5s chb06 h=8  fold 1: F1=0.500 (2s)
 5s chb06 h=16 fold 1: F1=0.667 (1s)
 5s chb06 h=21 fold 1: F1=0.667 (0s)
 5s chb06 h=1  fold 2: F1=0.000 (2s)
 5s chb06 h=4  fold 2: F1=0.000 (0s)
 5s chb06 h=8  fold 2: F1=0.710 (1s)
 5s chb06 h=16 fold 2: F1=0.696 (1s)
 5s chb06 h=21 fold 2: F1=0.640 (0s)
 5s chb06 h=1  fold 3: F1=0.148 (3s)
 5s chb06 h=4  fold 3: F1=0.154 (2s)
 5s chb06 h=8  fold 3: F1=0.417 (2s)
 5s chb06 h=16 fold 3: F1=0.294 (1s)
 5s chb06 h=21 fold 3: F1=0.333 (1s)
 5s chb06 h=1  fold 4: F1=0.308 (3s)
 5s chb06 h=4  fold 4: F1=0.000 (2s)
 5s chb06 h=8  fold 4: F1=0.667 (2s)
 5s chb06 h=16 fold 4: F1=0.615 (1s)
 5s chb06 h=21 fold 4: F1=0.857 (1s)
10s chb01 h=1  fold 0: F1=0.947 (9s)
10s chb01 h=4  fold 0: F1=1.000 (7s)
10s chb01 h=8  fold 0: F1=1.000 (6s)
10s chb01 h=16 fold 0: F1=0.947 (3s)
10s chb01 h=21 fold 0: F1=1.000 (1s)
10s chb01 h=1  fold 1: F1=1.000 (8s)
10s chb01 h=4  fold 1: F1=0.947 (7s)
10s chb01 h=8  fold 1: F1=0.909 (6s)
10s chb01 h=16 fold 1: F1=0.952 (3s)
10s chb01 h=21 fold 1: F1=1.000 (1s)
10s chb01 h=1  fold 2: F1=1.000 (10s)
10s chb01 h=4  fold 2: F1=0.800 (8s)
10s chb01 h=8  fold 2: F1=0.889 (7s)
10s chb01 h=16 fold 2: F1=1.000 (3s)
10s chb01 h=21 fold 2: F1=1.000 (1s)
10s chb01 h=1  fold 3: F1=0.720 (9s)
10s chb01 h=4  fold 3: F1=0.667 (7s)
10s chb01 h=8  fold 3: F1=0.727 (6s)
10s chb01 h=16 fold 3: F1=0.875 (3s)
10s chb01 h=21 fold 3: F1=0.941 (1s)
10s chb01 h=1  fold 4: F1=0.957 (8s)
10s chb01 h=4  fold 4: F1=1.000 (7s)
10s chb01 h=8  fold 4: F1=1.000 (6s)
10s chb01 h=16 fold 4: F1=1.000 (3s)
10s chb01 h=21 fold 4: F1=1.000 (1s)
10s chb18 h=1  fold 0: F1=0.000 (7s)
10s chb18 h=4  fold 0: F1=0.000 (6s)
10s chb18 h=8  fold 0: F1=0.500 (5s)
10s chb18 h=16 fold 0: F1=0.500 (2s)
10s chb18 h=21 fold 0: F1=0.500 (1s)
10s chb18 h=1  fold 1: F1=0.471 (6s)
10s chb18 h=4  fold 1: F1=0.444 (6s)
10s chb18 h=8  fold 1: F1=0.533 (5s)
10s chb18 h=16 fold 1: F1=0.800 (2s)
10s chb18 h=21 fold 1: F1=0.727 (1s)
10s chb18 h=1  fold 2: F1=0.909 (5s)
10s chb18 h=4  fold 2: F1=0.909 (5s)
10s chb18 h=8  fold 2: F1=1.000 (5s)
10s chb18 h=16 fold 2: F1=0.909 (2s)
10s chb18 h=21 fold 2: F1=0.909 (1s)
10s chb18 h=1  fold 3: F1=0.909 (6s)
10s chb18 h=4  fold 3: F1=0.800 (5s)
10s chb18 h=8  fold 3: F1=0.909 (4s)
10s chb18 h=16 fold 3: F1=0.909 (2s)
10s chb18 h=21 fold 3: F1=0.909 (1s)
10s chb18 h=1  fold 4: F1=0.759 (3s)
10s chb18 h=4  fold 4: F1=0.688 (3s)
10s chb18 h=8  fold 4: F1=0.957 (3s)
10s chb18 h=16 fold 4: F1=0.957 (1s)
10s chb18 h=21 fold 4: F1=0.957 (1s)
10s chb06 h=1  fold 0: F1=0.000 (1s)
10s chb06 h=4  fold 0: F1=0.000 (0s)
10s chb06 h=8  fold 0: F1=0.000 (1s)
10s chb06 h=16 fold 0: F1=0.000 (0s)
10s chb06 h=21 fold 0: F1=1.000 (0s)
10s chb06 h=1  fold 1: F1=0.000 (1s)
10s chb06 h=4  fold 1: F1=0.000 (0s)
10s chb06 h=8  fold 1: F1=0.000 (1s)
10s chb06 h=16 fold 1: F1=1.000 (1s)
10s chb06 h=21 fold 1: F1=1.000 (0s)
10s chb06 h=1  fold 2: F1=0.000 (1s)
10s chb06 h=4  fold 2: F1=0.000 (0s)
10s chb06 h=8  fold 2: F1=0.800 (1s)
10s chb06 h=16 fold 2: F1=0.000 (0s)
10s chb06 h=21 fold 2: F1=1.000 (0s)
10s chb06 h=1  fold 3: F1=0.000 (1s)
10s chb06 h=4  fold 3: F1=0.000 (0s)
10s chb06 h=8  fold 3: F1=0.000 (0s)
10s chb06 h=16 fold 3: F1=0.000 (0s)
10s chb06 h=21 fold 3: F1=0.222 (0s)
10s chb06 h=1  fold 4: F1=0.000 (1s)
10s chb06 h=4  fold 4: F1=0.000 (3s)
10s chb06 h=8  fold 4: F1=0.000 (2s)
10s chb06 h=16 fold 4: F1=0.000 (1s)
10s chb06 h=21 fold 4: F1=1.000 (0s)

Mean F1 (folds averaged per patient, then across patients):
kernel_height     1      4      8      16     21
window_sec                                      
1              0.696  0.703  0.738  0.749  0.720
3              0.717  0.676  0.780  0.807  0.797
5              0.642  0.496  0.727  0.773  0.789
10             0.511  0.484  0.615  0.657  0.878
